Component: ARM Compiler 5.06 update 7 (build 960) Tool: armlink [4d3601]

==============================================================================

Section Cross References

    startup_stm32f407xx.o(STACK) refers (Special) to heapauxi.o(.text) for __use_two_region_memory
    startup_stm32f407xx.o(HEAP) refers (Special) to heapauxi.o(.text) for __use_two_region_memory
    startup_stm32f407xx.o(RESET) refers (Special) to heapauxi.o(.text) for __use_two_region_memory
    startup_stm32f407xx.o(RESET) refers to startup_stm32f407xx.o(STACK) for __initial_sp
    startup_stm32f407xx.o(RESET) refers to startup_stm32f407xx.o(.text) for Reset_Handler
    startup_stm32f407xx.o(RESET) refers to stm32f4xx_it.o(i.NMI_Handler) for NMI_Handler
    startup_stm32f407xx.o(RESET) refers to stm32f4xx_it.o(i.HardFault_Handler) for HardFault_Handler
    startup_stm32f407xx.o(RESET) refers to stm32f4xx_it.o(i.MemManage_Handler) for MemManage_Handler
    startup_stm32f407xx.o(RESET) refers to stm32f4xx_it.o(i.BusFault_Handler) for BusFault_Handler
    startup_stm32f407xx.o(RESET) refers to stm32f4xx_it.o(i.UsageFault_Handler) for UsageFault_Handler
    startup_stm32f407xx.o(RESET) refers to stm32f4xx_it.o(i.SVC_Handler) for SVC_Handler
    startup_stm32f407xx.o(RESET) refers to stm32f4xx_it.o(i.DebugMon_Handler) for DebugMon_Handler
    startup_stm32f407xx.o(RESET) refers to stm32f4xx_it.o(i.PendSV_Handler) for PendSV_Handler
    startup_stm32f407xx.o(RESET) refers to stm32f4xx_it.o(i.SysTick_Handler) for SysTick_Handler
    startup_stm32f407xx.o(RESET) refers to stm32f4xx_it.o(i.DMA1_Stream1_IRQHandler) for DMA1_Stream1_IRQHandler
    startup_stm32f407xx.o(RESET) refers to stm32f4xx_it.o(i.DMA1_Stream3_IRQHandler) for DMA1_Stream3_IRQHandler
    startup_stm32f407xx.o(RESET) refers to stm32f4xx_it.o(i.CAN1_TX_IRQHandler) for CAN1_TX_IRQHandler
    startup_stm32f407xx.o(RESET) refers to stm32f4xx_it.o(i.CAN1_RX0_IRQHandler) for CAN1_RX0_IRQHandler
    startup_stm32f407xx.o(RESET) refers to stm32f4xx_it.o(i.TIM1_UP_TIM10_IRQHandler) for TIM1_UP_TIM10_IRQHandler
    startup_stm32f407xx.o(RESET) refers to stm32f4xx_it.o(i.USART2_IRQHandler) for USART2_IRQHandler
    startup_stm32f407xx.o(RESET) refers to stm32f4xx_it.o(i.USART3_IRQHandler) for USART3_IRQHandler
    startup_stm32f407xx.o(RESET) refers to stm32f4xx_it.o(i.CAN2_TX_IRQHandler) for CAN2_TX_IRQHandler
    startup_stm32f407xx.o(RESET) refers to stm32f4xx_it.o(i.CAN2_RX0_IRQHandler) for CAN2_RX0_IRQHandler
    startup_stm32f407xx.o(.text) refers (Special) to heapauxi.o(.text) for __use_two_region_memory
    startup_stm32f407xx.o(.text) refers to system_stm32f4xx.o(i.SystemInit) for SystemInit
    startup_stm32f407xx.o(.text) refers to __main.o(!!!main) for __main
    startup_stm32f407xx.o(.text) refers to startup_stm32f407xx.o(HEAP) for Heap_Mem
    startup_stm32f407xx.o(.text) refers to startup_stm32f407xx.o(STACK) for Stack_Mem
    bsp_can.o(i.CAN1_cmd_chassis) refers to stm32f4xx_hal_can.o(i.HAL_CAN_AddTxMessage) for HAL_CAN_AddTxMessage
    bsp_can.o(i.CAN1_cmd_chassis) refers to bsp_can.o(.bss) for .bss
    bsp_can.o(i.CAN1_cmd_chassis) refers to bsp_can.o(.data) for .data
    bsp_can.o(i.CAN1_cmd_chassis) refers to can.o(.bss) for hcan1
    bsp_can.o(i.CAN2_cmd_chassis) refers to stm32f4xx_hal_can.o(i.HAL_CAN_AddTxMessage) for HAL_CAN_AddTxMessage
    bsp_can.o(i.CAN2_cmd_chassis) refers to bsp_can.o(.bss) for .bss
    bsp_can.o(i.CAN2_cmd_chassis) refers to bsp_can.o(.data) for .data
    bsp_can.o(i.CAN2_cmd_chassis) refers to can.o(.bss) for hcan2
    bsp_can.o(i.HAL_CAN_RxFifo0MsgPendingCallback) refers to stm32f4xx_hal_can.o(i.HAL_CAN_GetRxMessage) for HAL_CAN_GetRxMessage
    bsp_can.o(i.HAL_CAN_RxFifo0MsgPendingCallback) refers to bsp_can.o(i.circle_cc) for circle_cc
    bsp_can.o(i.HAL_CAN_RxFifo0MsgPendingCallback) refers to stm32f4xx_hal_can.o(i.HAL_CAN_ActivateNotification) for HAL_CAN_ActivateNotification
    bsp_can.o(i.HAL_CAN_RxFifo0MsgPendingCallback) refers to can.o(.bss) for hcan1
    bsp_can.o(i.HAL_CAN_RxFifo0MsgPendingCallback) refers to bsp_can.o(.data) for .data
    bsp_can.o(i.HAL_CAN_RxFifo0MsgPendingCallback) refers to bsp_can.o(.bss) for .bss
    bsp_can.o(i.can_filter_init) refers to stm32f4xx_hal_can.o(i.HAL_CAN_ConfigFilter) for HAL_CAN_ConfigFilter
    bsp_can.o(i.can_filter_init) refers to stm32f4xx_hal_can.o(i.HAL_CAN_Start) for HAL_CAN_Start
    bsp_can.o(i.can_filter_init) refers to stm32f4xx_hal_can.o(i.HAL_CAN_ActivateNotification) for HAL_CAN_ActivateNotification
    bsp_can.o(i.can_filter_init) refers to can.o(.bss) for hcan1
    bsp_can.o(i.get_chassis_motor_measure_point) refers to bsp_can.o(.bss) for .bss
    bsp_can.o(i.get_chassis_motor_measure_point1) refers to bsp_can.o(.bss) for .bss
    bsp_can.o(i.motor_state_update) refers to bsp_can.o(i.get_chassis_motor_measure_point) for get_chassis_motor_measure_point
    bsp_can.o(i.motor_state_update) refers to bsp_can.o(.bss) for .bss
[...]
    i.atan                                   0x08005848   Section        0  atan.o(i.atan)
    i.can_filter_init                        0x08005858   Section        0  bsp_can.o(i.can_filter_init)
    i.circle_cc                              0x08005890   Section        0  bsp_can.o(i.circle_cc)
    i.ctrlmotor                              0x080058b8   Section        0  motorctrl.o(i.ctrlmotor)
    i.fabs                                   0x08005e22   Section        0  fabs.o(i.fabs)
    i.get_chassis_motor_measure_point        0x08005e3c   Section        0  bsp_can.o(i.get_chassis_motor_measure_point)
    i.get_chassis_motor_measure_point1       0x08005e4c   Section        0  bsp_can.o(i.get_chassis_motor_measure_point1)
    i.main                                   0x08005e5c   Section        0  main.o(i.main)
    i.motor_state_update                     0x08005f6c   Section        0  bsp_can.o(i.motor_state_update)
    i.motor_state_update1                    0x08005f98   Section        0  bsp_can.o(i.motor_state_update1)
    i.pid2006                                0x08005fc4   Section        0  motorctrl.o(i.pid2006)
    i.pid3508                                0x08005fd8   Section        0  motorctrl.o(i.pid3508)
    i.pidctl_initialize                      0x08006010   Section        0  pidctl.o(i.pidctl_initialize)
    i.pidctl_step                            0x08006014   Section        0  pidctl.o(i.pidctl_step)
    i.sqrt                                   0x0800644c   Section        0  sqrt.o(i.sqrt)
    x$fpl$basic                              0x080064ba   Section       24  basic.o(x$fpl$basic)
    $v0                                      0x080064ba   Number         0  basic.o(x$fpl$basic)
    x$fpl$dadd                               0x080064d4   Section      336  daddsub_clz.o(x$fpl$dadd)
    $v0                                      0x080064d4   Number         0  daddsub_clz.o(x$fpl$dadd)
    _dadd1                                   0x080064e5   Thumb Code     0  daddsub_clz.o(x$fpl$dadd)
    x$fpl$dcheck1                            0x08006624   Section       16  dcheck1.o(x$fpl$dcheck1)
    $v0                                      0x08006624   Number         0  dcheck1.o(x$fpl$dcheck1)
    x$fpl$dcmpinf                            0x08006634   Section       24  dcmpi.o(x$fpl$dcmpinf)
    $v0                                      0x08006634   Number         0  dcmpi.o(x$fpl$dcmpinf)
    x$fpl$ddiv                               0x0800664c   Section      688  ddiv.o(x$fpl$ddiv)
    $v0                                      0x0800664c   Number         0  ddiv.o(x$fpl$ddiv)
    ddiv_entry                               0x08006653   Thumb Code     0  ddiv.o(x$fpl$ddiv)
    x$fpl$deqf                               0x080068fc   Section      120  deqf.o(x$fpl$deqf)
    $v0                                      0x080068fc   Number         0  deqf.o(x$fpl$deqf)
    x$fpl$dfix                               0x08006974   Section       94  dfix.o(x$fpl$dfix)
    $v0                                      0x08006974   Number         0  dfix.o(x$fpl$dfix)
    x$fpl$dflt                               0x080069d2   Section       46  dflt_clz.o(x$fpl$dflt)
    $v0                                      0x080069d2   Number         0  dflt_clz.o(x$fpl$dflt)
    x$fpl$dfltu                              0x08006a00   Section       38  dflt_clz.o(x$fpl$dfltu)
    $v0                                      0x08006a00   Number         0  dflt_clz.o(x$fpl$dfltu)
    x$fpl$dleqf                              0x08006a28   Section      120  dleqf.o(x$fpl$dleqf)
    $v0                                      0x08006a28   Number         0  dleqf.o(x$fpl$dleqf)
    x$fpl$dmul                               0x08006aa0   Section      340  dmul.o(x$fpl$dmul)
    $v0                                      0x08006aa0   Number         0  dmul.o(x$fpl$dmul)
    x$fpl$dnaninf                            0x08006bf4   Section      156  dnaninf.o(x$fpl$dnaninf)
    $v0                                      0x08006bf4   Number         0  dnaninf.o(x$fpl$dnaninf)
    x$fpl$dretinf                            0x08006c90   Section       12  dretinf.o(x$fpl$dretinf)
    $v0                                      0x08006c90   Number         0  dretinf.o(x$fpl$dretinf)
    x$fpl$drleqf                             0x08006c9c   Section      108  drleqf.o(x$fpl$drleqf)
    $v0                                      0x08006c9c   Number         0  drleqf.o(x$fpl$drleqf)
    x$fpl$drsb                               0x08006d08   Section       22  daddsub_clz.o(x$fpl$drsb)
    $v0                                      0x08006d08   Number         0  daddsub_clz.o(x$fpl$drsb)
    x$fpl$dsqrt                              0x08006d20   Section      408  dsqrt_umaal.o(x$fpl$dsqrt)
    $v0                                      0x08006d20   Number         0  dsqrt_umaal.o(x$fpl$dsqrt)
    x$fpl$dsub                               0x08006eb8   Section      468  daddsub_clz.o(x$fpl$dsub)
    $v0                                      0x08006eb8   Number         0  daddsub_clz.o(x$fpl$dsub)
    _dsub1                                   0x08006ec9   Thumb Code     0  daddsub_clz.o(x$fpl$dsub)
    x$fpl$fpinit                             0x0800708c   Section       10  fpinit.o(x$fpl$fpinit)
    $v0                                      0x0800708c   Number         0  fpinit.o(x$fpl$fpinit)
    x$fpl$retnan                             0x08007096   Section      100  retnan.o(x$fpl$retnan)
    $v0                                      0x08007096   Number         0  retnan.o(x$fpl$retnan)
    x$fpl$scalbn                             0x080070fa   Section       92  scalbn.o(x$fpl$scalbn)
    $v0                                      0x080070fa   Number         0  scalbn.o(x$fpl$scalbn)
    x$fpl$trapveneer                         0x08007156   Section       48  trapv.o(x$fpl$trapveneer)
    $v0                                      0x08007156   Number         0  trapv.o(x$fpl$trapveneer)
    .constdata                               0x08007186   Section        8  stm32f4xx_hal_dma.o(.constdata)
    x$fpl$usenofp                            0x08007186   Section        0  usenofp.o(x$fpl$usenofp)
    flagBitshiftOffset                       0x08007186   Data           8  stm32f4xx_hal_dma.o(.constdata)
    .constdata                               0x0800718e   Section       16  system_stm32f4xx.o(.constdata)
    .constdata                               0x0800719e   Section        8  system_stm32f4xx.o(.constdata)
    .constdata                               0x080071a8   Section      152  atan.o(.constdata)
    atanhi                                   0x080071a8   Data          32  atan.o(.constdata)
    atanlo                                   0x080071c8   Data          32  atan.o(.constdata)
    aTodd                                    0x080071e8   Data          40  atan.o(.constdata)
    aTeven                                   0x08007210   Data          48  atan.o(.constdata)
    .constdata                               0x08007240   Section      136  pow.o(.constdata)
    bp                                       0x08007240   Data          16  pow.o(.constdata)
    dp_h                                     0x08007250   Data          16  pow.o(.constdata)
    dp_l                                     0x08007260   Data          16  pow.o(.constdata)
    L                                        0x08007270   Data          48  pow.o(.constdata)
    P                                        0x080072a0   Data          40  pow.o(.constdata)
    .constdata                               0x080072c8   Section       48  cos_i.o(.constdata)
    C                                        0x080072c8   Data          48  cos_i.o(.constdata)
    .constdata                               0x080072f8   Section        8  qnan.o(.constdata)
    .constdata                               0x08007300   Section      200  rred.o(.constdata)
    pio2s                                    0x08007300   Data          48  rred.o(.constdata)
    twooverpi                                0x08007330   Data         152  rred.o(.constdata)
    .constdata                               0x080073c8   Section       40  sin_i.o(.constdata)
    S                                        0x080073c8   Data          40  sin_i.o(.constdata)
    .data                                    0x20000000   Section       18  bsp_can.o(.data)
    i                                        0x20000000   Data           1  bsp_can.o(.data)
    i                                        0x20000001   Data           1  bsp_can.o(.data)
    chassis_can_send_data                    0x20000002   Data           8  bsp_can.o(.data)
    chassis_can_send_data1                   0x2000000a   Data           8  bsp_can.o(.data)
    .data                                    0x20000018   Section      248  main.o(.data)
    .data                                    0x20000110   Section        2  main.o(.data)
    .data                                    0x20000112   Section        2  main.o(.data)
    .data                                    0x20000114   Section        1  main.o(.data)
    .data                                    0x20000115   Section        1  main.o(.data)
    .data                                    0x20000116   Section        1  main.o(.data)
    .data                                    0x20000118   Section        4  can.o(.data)
    HAL_RCC_CAN1_CLK_ENABLED                 0x20000118   Data           4  can.o(.data)
    .data                                    0x2000011c   Section       12  stm32f4xx_hal.o(.data)
    .data                                    0x20000128   Section        4  system_stm32f4xx.o(.data)
    .bss                                     0x2000012c   Section      304  bsp_can.o(.bss)
    motor_chassis                            0x2000012c   Data         112  bsp_can.o(.bss)
    motor_chassis1                           0x2000019c   Data         112  bsp_can.o(.bss)
    chassis_tx_message                       0x2000022c   Data          24  bsp_can.o(.bss)
    chassis_tx_message1                      0x20000244   Data          24  bsp_can.o(.bss)
    .bss                                     0x2000025c   Section       17  main.o(.bss)
    .bss                                     0x20000270   Section       80  can.o(.bss)
    .bss                                     0x200002c0   Section       12  iwdg.o(.bss)
    .bss                                     0x200002cc   Section       72  tim.o(.bss)
    .bss                                     0x20000314   Section      328  usart.o(.bss)
    .bss                                     0x20000460   Section      704  pidctl.o(.bss)
    .bss                                     0x20000720   Section      144  pidctl_data.o(.bss)
    .bss                                     0x200007b0   Section       96  libspace.o(.bss)
    HEAP                                     0x20000810   Section      512  startup_stm32f407xx.o(HEAP)
    Heap_Mem                                 0x20000810   Data         512  startup_stm32f407xx.o(HEAP)
    STACK                                    0x20000a10   Section     1024  startup_stm32f407xx.o(STACK)
    Stack_Mem                                0x20000a10   Data        1024  startup_stm32f407xx.o(STACK)
    __initial_sp                             0x20000e10   Data           0  startup_stm32f407xx.o(STACK)

    Global Symbols

    Symbol Name                              Value     Ov Type        Size  Object(Section)

    BuildAttributes$$THM_ISAv4$E$P$D$K$B$S$7EM$VFPi3$EXTD16$VFPS$VFMA$PE$A:L22UL41UL21$X:L11$S22US41US21$IEEE1$IW$USESV6$~STKCKD$USESV7$~SHL$OTIME$ROPI$IEEEX$EBA8$UX$STANDARDLIB$REQ8$PRES8$EABIv2 0x00000000   Number         0  anon$$obj.o ABSOLUTE
    __ARM_use_no_argv                        0x00000000   Number         0  main.o ABSOLUTE
    __ARM_exceptions_init                     - Undefined Weak Reference
    __alloca_initialize                       - Undefined Weak Reference
    __arm_fini_                               - Undefined Weak Reference
    __arm_preinit_                            - Undefined Weak Reference
    __cpp_initialize__aeabi_                  - Undefined Weak Reference
    __cxa_finalize                            - Undefined Weak Reference
    __rt_locale                               - Undefined Weak Reference
    __sigvec_lookup                           - Undefined Weak Reference
    _atexit_init                              - Undefined Weak Reference
    _call_atexit_fns                          - Undefined Weak Reference
    _clock_init                               - Undefined Weak Reference
    _fp_trap_init                             - Undefined Weak Reference
    _fp_trap_shutdown                         - Undefined Weak Reference
    _get_lc_collate                           - Undefined Weak Reference
    _get_lc_ctype                             - Undefined Weak Reference
    _get_lc_monetary                          - Undefined Weak Reference
    _get_lc_numeric                           - Undefined Weak Reference
    _get_lc_time                              - Undefined Weak Reference
    _getenv_init                              - Undefined Weak Reference
    _handle_redirection                       - Undefined Weak Reference
    _init_alloc                               - Undefined Weak Reference
    _init_user_alloc                          - Undefined Weak Reference
    _initio                                   - Undefined Weak Reference
    _rand_init                                - Undefined Weak Reference
    _signal_finish                            - Undefined Weak Reference
    _signal_init                              - Undefined Weak Reference
    _terminate_alloc                          - Undefined Weak Reference
    _terminate_user_alloc                     - Undefined Weak Reference
    _terminateio                              - Undefined Weak Reference
    __Vectors_Size                           0x00000188   Number         0  startup_stm32f407xx.o ABSOLUTE
    __Vectors                                0x08000000   Data           4  startup_stm32f407xx.o(RESET)
    __Vectors_End                            0x08000188   Data           0  startup_stm32f407xx.o(RESET)
    __main                                   0x08000189   Thumb Code     8  __main.o(!!!main)
    __scatterload                            0x08000191   Thumb Code     0  __scatter.o(!!!scatter)
    __scatterload_rt2                        0x08000191   Thumb Code    44  __scatter.o(!!!scatter)
    __scatterload_rt2_thumb_only             0x08000191   Thumb Code     0  __scatter.o(!!!scatter)
    __scatterload_null                       0x0800019f   Thumb Code     0  __scatter.o(!!!scatter)
    __decompress                             0x080001c5   Thumb Code    58  __dczerorl.o(!!dczerorl)
    __decompress0                            0x080001c5   Thumb Code     0  __dczerorl.o(!!dczerorl)
    __scatterload_zeroinit                   0x08000201   Thumb Code    28  __scatter_zi.o(!!handler_zi)
    __rt_lib_init                            0x0800021d   Thumb Code     0  libinit.o(.ARM.Collect$$libinit$$00000000)
    __rt_lib_init_fp_1                       0x0800021f   Thumb Code     0  libinit2.o(.ARM.Collect$$libinit$$00000001)
    __rt_lib_init_alloca_1                   0x08000223   Thumb Code     0  libinit2.o(.ARM.Collect$$libinit$$0000002E)
    __rt_lib_init_argv_1                     0x08000223   Thumb Code     0  libinit2.o(.ARM.Collect$$libinit$$0000002C)
    __rt_lib_init_atexit_1                   0x08000223   Thumb Code     0  libinit2.o(.ARM.Collect$$libinit$$0000001B)
    __rt_lib_init_clock_1                    0x08000223   Thumb Code     0  libinit2.o(.ARM.Collect$$libinit$$00000021)
    __rt_lib_init_cpp_1                      0x08000223   Thumb Code     0  libinit2.o(.ARM.Collect$$libinit$$00000032)
    __rt_lib_init_exceptions_1               0x08000223   Thumb Code     0  libinit2.o(.ARM.Collect$$libinit$$00000030)
    __rt_lib_init_fp_trap_1                  0x08000223   Thumb Code     0  libinit2.o(.ARM.Collect$$libinit$$0000001F)
    __rt_lib_init_getenv_1                   0x08000223   Thumb Code     0  libinit2.o(.ARM.Collect$$libinit$$00000023)
    __rt_lib_init_heap_1                     0x08000223   Thumb Code     0  libinit2.o(.ARM.Collect$$libinit$$0000000A)
    __rt_lib_init_lc_collate_1               0x08000223   Thumb Code     0  libinit2.o(.ARM.Collect$$libinit$$00000011)
    __rt_lib_init_lc_ctype_1                 0x08000223   Thumb Code     0  libinit2.o(.ARM.Collect$$libinit$$00000013)
    __rt_lib_init_lc_monetary_1              0x08000223   Thumb Code     0  libinit2.o(.ARM.Collect$$libinit$$00000015)
    __rt_lib_init_lc_numeric_1               0x08000223   Thumb Code     0  libinit2.o(.ARM.Collect$$libinit$$00000017)
    __rt_lib_init_lc_time_1                  0x08000223   Thumb Code     0  libinit2.o(.ARM.Collect$$libinit$$00000019)
    __rt_lib_init_preinit_1                  0x08000223   Thumb Code     0  libinit2.o(.ARM.Collect$$libinit$$00000004)
    __rt_lib_init_rand_1                     0x08000223   Thumb Code     0  libinit2.o(.ARM.Collect$$libinit$$0000000E)
    __rt_lib_init_return                     0x08000223   Thumb Code     0  libinit2.o(.ARM.Collect$$libinit$$00000033)
    __rt_lib_init_signal_1                   0x08000223   Thumb Code     0  libinit2.o(.ARM.Collect$$libinit$$0000001D)
    __rt_lib_init_stdio_1                    0x08000223   Thumb Code     0  libinit2.o(.ARM.Collect$$libinit$$00000025)
    __rt_lib_init_user_alloc_1               0x08000223   Thumb Code     0  libinit2.o(.ARM.Collect$$libinit$$0000000C)
    __rt_lib_shutdown                        0x08000225   Thumb Code     0  libshutdown.o(.ARM.Collect$$libshutdown$$00000000)
    __rt_lib_shutdown_cpp_1                  0x08000227   Thumb Code     0  libshutdown2.o(.ARM.Collect$$libshutdown$$00000004)
    __rt_lib_shutdown_fini_1                 0x08000227   Thumb Code     0  libshutdown2.o(.ARM.Collect$$libshutdown$$00000002)
    __rt_lib_shutdown_fp_trap_1              0x08000227   Thumb Code     0  libshutdown2.o(.ARM.Collect$$libshutdown$$00000009)
    __rt_lib_shutdown_heap_1                 0x08000227   Thumb Code     0  libshutdown2.o(.ARM.Collect$$libshutdown$$00000011)
    __rt_lib_shutdown_return                 0x08000227   Thumb Code     0  libshutdown2.o(.ARM.Collect$$libshutdown$$00000012)
    __rt_lib_shutdown_signal_1               0x08000227   Thumb Code     0  libshutdown2.o(.ARM.Collect$$libshutdown$$0000000C)
    __rt_lib_shutdown_stdio_1                0x08000227   Thumb Code     0  libshutdown2.o(.ARM.Collect$$libshutdown$$00000006)
    __rt_lib_shutdown_user_alloc_1           0x08000227   Thumb Code     0  libshutdown2.o(.ARM.Collect$$libshutdown$$0000000E)
    __rt_entry                               0x08000229   Thumb Code     0  __rtentry.o(.ARM.Collect$$rtentry$$00000000)
    __rt_entry_presh_1                       0x08000229   Thumb Code     0  __rtentry2.o(.ARM.Collect$$rtentry$$00000002)
    __rt_entry_sh                            0x08000229   Thumb Code     0  __rtentry4.o(.ARM.Collect$$rtentry$$00000004)
    __rt_entry_li                            0x0800022f   Thumb Code     0  __rtentry2.o(.ARM.Collect$$rtentry$$0000000A)
    __rt_entry_postsh_1                      0x0800022f   Thumb Code     0  __rtentry2.o(.ARM.Collect$$rtentry$$00000009)
    __rt_entry_main                          0x08000233   Thumb Code     0  __rtentry2.o(.ARM.Collect$$rtentry$$0000000D)
    __rt_entry_postli_1                      0x08000233   Thumb Code     0  __rtentry2.o(.ARM.Collect$$rtentry$$0000000C)
    __rt_exit                                0x0800023b   Thumb Code     0  rtexit.o(.ARM.Collect$$rtexit$$00000000)
    __rt_exit_ls                             0x0800023d   Thumb Code     0  rtexit2.o(.ARM.Collect$$rtexit$$00000003)
    __rt_exit_prels_1                        0x0800023d   Thumb Code     0  rtexit2.o(.ARM.Collect$$rtexit$$00000002)
    __rt_exit_exit                           0x08000241   Thumb Code     0  rtexit2.o(.ARM.Collect$$rtexit$$00000004)
    Reset_Handler                            0x08000249   Thumb Code     8  startup_stm32f407xx.o(.text)
    ADC_IRQHandler                           0x08000263   Thumb Code     0  startup_stm32f407xx.o(.text)
    CAN1_RX1_IRQHandler                      0x08000263   Thumb Code     0  startup_stm32f407xx.o(.text)
    CAN1_SCE_IRQHandler                      0x08000263   Thumb Code     0  startup_stm32f407xx.o(.text)
    CAN2_RX1_IRQHandler                      0x08000263   Thumb Code     0  startup_stm32f407xx.o(.text)
    CAN2_SCE_IRQHandler                      0x08000263   Thumb Code     0  startup_stm32f407xx.o(.text)
    DCMI_IRQHandler                          0x08000263   Thumb Code     0  startup_stm32f407xx.o(.text)
    DMA1_Stream0_IRQHandler                  0x08000263   Thumb Code     0  startup_stm32f407xx.o(.text)
    DMA1_Stream2_IRQHandler                  0x08000263   Thumb Code     0  startup_stm32f407xx.o(.text)
    DMA1_Stream4_IRQHandler                  0x08000263   Thumb Code     0  startup_stm32f407xx.o(.text)
    DMA1_Stream5_IRQHandler                  0x08000263   Thumb Code     0  startup_stm32f407xx.o(.text)
    DMA1_Stream6_IRQHandler                  0x08000263   Thumb Code     0  startup_stm32f407xx.o(.text)
    DMA1_Stream7_IRQHandler                  0x08000263   Thumb Code     0  startup_stm32f407xx.o(.text)
    DMA2_Stream0_IRQHandler                  0x08000263   Thumb Code     0  startup_stm32f407xx.o(.text)
    DMA2_Stream1_IRQHandler                  0x08000263   Thumb Code     0  startup_stm32f407xx.o(.text)
    DMA2_Stream2_IRQHandler                  0x08000263   Thumb Code     0  startup_stm32f407xx.o(.text)
    DMA2_Stream3_IRQHandler                  0x08000263   Thumb Code     0  startup_stm32f407xx.o(.text)
    DMA2_Stream4_IRQHandler                  0x08000263   Thumb Code     0  startup_stm32f407xx.o(.text)
    DMA2_Stream5_IRQHandler                  0x08000263   Thumb Code     0  startup_stm32f407xx.o(.text)
    DMA2_Stream6_IRQHandler                  0x08000263   Thumb Code     0  startup_stm32f407xx.o(.text)
    DMA2_Stream7_IRQHandler                  0x08000263   Thumb Code     0  startup_stm32f407xx.o(.text)
    ETH_IRQHandler                           0x08000263   Thumb Code     0  startup_stm32f407xx.o(.text)
    ETH_WKUP_IRQHandler                      0x08000263   Thumb Code     0  startup_stm32f407xx.o(.text)
    EXTI0_IRQHandler                         0x08000263   Thumb Code     0  startup_stm32f407xx.o(.text)
    EXTI15_10_IRQHandler                     0x08000263   Thumb Code     0  startup_stm32f407xx.o(.text)
    EXTI1_IRQHandler                         0x08000263   Thumb Code     0  startup_stm32f407xx.o(.text)
    EXTI2_IRQHandler                         0x08000263   Thumb Code     0  startup_stm32f407xx.o(.text)
    EXTI3_IRQHandler                         0x08000263   Thumb Code     0  startup_stm32f407xx.o(.text)
    EXTI4_IRQHandler                         0x08000263   Thumb Code     0  startup_stm32f407xx.o(.text)
    EXTI9_5_IRQHandler                       0x08000263   Thumb Code     0  startup_stm32f407xx.o(.text)
    FLASH_IRQHandler                         0x08000263   Thumb Code     0  startup_stm32f407xx.o(.text)
    FMC_IRQHandler                           0x08000263   Thumb Code     0  startup_stm32f407xx.o(.text)
    FPU_IRQHandler                           0x08000263   Thumb Code     0  startup_stm32f407xx.o(.text)
    HASH_RNG_IRQHandler                      0x08000263   Thumb Code     0  startup_stm32f407xx.o(.text)
    I2C1_ER_IRQHandler                       0x08000263   Thumb Code     0  startup_stm32f407xx.o(.text)
    I2C1_EV_IRQHandler                       0x08000263   Thumb Code     0  startup_stm32f407xx.o(.text)
    I2C2_ER_IRQHandler                       0x08000263   Thumb Code     0  startup_stm32f407xx.o(.text)
    I2C2_EV_IRQHandler                       0x08000263   Thumb Code     0  startup_stm32f407xx.o(.text)
    I2C3_ER_IRQHandler                       0x08000263   Thumb Code     0  startup_stm32f407xx.o(.text)
    I2C3_EV_IRQHandler                       0x08000263   Thumb Code     0  startup_stm32f407xx.o(.text)
    OTG_FS_IRQHandler                        0x08000263   Thumb Code     0  startup_stm32f407xx.o(.text)
    OTG_FS_WKUP_IRQHandler                   0x08000263   Thumb Code     0  startup_stm32f407xx.o(.text)
    OTG_HS_EP1_IN_IRQHandler                 0x08000263   Thumb Code     0  startup_stm32f407xx.o(.text)
    OTG_HS_EP1_OUT_IRQHandler                0x08000263   Thumb Code     0  startup_stm32f407xx.o(.text)
    OTG_HS_IRQHandler                        0x08000263   Thumb Code     0  startup_stm32f407xx.o(.text)
    OTG_HS_WKUP_IRQHandler                   0x08000263   Thumb Code     0  startup_stm32f407xx.o(.text)
    PVD_IRQHandler                           0x08000263   Thumb Code     0  startup_stm32f407xx.o(.text)
    RCC_IRQHandler                           0x08000263   Thumb Code     0  startup_stm32f407xx.o(.text)
    RTC_Alarm_IRQHandler                     0x08000263   Thumb Code     0  startup_stm32f407xx.o(.text)
    RTC_WKUP_IRQHandler                      0x08000263   Thumb Code     0  startup_stm32f407xx.o(.text)
    SDIO_IRQHandler                          0x08000263   Thumb Code     0  startup_stm32f407xx.o(.text)
    SPI1_IRQHandler                          0x08000263   Thumb Code     0  startup_stm32f407xx.o(.text)
    SPI2_IRQHandler                          0x08000263   Thumb Code     0  startup_stm32f407xx.o(.text)
    SPI3_IRQHandler                          0x08000263   Thumb Code     0  startup_stm32f407xx.o(.text)
    TAMP_STAMP_IRQHandler                    0x08000263   Thumb Code     0  startup_stm32f407xx.o(.text)
    TIM1_BRK_TIM9_IRQHandler                 0x08000263   Thumb Code     0  startup_stm32f407xx.o(.text)
    TIM1_CC_IRQHandler                       0x08000263   Thumb Code     0  startup_stm32f407xx.o(.text)
    TIM1_TRG_COM_TIM11_IRQHandler            0x08000263   Thumb Code     0  startup_stm32f407xx.o(.text)
    TIM2_IRQHandler                          0x08000263   Thumb Code     0  startup_stm32f407xx.o(.text)
    TIM3_IRQHandler                          0x08000263   Thumb Code     0  startup_stm32f407xx.o(.text)
    TIM4_IRQHandler                          0x08000263   Thumb Code     0  startup_stm32f407xx.o(.text)
    TIM5_IRQHandler                          0x08000263   Thumb Code     0  startup_stm32f407xx.o(.text)
    TIM6_DAC_IRQHandler                      0x08000263   Thumb Code     0  startup_stm32f407xx.o(.text)
    TIM7_IRQHandler                          0x08000263   Thumb Code     0  startup_stm32f407xx.o(.text)
    TIM8_BRK_TIM12_IRQHandler                0x08000263   Thumb Code     0  startup_stm32f407xx.o(.text)
    TIM8_CC_IRQHandler                       0x08000263   Thumb Code     0  startup_stm32f407xx.o(.text)
    TIM8_TRG_COM_TIM14_IRQHandler            0x08000263   Thumb Code     0  startup_stm32f407xx.o(.text)
    TIM8_UP_TIM13_IRQHandler                 0x08000263   Thumb Code     0  startup_stm32f407xx.o(.text)
    UART4_IRQHandler                         0x08000263   Thumb Code     0  startup_stm32f407xx.o(.text)
    UART5_IRQHandler                         0x08000263   Thumb Code     0  startup_stm32f407xx.o(.text)
    USART1_IRQHandler                        0x08000263   Thumb Code     0  startup_stm32f407xx.o(.text)
    USART6_IRQHandler                        0x08000263   Thumb Code     0  startup_stm32f407xx.o(.text)
    WWDG_IRQHandler                          0x08000263   Thumb Code     0  startup_stm32f407xx.o(.text)
    __user_initial_stackheap                 0x08000265   Thumb Code     0  startup_stm32f407xx.o(.text)
    __aeabi_uldivmod                         0x08000289   Thumb Code     0  lludivv7m.o(.text)
    _ll_udiv                                 0x08000289   Thumb Code   238  lludivv7m.o(.text)
    __aeabi_memclr4                          0x08000377   Thumb Code     0  rt_memclr_w.o(.text)
    __aeabi_memclr8                          0x08000377   Thumb Code     0  rt_memclr_w.o(.text)
    __rt_memclr_w                            0x08000377   Thumb Code    78  rt_memclr_w.o(.text)
    _memset_w                                0x0800037b   Thumb Code     0  rt_memclr_w.o(.text)
    __use_two_region_memory                  0x080003c5   Thumb Code     2  heapauxi.o(.text)
    __rt_heap_escrow$2region                 0x080003c7   Thumb Code     2  heapauxi.o(.text)
    __rt_heap_expand$2region                 0x080003c9   Thumb Code     2  heapauxi.o(.text)
    __read_errno                             0x080003cb   Thumb Code    10  _rserrno.o(.text)
    __set_errno                              0x080003d5   Thumb Code    12  _rserrno.o(.text)
    __aeabi_errno_addr                       0x080003e1   Thumb Code     8  rt_errno_addr_intlibspace.o(.text)
    __errno$intlibspace                      0x080003e1   Thumb Code     0  rt_errno_addr_intlibspace.o(.text)
    __rt_errno_addr$intlibspace              0x080003e1   Thumb Code     0  rt_errno_addr_intlibspace.o(.text)
    __user_libspace                          0x080003e9   Thumb Code     8  libspace.o(.text)
    __user_perproc_libspace                  0x080003e9   Thumb Code     0  libspace.o(.text)
    __user_perthread_libspace                0x080003e9   Thumb Code     0  libspace.o(.text)
    __user_setup_stackheap                   0x080003f1   Thumb Code    74  sys_stackheap_outer.o(.text)
    exit                                     0x0800043b   Thumb Code    18  exit.o(.text)
    _sys_exit                                0x0800044d   Thumb Code     8  sys_exit.o(.text)
    __I$use$semihosting                      0x08000459   Thumb Code     0  use_no_semi.o(.text)
    __use_no_semihosting_swi                 0x08000459   Thumb Code     2  use_no_semi.o(.text)
    __semihosting_library_function           0x0800045b   Thumb Code     0  indicate_semi.o(.text)
    Apid2006                                 0x0800045d   Thumb Code    16  motorctrl.o(i.Apid2006)
    BusFault_Handler                         0x08000471   Thumb Code     2  stm32f4xx_it.o(i.BusFault_Handler)
    CAL_MESSAGE                              0x08000475   Thumb Code   186  calculate.o(i.CAL_MESSAGE)
    CAN1_RX0_IRQHandler                      0x0800055d   Thumb Code     6  stm32f4xx_it.o(i.CAN1_RX0_IRQHandler)
    CAN1_TX_IRQHandler                       0x08000569   Thumb Code     6  stm32f4xx_it.o(i.CAN1_TX_IRQHandler)
    CAN1_cmd_chassis                         0x08000575   Thumb Code    60  bsp_can.o(i.CAN1_cmd_chassis)
    CAN2_RX0_IRQHandler                      0x080005bd   Thumb Code     6  stm32f4xx_it.o(i.CAN2_RX0_IRQHandler)
    CAN2_TX_IRQHandler                       0x080005c9   Thumb Code     6  stm32f4xx_it.o(i.CAN2_TX_IRQHandler)
    CAN2_cmd_chassis                         0x080005d5   Thumb Code    60  bsp_can.o(i.CAN2_cmd_chassis)
    CalculateParity                          0x0800061d   Thumb Code    22  calculate.o(i.CalculateParity)
    DMA1_Stream1_IRQHandler                  0x08000635   Thumb Code     6  stm32f4xx_it.o(i.DMA1_Stream1_IRQHandler)
    DMA1_Stream3_IRQHandler                  0x08000641   Thumb Code     6  stm32f4xx_it.o(i.DMA1_Stream3_IRQHandler)
    DebugMon_Handler                         0x080006f1   Thumb Code     2  stm32f4xx_it.o(i.DebugMon_Handler)
    Error_Handler                            0x080006f3   Thumb Code     4  main.o(i.Error_Handler)
    HAL_CAN_ActivateNotification             0x080006f7   Thumb Code    36  stm32f4xx_hal_can.o(i.HAL_CAN_ActivateNotification)
    HAL_CAN_AddTxMessage                     0x0800071b   Thumb Code   220  stm32f4xx_hal_can.o(i.HAL_CAN_AddTxMessage)
    HAL_CAN_ConfigFilter                     0x080007f9   Thumb Code   262  stm32f4xx_hal_can.o(i.HAL_CAN_ConfigFilter)
    HAL_CAN_ErrorCallback                    0x08000905   Thumb Code     2  stm32f4xx_hal_can.o(i.HAL_CAN_ErrorCallback)
    HAL_CAN_GetRxMessage                     0x08000907   Thumb Code   232  stm32f4xx_hal_can.o(i.HAL_CAN_GetRxMessage)
    HAL_CAN_IRQHandler                       0x080009ef   Thumb Code   508  stm32f4xx_hal_can.o(i.HAL_CAN_IRQHandler)
    HAL_CAN_Init                             0x08000beb   Thumb Code   282  stm32f4xx_hal_can.o(i.HAL_CAN_Init)
    HAL_CAN_MspInit                          0x08000d05   Thumb Code   258  can.o(i.HAL_CAN_MspInit)
    HAL_CAN_RxFifo0FullCallback              0x08000e21   Thumb Code     2  stm32f4xx_hal_can.o(i.HAL_CAN_RxFifo0FullCallback)
    HAL_CAN_RxFifo0MsgPendingCallback        0x08000e25   Thumb Code   210  bsp_can.o(i.HAL_CAN_RxFifo0MsgPendingCallback)
    HAL_CAN_RxFifo1FullCallback              0x08000f09   Thumb Code     2  stm32f4xx_hal_can.o(i.HAL_CAN_RxFifo1FullCallback)
    HAL_CAN_RxFifo1MsgPendingCallback        0x08000f0b   Thumb Code     2  stm32f4xx_hal_can.o(i.HAL_CAN_RxFifo1MsgPendingCallback)
    HAL_CAN_SleepCallback                    0x08000f0d   Thumb Code     2  stm32f4xx_hal_can.o(i.HAL_CAN_SleepCallback)
    HAL_CAN_Start                            0x08000f11   Thumb Code    88  stm32f4xx_hal_can.o(i.HAL_CAN_Start)
    HAL_CAN_TxMailbox0AbortCallback          0x08000f69   Thumb Code     2  stm32f4xx_hal_can.o(i.HAL_CAN_TxMailbox0AbortCallback)
    HAL_CAN_TxMailbox0CompleteCallback       0x08000f6b   Thumb Code     2  stm32f4xx_hal_can.o(i.HAL_CAN_TxMailbox0CompleteCallback)
    HAL_CAN_TxMailbox1AbortCallback          0x08000f6d   Thumb Code     2  stm32f4xx_hal_can.o(i.HAL_CAN_TxMailbox1AbortCallback)
    HAL_CAN_TxMailbox1CompleteCallback       0x08000f6f   Thumb Code     2  stm32f4xx_hal_can.o(i.HAL_CAN_TxMailbox1CompleteCallback)
    HAL_CAN_TxMailbox2AbortCallback          0x08000f71   Thumb Code     2  stm32f4xx_hal_can.o(i.HAL_CAN_TxMailbox2AbortCallback)
    HAL_CAN_TxMailbox2CompleteCallback       0x08000f73   Thumb Code     2  stm32f4xx_hal_can.o(i.HAL_CAN_TxMailbox2CompleteCallback)
    HAL_CAN_WakeUpFromRxMsgCallback          0x08000f75   Thumb Code     2  stm32f4xx_hal_can.o(i.HAL_CAN_WakeUpFromRxMsgCallback)
    HAL_DMA_Abort                            0x08000f77   Thumb Code   146  stm32f4xx_hal_dma.o(i.HAL_DMA_Abort)
    HAL_DMA_Abort_IT                         0x08001009   Thumb Code    36  stm32f4xx_hal_dma.o(i.HAL_DMA_Abort_IT)
    HAL_DMA_IRQHandler                       0x0800102d   Thumb Code   412  stm32f4xx_hal_dma.o(i.HAL_DMA_IRQHandler)
    HAL_DMA_Init                             0x080011cd   Thumb Code   206  stm32f4xx_hal_dma.o(i.HAL_DMA_Init)
    HAL_DMA_Start_IT                         0x080012a1   Thumb Code   110  stm32f4xx_hal_dma.o(i.HAL_DMA_Start_IT)
    HAL_GPIO_Init                            0x08001311   Thumb Code   450  stm32f4xx_hal_gpio.o(i.HAL_GPIO_Init)
    HAL_GetTick                              0x08001501   Thumb Code     6  stm32f4xx_hal.o(i.HAL_GetTick)
    HAL_IWDG_Init                            0x0800150d   Thumb Code    90  stm32f4xx_hal_iwdg.o(i.HAL_IWDG_Init)
    HAL_IWDG_Refresh                         0x08001567   Thumb Code    12  stm32f4xx_hal_iwdg.o(i.HAL_IWDG_Refresh)
    HAL_IncTick                              0x08001575   Thumb Code    12  stm32f4xx_hal.o(i.HAL_IncTick)
    HAL_Init                                 0x08001585   Thumb Code    48  stm32f4xx_hal.o(i.HAL_Init)
    HAL_InitTick                             0x080015b9   Thumb Code    54  stm32f4xx_hal.o(i.HAL_InitTick)
    HAL_MspInit                              0x080015f9   Thumb Code    42  stm32f4xx_hal_msp.o(i.HAL_MspInit)
    HAL_NVIC_EnableIRQ                       0x08001629   Thumb Code    26  stm32f4xx_hal_cortex.o(i.HAL_NVIC_EnableIRQ)
    HAL_NVIC_SetPriority                     0x08001645   Thumb Code    60  stm32f4xx_hal_cortex.o(i.HAL_NVIC_SetPriority)
    HAL_NVIC_SetPriorityGrouping             0x08001685   Thumb Code    26  stm32f4xx_hal_cortex.o(i.HAL_NVIC_SetPriorityGrouping)
    HAL_RCC_ClockConfig                      0x080016a9   Thumb Code   288  stm32f4xx_hal_rcc.o(i.HAL_RCC_ClockConfig)
    HAL_RCC_GetPCLK1Freq                     0x080017dd   Thumb Code    20  stm32f4xx_hal_rcc.o(i.HAL_RCC_GetPCLK1Freq)
    HAL_RCC_GetPCLK2Freq                     0x080017fd   Thumb Code    20  stm32f4xx_hal_rcc.o(i.HAL_RCC_GetPCLK2Freq)
    HAL_RCC_GetSysClockFreq                  0x0800181d   Thumb Code    88  stm32f4xx_hal_rcc.o(i.HAL_RCC_GetSysClockFreq)
    HAL_RCC_OscConfig                        0x0800187d   Thumb Code   856  stm32f4xx_hal_rcc.o(i.HAL_RCC_OscConfig)
    HAL_SYSTICK_Config                       0x08001be9   Thumb Code    40  stm32f4xx_hal_cortex.o(i.HAL_SYSTICK_Config)
    HAL_TIMEx_BreakCallback                  0x08001c11   Thumb Code     2  stm32f4xx_hal_tim_ex.o(i.HAL_TIMEx_BreakCallback)
    HAL_TIMEx_CommutCallback                 0x08001c13   Thumb Code     2  stm32f4xx_hal_tim_ex.o(i.HAL_TIMEx_CommutCallback)
    HAL_TIM_Base_Init                        0x08001c15   Thumb Code    90  stm32f4xx_hal_tim.o(i.HAL_TIM_Base_Init)
    HAL_TIM_Base_MspInit                     0x08001c71   Thumb Code    50  tim.o(i.HAL_TIM_Base_MspInit)
    HAL_TIM_Base_Start_IT                    0x08001cad   Thumb Code   100  stm32f4xx_hal_tim.o(i.HAL_TIM_Base_Start_IT)
    HAL_TIM_IC_CaptureCallback               0x08001d2d   Thumb Code     2  stm32f4xx_hal_tim.o(i.HAL_TIM_IC_CaptureCallback)
    HAL_TIM_IRQHandler                       0x08001d2f   Thumb Code   358  stm32f4xx_hal_tim.o(i.HAL_TIM_IRQHandler)
    HAL_TIM_OC_DelayElapsedCallback          0x08001e95   Thumb Code     2  stm32f4xx_hal_tim.o(i.HAL_TIM_OC_DelayElapsedCallback)
    HAL_TIM_PWM_PulseFinishedCallback        0x08001e97   Thumb Code     2  stm32f4xx_hal_tim.o(i.HAL_TIM_PWM_PulseFinishedCallback)
    HAL_TIM_PeriodElapsedCallback            0x08001e99   Thumb Code  3220  main.o(i.HAL_TIM_PeriodElapsedCallback)
    HAL_TIM_TriggerCallback                  0x08002b69   Thumb Code     2  stm32f4xx_hal_tim.o(i.HAL_TIM_TriggerCallback)
    HAL_UARTEx_RxEventCallback               0x08002b6b   Thumb Code     2  stm32f4xx_hal_uart.o(i.HAL_UARTEx_RxEventCallback)
    HAL_UART_ErrorCallback                   0x08002b6d   Thumb Code    28  main.o(i.HAL_UART_ErrorCallback)
    HAL_UART_IRQHandler                      0x08002b99   Thumb Code   610  stm32f4xx_hal_uart.o(i.HAL_UART_IRQHandler)
    HAL_UART_Init                            0x08002e01   Thumb Code    98  stm32f4xx_hal_uart.o(i.HAL_UART_Init)
    HAL_UART_MspInit                         0x08002e65   Thumb Code   282  usart.o(i.HAL_UART_MspInit)
    HAL_UART_Receive_DMA                     0x08002f9d   Thumb Code    42  stm32f4xx_hal_uart.o(i.HAL_UART_Receive_DMA)
    HAL_UART_RxCpltCallback                  0x08002fc9   Thumb Code    88  main.o(i.HAL_UART_RxCpltCallback)
    HAL_UART_RxHalfCpltCallback              0x08003031   Thumb Code     2  stm32f4xx_hal_uart.o(i.HAL_UART_RxHalfCpltCallback)
    HAL_UART_TxCpltCallback                  0x08003033   Thumb Code     2  stm32f4xx_hal_uart.o(i.HAL_UART_TxCpltCallback)
    HardFault_Handler                        0x08003035   Thumb Code     2  stm32f4xx_it.o(i.HardFault_Handler)
    MX_CAN1_Init                             0x080034d9   Thumb Code    60  can.o(i.MX_CAN1_Init)
    MX_CAN2_Init                             0x0800351d   Thumb Code    60  can.o(i.MX_CAN2_Init)
    MX_DMA_Init                              0x08003561   Thumb Code    56  dma.o(i.MX_DMA_Init)
    MX_GPIO_Init                             0x0800359d   Thumb Code    70  gpio.o(i.MX_GPIO_Init)
    MX_IWDG_Init                             0x080035e9   Thumb Code    36  iwdg.o(i.MX_IWDG_Init)
    MX_TIM10_Init                            0x08003615   Thumb Code    46  tim.o(i.MX_TIM10_Init)
    MX_USART2_UART_Init                      0x0800364d   Thumb Code    48  usart.o(i.MX_USART2_UART_Init)
    MX_USART3_UART_Init                      0x08003685   Thumb Code    48  usart.o(i.MX_USART3_UART_Init)
    MemManage_Handler                        0x080036bd   Thumb Code     2  stm32f4xx_it.o(i.MemManage_Handler)
    NMI_Handler                              0x080036bf   Thumb Code     2  stm32f4xx_it.o(i.NMI_Handler)
    PendSV_Handler                           0x080036c1   Thumb Code     2  stm32f4xx_it.o(i.PendSV_Handler)
    SVC_Handler                              0x080036c3   Thumb Code     2  stm32f4xx_it.o(i.SVC_Handler)
    SysTick_Handler                          0x080036c5   Thumb Code     4  stm32f4xx_it.o(i.SysTick_Handler)
    SystemClock_Config                       0x080036c9   Thumb Code   144  main.o(i.SystemClock_Config)
    SystemInit                               0x08003761   Thumb Code    12  system_stm32f4xx.o(i.SystemInit)
    TIM1_UP_TIM10_IRQHandler                 0x08003771   Thumb Code     6  stm32f4xx_it.o(i.TIM1_UP_TIM10_IRQHandler)
    TIM_Base_SetConfig                       0x0800377d   Thumb Code   156  stm32f4xx_hal_tim.o(i.TIM_Base_SetConfig)
    UART_Start_Receive_DMA                   0x08003b71   Thumb Code   134  stm32f4xx_hal_uart.o(i.UART_Start_Receive_DMA)
    USART2_IRQHandler                        0x08003c05   Thumb Code     6  stm32f4xx_it.o(i.USART2_IRQHandler)
    USART3_IRQHandler                        0x08003c11   Thumb Code     6  stm32f4xx_it.o(i.USART3_IRQHandler)
    UsageFault_Handler                       0x08003c1d   Thumb Code     2  stm32f4xx_it.o(i.UsageFault_Handler)
    __ARM_fpclassify                         0x08003c1f   Thumb Code    48  fpclassify.o(i.__ARM_fpclassify)
    __hardfp_atan                            0x08003c71   Thumb Code   622  atan.o(i.__hardfp_atan)
    __hardfp_atan2                           0x08003f49   Thumb Code   448  atan2.o(i.__hardfp_atan2)
    __hardfp_cos                             0x08004149   Thumb Code   180  cos.o(i.__hardfp_cos)
    __hardfp_fabs                            0x08004211   Thumb Code    20  fabs.o(i.__hardfp_fabs)
    __hardfp_pow                             0x08004229   Thumb Code  3072  pow.o(i.__hardfp_pow)
    __hardfp_sin                             0x08004e79   Thumb Code   180  sin.o(i.__hardfp_sin)
    __hardfp_sqrt                            0x08004f41   Thumb Code   122  sqrt.o(i.__hardfp_sqrt)
    __ieee754_rem_pio2                       0x08004fc1   Thumb Code   938  rred.o(i.__ieee754_rem_pio2)
    __kernel_cos                             0x080053f9   Thumb Code   322  cos_i.o(i.__kernel_cos)
    __kernel_poly                            0x08005569   Thumb Code   248  poly.o(i.__kernel_poly)
    __kernel_sin                             0x08005661   Thumb Code   280  sin_i.o(i.__kernel_sin)
    __mathlib_dbl_divzero                    0x08005791   Thumb Code    28  dunder.o(i.__mathlib_dbl_divzero)
    __mathlib_dbl_infnan                     0x080057c1   Thumb Code    20  dunder.o(i.__mathlib_dbl_infnan)
    __mathlib_dbl_infnan2                    0x080057d5   Thumb Code    20  dunder.o(i.__mathlib_dbl_infnan2)
    __mathlib_dbl_invalid                    0x080057e9   Thumb Code    24  dunder.o(i.__mathlib_dbl_invalid)
    __mathlib_dbl_overflow                   0x08005809   Thumb Code    24  dunder.o(i.__mathlib_dbl_overflow)
    __mathlib_dbl_underflow                  0x08005829   Thumb Code    24  dunder.o(i.__mathlib_dbl_underflow)
    atan                                     0x08005849   Thumb Code    16  atan.o(i.atan)
    can_filter_init                          0x08005859   Thumb Code    52  bsp_can.o(i.can_filter_init)
    circle_cc                                0x08005891   Thumb Code    38  bsp_can.o(i.circle_cc)
    ctrlmotor                                0x080058b9   Thumb Code  1386  motorctrl.o(i.ctrlmotor)
    fabs                                     0x08005e23   Thumb Code    24  fabs.o(i.fabs)
    get_chassis_motor_measure_point          0x08005e3d   Thumb Code    12  bsp_can.o(i.get_chassis_motor_measure_point)
    get_chassis_motor_measure_point1         0x08005e4d   Thumb Code    12  bsp_can.o(i.get_chassis_motor_measure_point1)
    main                                     0x08005e5d   Thumb Code   200  main.o(i.main)
    motor_state_update                       0x08005f6d   Thumb Code    38  bsp_can.o(i.motor_state_update)
    motor_state_update1                      0x08005f99   Thumb Code    38  bsp_can.o(i.motor_state_update1)
    pid2006                                  0x08005fc5   Thumb Code    16  motorctrl.o(i.pid2006)
    pid3508                                  0x08005fd9   Thumb Code    52  motorctrl.o(i.pid3508)
    pidctl_initialize                        0x08006011   Thumb Code     2  pidctl.o(i.pidctl_initialize)
    pidctl_step                              0x08006015   Thumb Code  1080  pidctl.o(i.pidctl_step)
    sqrt                                     0x0800644d   Thumb Code   110  sqrt.o(i.sqrt)
    __aeabi_dneg                             0x080064bb   Thumb Code     0  basic.o(x$fpl$basic)
    _dneg                                    0x080064bb   Thumb Code     6  basic.o(x$fpl$basic)
    __aeabi_fneg                             0x080064c1   Thumb Code     0  basic.o(x$fpl$basic)
    _fneg                                    0x080064c1   Thumb Code     6  basic.o(x$fpl$basic)
    _dabs                                    0x080064c7   Thumb Code     6  basic.o(x$fpl$basic)
    _fabs                                    0x080064cd   Thumb Code     6  basic.o(x$fpl$basic)
    __aeabi_dadd                             0x080064d5   Thumb Code     0  daddsub_clz.o(x$fpl$dadd)
    _dadd                                    0x080064d5   Thumb Code   332  daddsub_clz.o(x$fpl$dadd)
    __fpl_dcheck_NaN1                        0x08006625   Thumb Code    10  dcheck1.o(x$fpl$dcheck1)
    __fpl_dcmp_Inf                           0x08006635   Thumb Code    24  dcmpi.o(x$fpl$dcmpinf)
    __aeabi_ddiv                             0x0800664d   Thumb Code     0  ddiv.o(x$fpl$ddiv)
    _ddiv                                    0x0800664d   Thumb Code   552  ddiv.o(x$fpl$ddiv)
    __aeabi_cdcmpeq                          0x080068fd   Thumb Code     0  deqf.o(x$fpl$deqf)
    _dcmpeq                                  0x080068fd   Thumb Code   120  deqf.o(x$fpl$deqf)
    __aeabi_d2iz                             0x08006975   Thumb Code     0  dfix.o(x$fpl$dfix)
    _dfix                                    0x08006975   Thumb Code    94  dfix.o(x$fpl$dfix)
    __aeabi_i2d                              0x080069d3   Thumb Code     0  dflt_clz.o(x$fpl$dflt)
    _dflt                                    0x080069d3   Thumb Code    46  dflt_clz.o(x$fpl$dflt)
    __aeabi_ui2d                             0x08006a01   Thumb Code     0  dflt_clz.o(x$fpl$dfltu)
    _dfltu                                   0x08006a01   Thumb Code    38  dflt_clz.o(x$fpl$dfltu)
    __aeabi_cdcmple                          0x08006a29   Thumb Code     0  dleqf.o(x$fpl$dleqf)
    _dcmple                                  0x08006a29   Thumb Code   120  dleqf.o(x$fpl$dleqf)
    __fpl_dcmple_InfNaN                      0x08006a8b   Thumb Code     0  dleqf.o(x$fpl$dleqf)
    __aeabi_dmul                             0x08006aa1   Thumb Code     0  dmul.o(x$fpl$dmul)
    _dmul                                    0x08006aa1   Thumb Code   332  dmul.o(x$fpl$dmul)
    __fpl_dnaninf                            0x08006bf5   Thumb Code   156  dnaninf.o(x$fpl$dnaninf)
    __fpl_dretinf                            0x08006c91   Thumb Code    12  dretinf.o(x$fpl$dretinf)
    __aeabi_cdrcmple                         0x08006c9d   Thumb Code     0  drleqf.o(x$fpl$drleqf)
    _drcmple                                 0x08006c9d   Thumb Code   108  drleqf.o(x$fpl$drleqf)
    __aeabi_drsub                            0x08006d09   Thumb Code     0  daddsub_clz.o(x$fpl$drsb)
    _drsb                                    0x08006d09   Thumb Code    22  daddsub_clz.o(x$fpl$drsb)
    _dsqrt                                   0x08006d21   Thumb Code   404  dsqrt_umaal.o(x$fpl$dsqrt)
    __aeabi_dsub                             0x08006eb9   Thumb Code     0  daddsub_clz.o(x$fpl$dsub)
    _dsub                                    0x08006eb9   Thumb Code   464  daddsub_clz.o(x$fpl$dsub)
    _fp_init                                 0x0800708d   Thumb Code    10  fpinit.o(x$fpl$fpinit)
    __fplib_config_fpu_vfp                   0x08007095   Thumb Code     0  fpinit.o(x$fpl$fpinit)
    __fplib_config_pureend_doubles           0x08007095   Thumb Code     0  fpinit.o(x$fpl$fpinit)
    __fpl_return_NaN                         0x08007097   Thumb Code   100  retnan.o(x$fpl$retnan)
    __ARM_scalbn                             0x080070fb   Thumb Code    92  scalbn.o(x$fpl$scalbn)
    __fpl_cmpreturn                          0x08007157   Thumb Code    48  trapv.o(x$fpl$trapveneer)
    __I$use$fp                               0x08007186   Number         0  usenofp.o(x$fpl$usenofp)
    AHBPrescTable                            0x0800718e   Data          16  system_stm32f4xx.o(.constdata)
    APBPrescTable                            0x0800719e   Data           8  system_stm32f4xx.o(.constdata)
    __mathlib_zero                           0x080072f8   Data           8  qnan.o(.constdata)
    Region$$Table$$Base                      0x080073f0   Number         0  anon$$obj.o(Region$$Table)
    Region$$Table$$Limit                     0x08007410   Number         0  anon$$obj.o(Region$$Table)
    USART_FLAG                               0x20000018   Data           1  main.o(.data)
    lx                                       0x2000001a   Data           2  main.o(.data)
    ly                                       0x2000001c   Data           2  main.o(.data)
    rx                                       0x2000001e   Data           2  main.o(.data)
    ry                                       0x20000020   Data           2  main.o(.data)
    receivefactor                            0x20000024   Data           4  main.o(.data)
    factor                                   0x20000028   Data           4  main.o(.data)
    factor1                                  0x2000002c   Data           4  main.o(.data)
    flag                                     0x20000030   Data           4  main.o(.data)
    omega                                    0x20000038   Data           8  main.o(.data)
    thetan1                                  0x20000040   Data           8  main.o(.data)
    thetaf1                                  0x20000048   Data           8  main.o(.data)
    thetas1                                  0x20000050   Data           8  main.o(.data)
    thetan2                                  0x20000058   Data           8  main.o(.data)
    thetaf2                                  0x20000060   Data           8  main.o(.data)
    thetas2                                  0x20000068   Data           8  main.o(.data)
    thetan3                                  0x20000070   Data           8  main.o(.data)
    thetaf3                                  0x20000078   Data           8  main.o(.data)
    thetas3                                  0x20000080   Data           8  main.o(.data)
    thetan4                                  0x20000088   Data           8  main.o(.data)
    thetaf4                                  0x20000090   Data           8  main.o(.data)
    thetas4                                  0x20000098   Data           8  main.o(.data)
    theta1                                   0x200000a0   Data           8  main.o(.data)
    theta2                                   0x200000a8   Data           8  main.o(.data)
    theta3                                   0x200000b0   Data           8  main.o(.data)
    theta4                                   0x200000b8   Data           8  main.o(.data)
    output0                                  0x200000c0   Data           8  main.o(.data)
    output1                                  0x200000c8   Data           8  main.o(.data)
    output2                                  0x200000d0   Data           8  main.o(.data)
    output3                                  0x200000d8   Data           8  main.o(.data)
    output4                                  0x200000e0   Data           8  main.o(.data)
    output5                                  0x200000e8   Data           8  main.o(.data)
    output6                                  0x200000f0   Data           8  main.o(.data)
    output7                                  0x200000f8   Data           8  main.o(.data)
    Vx                                       0x20000100   Data           8  main.o(.data)
    Vy                                       0x20000108   Data           8  main.o(.data)
    lp                                       0x20000110   Data           2  main.o(.data)
    rp                                       0x20000112   Data           2  main.o(.data)
    B1                                       0x20000114   Data           1  main.o(.data)
    B2                                       0x20000115   Data           1  main.o(.data)
    Cal_Parity                               0x20000116   Data           1  main.o(.data)
    uwTickFreq                               0x2000011c   Data           1  stm32f4xx_hal.o(.data)
    uwTickPrio                               0x20000120   Data           4  stm32f4xx_hal.o(.data)
    uwTick                                   0x20000124   Data           4  stm32f4xx_hal.o(.data)
    SystemCoreClock                          0x20000128   Data           4  system_stm32f4xx.o(.data)
    motor_data                               0x2000020c   Data          16  bsp_can.o(.bss)
    motor_data1                              0x2000021c   Data          16  bsp_can.o(.bss)
    DataRe                                   0x2000025c   Data          17  main.o(.bss)
    hcan1                                    0x20000270   Data          40  can.o(.bss)
    hcan2                                    0x20000298   Data          40  can.o(.bss)
    hiwdg                                    0x200002c0   Data          12  iwdg.o(.bss)
    htim10                                   0x200002cc   Data          72  tim.o(.bss)
    huart2                                   0x20000314   Data          68  usart.o(.bss)
    huart3                                   0x20000358   Data          68  usart.o(.bss)
    hdma_usart3_rx                           0x2000039c   Data          96  usart.o(.bss)
    hdma_usart3_tx                           0x200003fc   Data          96  usart.o(.bss)
    rtDW                                     0x20000460   Data         320  pidctl.o(.bss)
    rtU                                      0x200005a0   Data         256  pidctl.o(.bss)
    rtY                                      0x200006a0   Data         128  pidctl.o(.bss)
    rtP                                      0x20000720   Data         144  pidctl_data.o(.bss)
    __libspace_start                         0x200007b0   Data          96  libspace.o(.bss)
    __temporary_stack_top$libspace           0x20000810   Data           0  libspace.o(.bss)



==============================================================================

Memory Map of the image

  Image Entry point : 0x08000189

  Load Region LR_IROM1 (Base: 0x08000000, Size: 0x0000753c, Max: 0x00100000, ABSOLUTE, COMPRESSED[0x0000741c])

    Execution Region ER_IROM1 (Exec base: 0x08000000, Load base: 0x08000000, Size: 0x00007410, Max: 0x00100000, ABSOLUTE)

    Exec Addr    Load Addr    Size         Type   Attr      Idx    E Section Name        Object

    0x08000000   0x08000000   0x00000188   Data   RO            3    RESET               startup_stm32f407xx.o
    0x08000188   0x08000188   0x00000008   Code   RO         3586  * !!!main             c_w.l(__main.o)
    0x08000190   0x08000190   0x00000034   Code   RO         3926    !!!scatter          c_w.l(__scatter.o)
    0x080001c4   0x080001c4   0x0000003a   Code   RO         3924    !!dczerorl          c_w.l(__dczerorl.o)
    0x080001fe   0x080001fe   0x00000002   PAD
    0x08000200   0x08000200   0x0000001c   Code   RO         3928    !!handler_zi        c_w.l(__scatter_zi.o)
    0x0800021c   0x0800021c   0x00000002   Code   RO         3791    .ARM.Collect$$libinit$$00000000  c_w.l(libinit.o)
    0x0800021e   0x0800021e   0x00000004   Code   RO         3802    .ARM.Collect$$libinit$$00000001  c_w.l(libinit2.o)
    0x08000222   0x08000222   0x00000000   Code   RO         3805    .ARM.Collect$$libinit$$00000004  c_w.l(libinit2.o)
    0x08000222   0x08000222   0x00000000   Code   RO         3808    .ARM.Collect$$libinit$$0000000A  c_w.l(libinit2.o)
    0x08000222   0x08000222   0x00000000   Code   RO         3810    .ARM.Collect$$libinit$$0000000C  c_w.l(libinit2.o)
    0x08000222   0x08000222   0x00000000   Code   RO         3812    .ARM.Collect$$libinit$$0000000E  c_w.l(libinit2.o)
    0x08000222   0x08000222   0x00000000   Code   RO         3815    .ARM.Collect$$libinit$$00000011  c_w.l(libinit2.o)
    0x08000222   0x08000222   0x00000000   Code   RO         3817    .ARM.Collect$$libinit$$00000013  c_w.l(libinit2.o)
    0x08000222   0x08000222   0x00000000   Code   RO         3819    .ARM.Collect$$libinit$$00000015  c_w.l(libinit2.o)
    0x08000222   0x08000222   0x00000000   Code   RO         3821    .ARM.Collect$$libinit$$00000017  c_w.l(libinit2.o)
    0x08000222   0x08000222   0x00000000   Code   RO         3823    .ARM.Collect$$libinit$$00000019  c_w.l(libinit2.o)
    0x08000222   0x08000222   0x00000000   Code   RO         3825    .ARM.Collect$$libinit$$0000001B  c_w.l(libinit2.o)
    0x08000222   0x08000222   0x00000000   Code   RO         3827    .ARM.Collect$$libinit$$0000001D  c_w.l(libinit2.o)
    0x08000222   0x08000222   0x00000000   Code   RO         3829    .ARM.Collect$$libinit$$0000001F  c_w.l(libinit2.o)
    0x08000222   0x08000222   0x00000000   Code   RO         3831    .ARM.Collect$$libinit$$00000021  c_w.l(libinit2.o)
    0x08000222   0x08000222   0x00000000   Code   RO         3833    .ARM.Collect$$libinit$$00000023  c_w.l(libinit2.o)
    0x08000222   0x08000222   0x00000000   Code   RO         3835    .ARM.Collect$$libinit$$00000025  c_w.l(libinit2.o)
    0x08000222   0x08000222   0x00000000   Code   RO         3839    .ARM.Collect$$libinit$$0000002C  c_w.l(libinit2.o)
    0x08000222   0x08000222   0x00000000   Code   RO         3841    .ARM.Collect$$libinit$$0000002E  c_w.l(libinit2.o)
    0x08000222   0x08000222   0x00000000   Code   RO         3843    .ARM.Collect$$libinit$$00000030  c_w.l(libinit2.o)
    0x08000222   0x08000222   0x00000000   Code   RO         3845    .ARM.Collect$$libinit$$00000032  c_w.l(libinit2.o)
    0x08000222   0x08000222   0x00000002   Code   RO         3846    .ARM.Collect$$libinit$$00000033  c_w.l(libinit2.o)
    0x08000224   0x08000224   0x00000002   Code   RO         3879    .ARM.Collect$$libshutdown$$00000000  c_w.l(libshutdown.o)
    0x08000226   0x08000226   0x00000000   Code   RO         3905    .ARM.Collect$$libshutdown$$00000002  c_w.l(libshutdown2.o)
    0x08000226   0x08000226   0x00000000   Code   RO         3907    .ARM.Collect$$libshutdown$$00000004  c_w.l(libshutdown2.o)
    0x08000226   0x08000226   0x00000000   Code   RO         3909    .ARM.Collect$$libshutdown$$00000006  c_w.l(libshutdown2.o)
    0x08000226   0x08000226   0x00000000   Code   RO         3912    .ARM.Collect$$libshutdown$$00000009  c_w.l(libshutdown2.o)
    0x08000226   0x08000226   0x00000000   Code   RO         3915    .ARM.Collect$$libshutdown$$0000000C  c_w.l(libshutdown2.o)
    0x08000226   0x08000226   0x00000000   Code   RO         3917    .ARM.Collect$$libshutdown$$0000000E  c_w.l(libshutdown2.o)
    0x08000226   0x08000226   0x00000000   Code   RO         3920    .ARM.Collect$$libshutdown$$00000011  c_w.l(libshutdown2.o)
    0x08000226   0x08000226   0x00000002   Code   RO         3921    .ARM.Collect$$libshutdown$$00000012  c_w.l(libshutdown2.o)
    0x08000228   0x08000228   0x00000000   Code   RO         3696    .ARM.Collect$$rtentry$$00000000  c_w.l(__rtentry.o)
    0x08000228   0x08000228   0x00000000   Code   RO         3752    .ARM.Collect$$rtentry$$00000002  c_w.l(__rtentry2.o)
    0x08000228   0x08000228   0x00000006   Code   RO         3764    .ARM.Collect$$rtentry$$00000004  c_w.l(__rtentry4.o)
    0x0800022e   0x0800022e   0x00000000   Code   RO         3754    .ARM.Collect$$rtentry$$00000009  c_w.l(__rtentry2.o)
    0x0800022e   0x0800022e   0x00000004   Code   RO         3755    .ARM.Collect$$rtentry$$0000000A  c_w.l(__rtentry2.o)
    0x08000232   0x08000232   0x00000000   Code   RO         3757    .ARM.Collect$$rtentry$$0000000C  c_w.l(__rtentry2.o)
    0x08000232   0x08000232   0x00000008   Code   RO         3758    .ARM.Collect$$rtentry$$0000000D  c_w.l(__rtentry2.o)
    0x0800023a   0x0800023a   0x00000002   Code   RO         3794    .ARM.Collect$$rtexit$$00000000  c_w.l(rtexit.o)
    0x0800023c   0x0800023c   0x00000000   Code   RO         3852    .ARM.Collect$$rtexit$$00000002  c_w.l(rtexit2.o)
    0x0800023c   0x0800023c   0x00000004   Code   RO         3853    .ARM.Collect$$rtexit$$00000003  c_w.l(rtexit2.o)
    0x08000240   0x08000240   0x00000006   Code   RO         3854    .ARM.Collect$$rtexit$$00000004  c_w.l(rtexit2.o)
    0x08000246   0x08000246   0x00000002   PAD
    0x08000248   0x08000248   0x00000040   Code   RO            4    .text               startup_stm32f407xx.o
    0x08000288   0x08000288   0x000000ee   Code   RO         3580    .text               c_w.l(lludivv7m.o)
    0x08000376   0x08000376   0x0000004e   Code   RO         3582    .text               c_w.l(rt_memclr_w.o)
    0x080003c4   0x080003c4   0x00000006   Code   RO         3584    .text               c_w.l(heapauxi.o)
    0x080003ca   0x080003ca   0x00000016   Code   RO         3701    .text               c_w.l(_rserrno.o)
    0x080003e0   0x080003e0   0x00000008   Code   RO         3771    .text               c_w.l(rt_errno_addr_intlibspace.o)
    0x080003e8   0x080003e8   0x00000008   Code   RO         3775    .text               c_w.l(libspace.o)
    0x080003f0   0x080003f0   0x0000004a   Code   RO         3778    .text               c_w.l(sys_stackheap_outer.o)
    0x0800043a   0x0800043a   0x00000012   Code   RO         3780    .text               c_w.l(exit.o)
    0x0800044c   0x0800044c   0x0000000c   Code   RO         3849    .text               c_w.l(sys_exit.o)
    0x08000458   0x08000458   0x00000002   Code   RO         3868    .text               c_w.l(use_no_semi.o)
    0x0800045a   0x0800045a   0x00000000   Code   RO         3870    .text               c_w.l(indicate_semi.o)
    0x0800045a   0x0800045a   0x00000002   PAD
    0x0800045c   0x0800045c   0x00000014   Code   RO         3445    i.Apid2006          motorctrl.o
    0x08000470   0x08000470   0x00000002   Code   RO          527    i.BusFault_Handler  stm32f4xx_it.o
    0x08000472   0x08000472   0x00000002   PAD
    0x08000474   0x08000474   0x000000e8   Code   RO         3547    i.CAL_MESSAGE       calculate.o
    0x0800055c   0x0800055c   0x0000000c   Code   RO          528    i.CAN1_RX0_IRQHandler  stm32f4xx_it.o
    0x08000568   0x08000568   0x0000000c   Code   RO          529    i.CAN1_TX_IRQHandler  stm32f4xx_it.o
    0x08000574   0x08000574   0x00000048   Code   RO           13    i.CAN1_cmd_chassis  bsp_can.o
    0x080005bc   0x080005bc   0x0000000c   Code   RO          530    i.CAN2_RX0_IRQHandler  stm32f4xx_it.o
    0x080005c8   0x080005c8   0x0000000c   Code   RO          531    i.CAN2_TX_IRQHandler  stm32f4xx_it.o
    0x080005d4   0x080005d4   0x00000048   Code   RO           14    i.CAN2_cmd_chassis  bsp_can.o
    0x0800061c   0x0800061c   0x00000016   Code   RO         3548    i.CalculateParity   calculate.o
    0x08000632   0x08000632   0x00000002   PAD
    0x08000634   0x08000634   0x0000000c   Code   RO          532    i.DMA1_Stream1_IRQHandler  stm32f4xx_it.o
    0x08000640   0x08000640   0x0000000c   Code   RO          533    i.DMA1_Stream3_IRQHandler  stm32f4xx_it.o
    0x0800064c   0x0800064c   0x00000028   Code   RO         1374    i.DMA_CalcBaseAndBitshift  stm32f4xx_hal_dma.o
    0x08000674   0x08000674   0x00000054   Code   RO         1375    i.DMA_CheckFifoParam  stm32f4xx_hal_dma.o
    0x080006c8   0x080006c8   0x00000028   Code   RO         1376    i.DMA_SetConfig     stm32f4xx_hal_dma.o
    0x080006f0   0x080006f0   0x00000002   Code   RO          534    i.DebugMon_Handler  stm32f4xx_it.o
    0x080006f2   0x080006f2   0x00000004   Code   RO          193    i.Error_Handler     main.o
    0x080006f6   0x080006f6   0x00000024   Code   RO          682    i.HAL_CAN_ActivateNotification  stm32f4xx_hal_can.o
    0x0800071a   0x0800071a   0x000000dc   Code   RO          683    i.HAL_CAN_AddTxMessage  stm32f4xx_hal_can.o
    0x080007f6   0x080007f6   0x00000002   PAD
    0x080007f8   0x080007f8   0x0000010c   Code   RO          684    i.HAL_CAN_ConfigFilter  stm32f4xx_hal_can.o
    0x08000904   0x08000904   0x00000002   Code   RO          687    i.HAL_CAN_ErrorCallback  stm32f4xx_hal_can.o
    0x08000906   0x08000906   0x000000e8   Code   RO          690    i.HAL_CAN_GetRxMessage  stm32f4xx_hal_can.o
    0x080009ee   0x080009ee   0x000001fc   Code   RO          694    i.HAL_CAN_IRQHandler  stm32f4xx_hal_can.o
    0x08000bea   0x08000bea   0x0000011a   Code   RO          695    i.HAL_CAN_Init      stm32f4xx_hal_can.o
    0x08000d04   0x08000d04   0x0000011c   Code   RO          335    i.HAL_CAN_MspInit   can.o
    0x08000e20   0x08000e20   0x00000002   Code   RO          702    i.HAL_CAN_RxFifo0FullCallback  stm32f4xx_hal_can.o
    0x08000e22   0x08000e22   0x00000002   PAD
    0x08000e24   0x08000e24   0x000000e4   Code   RO           15    i.HAL_CAN_RxFifo0MsgPendingCallback  bsp_can.o
    0x08000f08   0x08000f08   0x00000002   Code   RO          704    i.HAL_CAN_RxFifo1FullCallback  stm32f4xx_hal_can.o
    0x08000f0a   0x08000f0a   0x00000002   Code   RO          705    i.HAL_CAN_RxFifo1MsgPendingCallback  stm32f4xx_hal_can.o
    0x08000f0c   0x08000f0c   0x00000002   Code   RO          706    i.HAL_CAN_SleepCallback  stm32f4xx_hal_can.o
    0x08000f0e   0x08000f0e   0x00000002   PAD
    0x08000f10   0x08000f10   0x00000058   Code   RO          707    i.HAL_CAN_Start     stm32f4xx_hal_can.o
    0x08000f68   0x08000f68   0x00000002   Code   RO          709    i.HAL_CAN_TxMailbox0AbortCallback  stm32f4xx_hal_can.o
    0x08000f6a   0x08000f6a   0x00000002   Code   RO          710    i.HAL_CAN_TxMailbox0CompleteCallback  stm32f4xx_hal_can.o
    0x08000f6c   0x08000f6c   0x00000002   Code   RO          711    i.HAL_CAN_TxMailbox1AbortCallback  stm32f4xx_hal_can.o
    0x08000f6e   0x08000f6e   0x00000002   Code   RO          712    i.HAL_CAN_TxMailbox1CompleteCallback  stm32f4xx_hal_can.o
    0x08000f70   0x08000f70   0x00000002   Code   RO          713    i.HAL_CAN_TxMailbox2AbortCallback  stm32f4xx_hal_can.o
    0x08000f72   0x08000f72   0x00000002   Code   RO          714    i.HAL_CAN_TxMailbox2CompleteCallback  stm32f4xx_hal_can.o
    0x08000f74   0x08000f74   0x00000002   Code   RO          716    i.HAL_CAN_WakeUpFromRxMsgCallback  stm32f4xx_hal_can.o
    0x08000f76   0x08000f76   0x00000092   Code   RO         1377    i.HAL_DMA_Abort     stm32f4xx_hal_dma.o
    0x08001008   0x08001008   0x00000024   Code   RO         1378    i.HAL_DMA_Abort_IT  stm32f4xx_hal_dma.o
    0x0800102c   0x0800102c   0x000001a0   Code   RO         1382    i.HAL_DMA_IRQHandler  stm32f4xx_hal_dma.o
    0x080011cc   0x080011cc   0x000000d4   Code   RO         1383    i.HAL_DMA_Init      stm32f4xx_hal_dma.o
    0x080012a0   0x080012a0   0x0000006e   Code   RO         1387    i.HAL_DMA_Start_IT  stm32f4xx_hal_dma.o
    0x0800130e   0x0800130e   0x00000002   PAD
    0x08001310   0x08001310   0x000001f0   Code   RO         1270    i.HAL_GPIO_Init     stm32f4xx_hal_gpio.o
    0x08001500   0x08001500   0x0000000c   Code   RO         1802    i.HAL_GetTick       stm32f4xx_hal.o
    0x0800150c   0x0800150c   0x0000005a   Code   RO         2047    i.HAL_IWDG_Init     stm32f4xx_hal_iwdg.o
    0x08001566   0x08001566   0x0000000c   Code   RO         2048    i.HAL_IWDG_Refresh  stm32f4xx_hal_iwdg.o
    0x08001572   0x08001572   0x00000002   PAD
    0x08001574   0x08001574   0x00000010   Code   RO         1808    i.HAL_IncTick       stm32f4xx_hal.o
    0x08001584   0x08001584   0x00000034   Code   RO         1809    i.HAL_Init          stm32f4xx_hal.o
    0x080015b8   0x080015b8   0x00000040   Code   RO         1810    i.HAL_InitTick      stm32f4xx_hal.o
    0x080015f8   0x080015f8   0x00000030   Code   RO          657    i.HAL_MspInit       stm32f4xx_hal_msp.o
    0x08001628   0x08001628   0x0000001a   Code   RO         1659    i.HAL_NVIC_EnableIRQ  stm32f4xx_hal_cortex.o
    0x08001642   0x08001642   0x00000002   PAD
    0x08001644   0x08001644   0x00000040   Code   RO         1665    i.HAL_NVIC_SetPriority  stm32f4xx_hal_cortex.o
    0x08001684   0x08001684   0x00000024   Code   RO         1666    i.HAL_NVIC_SetPriorityGrouping  stm32f4xx_hal_cortex.o
    0x080016a8   0x080016a8   0x00000134   Code   RO          916    i.HAL_RCC_ClockConfig  stm32f4xx_hal_rcc.o
    0x080017dc   0x080017dc   0x00000020   Code   RO          923    i.HAL_RCC_GetPCLK1Freq  stm32f4xx_hal_rcc.o
    0x080017fc   0x080017fc   0x00000020   Code   RO          924    i.HAL_RCC_GetPCLK2Freq  stm32f4xx_hal_rcc.o
    0x0800181c   0x0800181c   0x00000060   Code   RO          925    i.HAL_RCC_GetSysClockFreq  stm32f4xx_hal_rcc.o
    0x0800187c   0x0800187c   0x0000036c   Code   RO          928    i.HAL_RCC_OscConfig  stm32f4xx_hal_rcc.o
    0x08001be8   0x08001be8   0x00000028   Code   RO         1670    i.HAL_SYSTICK_Config  stm32f4xx_hal_cortex.o
    0x08001c10   0x08001c10   0x00000002   Code   RO         2783    i.HAL_TIMEx_BreakCallback  stm32f4xx_hal_tim_ex.o
    0x08001c12   0x08001c12   0x00000002   Code   RO         2784    i.HAL_TIMEx_CommutCallback  stm32f4xx_hal_tim_ex.o
    0x08001c14   0x08001c14   0x0000005a   Code   RO         2079    i.HAL_TIM_Base_Init  stm32f4xx_hal_tim.o
    0x08001c6e   0x08001c6e   0x00000002   PAD
    0x08001c70   0x08001c70   0x0000003c   Code   RO          438    i.HAL_TIM_Base_MspInit  tim.o
    0x08001cac   0x08001cac   0x00000080   Code   RO         2084    i.HAL_TIM_Base_Start_IT  stm32f4xx_hal_tim.o
    0x08001d2c   0x08001d2c   0x00000002   Code   RO         2113    i.HAL_TIM_IC_CaptureCallback  stm32f4xx_hal_tim.o
    0x08001d2e   0x08001d2e   0x00000166   Code   RO         2127    i.HAL_TIM_IRQHandler  stm32f4xx_hal_tim.o
    0x08001e94   0x08001e94   0x00000002   Code   RO         2130    i.HAL_TIM_OC_DelayElapsedCallback  stm32f4xx_hal_tim.o
    0x08001e96   0x08001e96   0x00000002   Code   RO         2157    i.HAL_TIM_PWM_PulseFinishedCallback  stm32f4xx_hal_tim.o
    0x08001e98   0x08001e98   0x00000cd0   Code   RO          194    i.HAL_TIM_PeriodElapsedCallback  main.o
    0x08002b68   0x08002b68   0x00000002   Code   RO         2170    i.HAL_TIM_TriggerCallback  stm32f4xx_hal_tim.o
    0x08002b6a   0x08002b6a   0x00000002   Code   RO         3061    i.HAL_UARTEx_RxEventCallback  stm32f4xx_hal_uart.o
    0x08002b6c   0x08002b6c   0x0000002c   Code   RO          195    i.HAL_UART_ErrorCallback  main.o
    0x08002b98   0x08002b98   0x00000268   Code   RO         3078    i.HAL_UART_IRQHandler  stm32f4xx_hal_uart.o
    0x08002e00   0x08002e00   0x00000062   Code   RO         3079    i.HAL_UART_Init     stm32f4xx_hal_uart.o
    0x08002e62   0x08002e62   0x00000002   PAD
    0x08002e64   0x08002e64   0x00000138   Code   RO          480    i.HAL_UART_MspInit  usart.o
    0x08002f9c   0x08002f9c   0x0000002a   Code   RO         3083    i.HAL_UART_Receive_DMA  stm32f4xx_hal_uart.o
    0x08002fc6   0x08002fc6   0x00000002   PAD
    0x08002fc8   0x08002fc8   0x00000068   Code   RO          196    i.HAL_UART_RxCpltCallback  main.o
    0x08003030   0x08003030   0x00000002   Code   RO         3086    i.HAL_UART_RxHalfCpltCallback  stm32f4xx_hal_uart.o
    0x08003032   0x08003032   0x00000002   Code   RO         3090    i.HAL_UART_TxCpltCallback  stm32f4xx_hal_uart.o
    0x08003034   0x08003034   0x00000002   Code   RO          535    i.HardFault_Handler  stm32f4xx_it.o
    0x08003036   0x08003036   0x00000002   PAD
    0x08003038   0x08003038   0x00000114   Code   RO         3494    i.IfAction_speedSubsystem  pidctl.o
    0x0800314c   0x0800314c   0x0000038c   Code   RO         3495    i.IfAction_speedSubsystem1  pidctl.o
    0x080034d8   0x080034d8   0x00000044   Code   RO          336    i.MX_CAN1_Init      can.o
    0x0800351c   0x0800351c   0x00000044   Code   RO          337    i.MX_CAN2_Init      can.o
    0x08003560   0x08003560   0x0000003c   Code   RO          383    i.MX_DMA_Init       dma.o
    0x0800359c   0x0800359c   0x0000004c   Code   RO          310    i.MX_GPIO_Init      gpio.o
    0x080035e8   0x080035e8   0x0000002c   Code   RO          407    i.MX_IWDG_Init      iwdg.o
    0x08003614   0x08003614   0x00000038   Code   RO          439    i.MX_TIM10_Init     tim.o
    0x0800364c   0x0800364c   0x00000038   Code   RO          481    i.MX_USART2_UART_Init  usart.o
    0x08003684   0x08003684   0x00000038   Code   RO          482    i.MX_USART3_UART_Init  usart.o
    0x080036bc   0x080036bc   0x00000002   Code   RO          536    i.MemManage_Handler  stm32f4xx_it.o
    0x080036be   0x080036be   0x00000002   Code   RO          537    i.NMI_Handler       stm32f4xx_it.o
    0x080036c0   0x080036c0   0x00000002   Code   RO          538    i.PendSV_Handler    stm32f4xx_it.o
    0x080036c2   0x080036c2   0x00000002   Code   RO          539    i.SVC_Handler       stm32f4xx_it.o
    0x080036c4   0x080036c4   0x00000004   Code   RO          540    i.SysTick_Handler   stm32f4xx_it.o
    0x080036c8   0x080036c8   0x00000098   Code   RO          197    i.SystemClock_Config  main.o
    0x08003760   0x08003760   0x00000010   Code   RO         3408    i.SystemInit        system_stm32f4xx.o
    0x08003770   0x08003770   0x0000000c   Code   RO          541    i.TIM1_UP_TIM10_IRQHandler  stm32f4xx_it.o
    0x0800377c   0x0800377c   0x000000c8   Code   RO         2172    i.TIM_Base_SetConfig  stm32f4xx_hal_tim.o
    0x08003844   0x08003844   0x00000010   Code   RO         3092    i.UART_DMAAbortOnError  stm32f4xx_hal_uart.o
    0x08003854   0x08003854   0x0000004a   Code   RO         3093    i.UART_DMAError     stm32f4xx_hal_uart.o
    0x0800389e   0x0800389e   0x00000082   Code   RO         3094    i.UART_DMAReceiveCplt  stm32f4xx_hal_uart.o
    0x08003920   0x08003920   0x0000001a   Code   RO         3096    i.UART_DMARxHalfCplt  stm32f4xx_hal_uart.o
    0x0800393a   0x0800393a   0x0000004e   Code   RO         3102    i.UART_EndRxTransfer  stm32f4xx_hal_uart.o
    0x08003988   0x08003988   0x0000001c   Code   RO         3103    i.UART_EndTxTransfer  stm32f4xx_hal_uart.o
    0x080039a4   0x080039a4   0x000000c0   Code   RO         3104    i.UART_Receive_IT   stm32f4xx_hal_uart.o
    0x08003a64   0x08003a64   0x0000010c   Code   RO         3105    i.UART_SetConfig    stm32f4xx_hal_uart.o
    0x08003b70   0x08003b70   0x00000094   Code   RO         3106    i.UART_Start_Receive_DMA  stm32f4xx_hal_uart.o
    0x08003c04   0x08003c04   0x0000000c   Code   RO          542    i.USART2_IRQHandler  stm32f4xx_it.o
    0x08003c10   0x08003c10   0x0000000c   Code   RO          543    i.USART3_IRQHandler  stm32f4xx_it.o
    0x08003c1c   0x08003c1c   0x00000002   Code   RO          544    i.UsageFault_Handler  stm32f4xx_it.o
    0x08003c1e   0x08003c1e   0x00000030   Code   RO         3735    i.__ARM_fpclassify  m_wm.l(fpclassify.o)
    0x08003c4e   0x08003c4e   0x00000020   Code   RO         1672    i.__NVIC_SetPriority  stm32f4xx_hal_cortex.o
    0x08003c6e   0x08003c6e   0x00000002   PAD
    0x08003c70   0x08003c70   0x000002d8   Code   RO         3614    i.__hardfp_atan     m_wm.l(atan.o)
    0x08003f48   0x08003f48   0x00000200   Code   RO         3628    i.__hardfp_atan2    m_wm.l(atan2.o)
    0x08004148   0x08004148   0x000000c8   Code   RO         3640    i.__hardfp_cos      m_wm.l(cos.o)
    0x08004210   0x08004210   0x00000014   Code   RO         3652    i.__hardfp_fabs     m_wm.l(fabs.o)
    0x08004224   0x08004224   0x00000004   PAD
    0x08004228   0x08004228   0x00000c50   Code   RO         3658    i.__hardfp_pow      m_wm.l(pow.o)
    0x08004e78   0x08004e78   0x000000c8   Code   RO         3672    i.__hardfp_sin      m_wm.l(sin.o)
    0x08004f40   0x08004f40   0x0000007a   Code   RO         3684    i.__hardfp_sqrt     m_wm.l(sqrt.o)
    0x08004fba   0x08004fba   0x00000006   PAD
    0x08004fc0   0x08004fc0   0x00000438   Code   RO         3740    i.__ieee754_rem_pio2  m_wm.l(rred.o)
    0x080053f8   0x080053f8   0x00000170   Code   RO         3718    i.__kernel_cos      m_wm.l(cos_i.o)
    0x08005568   0x08005568   0x000000f8   Code   RO         3737    i.__kernel_poly     m_wm.l(poly.o)
    0x08005660   0x08005660   0x00000130   Code   RO         3745    i.__kernel_sin      m_wm.l(sin_i.o)
    0x08005790   0x08005790   0x00000030   Code   RO         3721    i.__mathlib_dbl_divzero  m_wm.l(dunder.o)
    0x080057c0   0x080057c0   0x00000014   Code   RO         3722    i.__mathlib_dbl_infnan  m_wm.l(dunder.o)
    0x080057d4   0x080057d4   0x00000014   Code   RO         3723    i.__mathlib_dbl_infnan2  m_wm.l(dunder.o)
    0x080057e8   0x080057e8   0x00000020   Code   RO         3724    i.__mathlib_dbl_invalid  m_wm.l(dunder.o)
    0x08005808   0x08005808   0x00000020   Code   RO         3725    i.__mathlib_dbl_overflow  m_wm.l(dunder.o)
    0x08005828   0x08005828   0x00000020   Code   RO         3727    i.__mathlib_dbl_underflow  m_wm.l(dunder.o)
    0x08005848   0x08005848   0x00000010   Code   RO         3616    i.atan              m_wm.l(atan.o)
    0x08005858   0x08005858   0x00000038   Code   RO           16    i.can_filter_init   bsp_can.o
    0x08005890   0x08005890   0x00000026   Code   RO           17    i.circle_cc         bsp_can.o
    0x080058b6   0x080058b6   0x00000002   PAD
    0x080058b8   0x080058b8   0x0000056a   Code   RO         3446    i.ctrlmotor         motorctrl.o
    0x08005e22   0x08005e22   0x00000018   Code   RO         3654    i.fabs              m_wm.l(fabs.o)
    0x08005e3a   0x08005e3a   0x00000002   PAD
    0x08005e3c   0x08005e3c   0x00000010   Code   RO           18    i.get_chassis_motor_measure_point  bsp_can.o
    0x08005e4c   0x08005e4c   0x00000010   Code   RO           19    i.get_chassis_motor_measure_point1  bsp_can.o
    0x08005e5c   0x08005e5c   0x00000110   Code   RO          198    i.main              main.o
    0x08005f6c   0x08005f6c   0x0000002c   Code   RO           20    i.motor_state_update  bsp_can.o
    0x08005f98   0x08005f98   0x0000002c   Code   RO           21    i.motor_state_update1  bsp_can.o
    0x08005fc4   0x08005fc4   0x00000014   Code   RO         3447    i.pid2006           motorctrl.o
    0x08005fd8   0x08005fd8   0x00000038   Code   RO         3448    i.pid3508           motorctrl.o
    0x08006010   0x08006010   0x00000002   Code   RO         3496    i.pidctl_initialize  pidctl.o
    0x08006012   0x08006012   0x00000002   PAD
    0x08006014   0x08006014   0x00000438   Code   RO         3497    i.pidctl_step       pidctl.o
    0x0800644c   0x0800644c   0x0000006e   Code   RO         3686    i.sqrt              m_wm.l(sqrt.o)
    0x080064ba   0x080064ba   0x00000018   Code   RO         3703    x$fpl$basic         fz_wm.l(basic.o)
    0x080064d2   0x080064d2   0x00000002   PAD
    0x080064d4   0x080064d4   0x00000150   Code   RO         3588    x$fpl$dadd          fz_wm.l(daddsub_clz.o)
    0x08006624   0x08006624   0x00000010   Code   RO         3773    x$fpl$dcheck1       fz_wm.l(dcheck1.o)
    0x08006634   0x08006634   0x00000018   Code   RO         3705    x$fpl$dcmpinf       fz_wm.l(dcmpi.o)
    0x0800664c   0x0800664c   0x000002b0   Code   RO         3595    x$fpl$ddiv          fz_wm.l(ddiv.o)
    0x080068fc   0x080068fc   0x00000078   Code   RO         3707    x$fpl$deqf          fz_wm.l(deqf.o)
    0x08006974   0x08006974   0x0000005e   Code   RO         3598    x$fpl$dfix          fz_wm.l(dfix.o)
    0x080069d2   0x080069d2   0x0000002e   Code   RO         3603    x$fpl$dflt          fz_wm.l(dflt_clz.o)
    0x08006a00   0x08006a00   0x00000026   Code   RO         3602    x$fpl$dfltu         fz_wm.l(dflt_clz.o)
    0x08006a26   0x08006a26   0x00000002   PAD
    0x08006a28   0x08006a28   0x00000078   Code   RO         3608    x$fpl$dleqf         fz_wm.l(dleqf.o)
    0x08006aa0   0x08006aa0   0x00000154   Code   RO         3610    x$fpl$dmul          fz_wm.l(dmul.o)
    0x08006bf4   0x08006bf4   0x0000009c   Code   RO         3709    x$fpl$dnaninf       fz_wm.l(dnaninf.o)
    0x08006c90   0x08006c90   0x0000000c   Code   RO         3711    x$fpl$dretinf       fz_wm.l(dretinf.o)
    0x08006c9c   0x08006c9c   0x0000006c   Code   RO         3612    x$fpl$drleqf        fz_wm.l(drleqf.o)
    0x08006d08   0x08006d08   0x00000016   Code   RO         3589    x$fpl$drsb          fz_wm.l(daddsub_clz.o)
    0x08006d1e   0x08006d1e   0x00000002   PAD
    0x08006d20   0x08006d20   0x00000198   Code   RO         3713    x$fpl$dsqrt         fz_wm.l(dsqrt_umaal.o)
    0x08006eb8   0x08006eb8   0x000001d4   Code   RO         3590    x$fpl$dsub          fz_wm.l(daddsub_clz.o)
    0x0800708c   0x0800708c   0x0000000a   Code   RO         3864    x$fpl$fpinit        fz_wm.l(fpinit.o)
    0x08007096   0x08007096   0x00000064   Code   RO         3792    x$fpl$retnan        fz_wm.l(retnan.o)
    0x080070fa   0x080070fa   0x0000005c   Code   RO         3715    x$fpl$scalbn        fz_wm.l(scalbn.o)
    0x08007156   0x08007156   0x00000030   Code   RO         3847    x$fpl$trapveneer    fz_wm.l(trapv.o)
    0x08007186   0x08007186   0x00000000   Code   RO         3717    x$fpl$usenofp       fz_wm.l(usenofp.o)
    0x08007186   0x08007186   0x00000008   Data   RO         1389    .constdata          stm32f4xx_hal_dma.o
    0x0800718e   0x0800718e   0x00000010   Data   RO         3409    .constdata          system_stm32f4xx.o
    0x0800719e   0x0800719e   0x00000008   Data   RO         3410    .constdata          system_stm32f4xx.o
    0x080071a6   0x080071a6   0x00000002   PAD
    0x080071a8   0x080071a8   0x00000098   Data   RO         3617    .constdata          m_wm.l(atan.o)
    0x08007240   0x08007240   0x00000088   Data   RO         3661    .constdata          m_wm.l(pow.o)
    0x080072c8   0x080072c8   0x00000030   Data   RO         3719    .constdata          m_wm.l(cos_i.o)
    0x080072f8   0x080072f8   0x00000008   Data   RO         3739    .constdata          m_wm.l(qnan.o)
    0x08007300   0x08007300   0x000000c8   Data   RO         3742    .constdata          m_wm.l(rred.o)
    0x080073c8   0x080073c8   0x00000028   Data   RO         3746    .constdata          m_wm.l(sin_i.o)
    0x080073f0   0x080073f0   0x00000020   Data   RO         3922    Region$$Table       anon$$obj.o


    Execution Region RW_IRAM1 (Exec base: 0x20000000, Load base: 0x08007410, Size: 0x00000e10, Max: 0x0001c000, ABSOLUTE, COMPRESSED[0x0000000c])

    Exec Addr    Load Addr    Size         Type   Attr      Idx    E Section Name        Object

    0x20000000   COMPRESSED   0x00000012   Data   RW           23    .data               bsp_can.o
    0x20000012   COMPRESSED   0x00000006   PAD
    0x20000018   COMPRESSED   0x000000f8   Data   RW          200    .data               main.o
    0x20000110   COMPRESSED   0x00000002   Data   RW          206    .data               main.o
    0x20000112   COMPRESSED   0x00000002   Data   RW          207    .data               main.o
    0x20000114   COMPRESSED   0x00000001   Data   RW          208    .data               main.o
    0x20000115   COMPRESSED   0x00000001   Data   RW          209    .data               main.o
    0x20000116   COMPRESSED   0x00000001   Data   RW          210    .data               main.o
    0x20000117   COMPRESSED   0x00000001   PAD
    0x20000118   COMPRESSED   0x00000004   Data   RW          339    .data               can.o
    0x2000011c   COMPRESSED   0x0000000c   Data   RW         1816    .data               stm32f4xx_hal.o
    0x20000128   COMPRESSED   0x00000004   Data   RW         3411    .data               system_stm32f4xx.o
    0x2000012c        -       0x00000130   Zero   RW           22    .bss                bsp_can.o
    0x2000025c        -       0x00000011   Zero   RW          199    .bss                main.o
    0x2000026d   COMPRESSED   0x00000003   PAD
    0x20000270        -       0x00000050   Zero   RW          338    .bss                can.o
    0x200002c0        -       0x0000000c   Zero   RW          408    .bss                iwdg.o
    0x200002cc        -       0x00000048   Zero   RW          440    .bss                tim.o
    0x20000314        -       0x00000148   Zero   RW          483    .bss                usart.o
    0x2000045c   COMPRESSED   0x00000004   PAD
    0x20000460        -       0x000002c0   Zero   RW         3498    .bss                pidctl.o
    0x20000720        -       0x00000090   Zero   RW         3531    .bss                pidctl_data.o
    0x200007b0        -       0x00000060   Zero   RW         3776    .bss                c_w.l(libspace.o)
    0x20000810        -       0x00000200   Zero   RW            2    HEAP                startup_stm32f407xx.o
    0x20000a10        -       0x00000400   Zero   RW            1    STACK               startup_stm32f407xx.o


    Execution Region RW_IRAM2 (Exec base: 0x2001c000, Load base: 0x0800741c, Size: 0x00000000, Max: 0x00004000, ABSOLUTE)

    **** No section assigned to this execution region ****


==============================================================================

Image component sizes


      Code (inc. data)   RO Data    RW Data    ZI Data      Debug   Object Name

       586         66          0         18        304     709973   bsp_can.o
       254         46          0          0          0       1756   calculate.o
       420         42          0          4         80       2598   can.o
        60          4          0          0          0        826   dma.o
        76          6          0          0          0        915   gpio.o
        44          8          0          0         12        767   iwdg.o
      3856        236          0        255         17       8589   main.o
      1482         48          0          0          0       3847   motorctrl.o
      2266        168          0          0        704       8379   pidctl.o
         0          0          0          0        144       3013   pidctl_data.o
        64         26        392          0       1536        864   startup_stm32f407xx.o
       144         24          0         12          0       8921   stm32f4xx_hal.o
      1658          6          0          0          0      14687   stm32f4xx_hal_can.o
       198         14          0          0          0      34067   stm32f4xx_hal_cortex.o
      1084         16          8          0          0       7538   stm32f4xx_hal_dma.o
       496         46          0          0          0       1572   stm32f4xx_hal_gpio.o
       102          0          0          0          0       1947   stm32f4xx_hal_iwdg.o
        48          6          0          0          0        898   stm32f4xx_hal_msp.o
      1344         72          0          0          0       5360   stm32f4xx_hal_rcc.o
       784         72          0          0          0       7001   stm32f4xx_hal_tim.o
         4          0          0          0          0       1661   stm32f4xx_hal_tim_ex.o
      1722         30          0          0          0      12303   stm32f4xx_hal_uart.o
       128         54          0          0          0       8807   stm32f4xx_it.o
        16          4         24          4          0       1187   system_stm32f4xx.o
       116         20          0          0         72       1688   tim.o
       424         46          0          0        328       2717   usart.o

    ----------------------------------------------------------------------
     17406       1060        458        300       3204     851881   Object Totals
         0          0         32          0          0          0   (incl. Generated)
        30          0          2          7          7          0   (incl. Padding)

    ----------------------------------------------------------------------

      Code (inc. data)   RO Data    RW Data    ZI Data      Debug   Library Member Name

        58          0          0          0          0          0   __dczerorl.o
         8          0          0          0          0         68   __main.o
         0          0          0          0          0          0   __rtentry.o
        12          0          0          0          0          0   __rtentry2.o
         6          0          0          0          0          0   __rtentry4.o
        52          8          0          0          0          0   __scatter.o
        28          0          0          0          0          0   __scatter_zi.o
        22          0          0          0          0        100   _rserrno.o
        18          0          0          0          0         80   exit.o
         6          0          0          0          0        152   heapauxi.o
         0          0          0          0          0          0   indicate_semi.o
         2          0          0          0          0          0   libinit.o
         6          0          0          0          0          0   libinit2.o
         2          0          0          0          0          0   libshutdown.o
         2          0          0          0          0          0   libshutdown2.o
         8          4          0          0         96         68   libspace.o
       238          0          0          0          0        100   lludivv7m.o
         8          4          0          0          0         68   rt_errno_addr_intlibspace.o
        78          0          0          0          0         80   rt_memclr_w.o
         2          0          0          0          0          0   rtexit.o
        10          0          0          0          0          0   rtexit2.o
        12          4          0          0          0         68   sys_exit.o
        74          0          0          0          0         80   sys_stackheap_outer.o
         2          0          0          0          0         68   use_no_semi.o
        24          0          0          0          0        164   basic.o
       826         16          0          0          0        492   daddsub_clz.o
        16          4          0          0          0        116   dcheck1.o
        24          0          0          0          0        116   dcmpi.o
       688        140          0          0          0        256   ddiv.o
       120          4          0          0          0        140   deqf.o
        94          4          0          0          0        140   dfix.o
        84          0          0          0          0        232   dflt_clz.o
       120          4          0          0          0        140   dleqf.o
       340         12          0          0          0        152   dmul.o
       156          4          0          0          0        140   dnaninf.o
        12          0          0          0          0        116   dretinf.o
       108          0          0          0          0        128   drleqf.o
       408         56          0          0          0        168   dsqrt_umaal.o
        10          0          0          0          0        116   fpinit.o
       100          0          0          0          0        116   retnan.o
        92          0          0          0          0        116   scalbn.o
        48          0          0          0          0        116   trapv.o
         0          0          0          0          0          0   usenofp.o
       744        106        152          0          0        352   atan.o
       512         64          0          0          0        208   atan2.o
       200         20          0          0          0        164   cos.o
       368         46         48          0          0        200   cos_i.o
       184         44          0          0          0        744   dunder.o
        44          0          0          0          0        248   fabs.o
        48          0          0          0          0        124   fpclassify.o
       248          0          0          0          0        152   poly.o
      3152        296        136          0          0        352   pow.o
         0          0          8          0          0          0   qnan.o
      1080        142        200          0          0        188   rred.o
       200         20          0          0          0        164   sin.o
       304         24         40          0          0        208   sin_i.o
       232          0          0          0          0        296   sqrt.o

    ----------------------------------------------------------------------
     11264       1026        584          0         96       7296   Library Totals
        24          0          0          0          0          0   (incl. Padding)

    ----------------------------------------------------------------------

      Code (inc. data)   RO Data    RW Data    ZI Data      Debug   Library Name

       654         20          0          0         96        932   c_w.l
      3270        244          0          0          0       2964   fz_wm.l
      7316        762        584          0          0       3400   m_wm.l

    ----------------------------------------------------------------------
     11264       1026        584          0         96       7296   Library Totals

    ----------------------------------------------------------------------

==============================================================================


      Code (inc. data)   RO Data    RW Data    ZI Data      Debug   

     28670       2086       1042        300       3300     843113   Grand Totals
     28670       2086       1042         12       3300     843113   ELF Image Totals (compressed)
     28670       2086       1042         12          0          0   ROM Totals

==============================================================================

    Total RO  Size (Code + RO Data)                29712 (  29.02kB)
    Total RW  Size (RW Data + ZI Data)              3600 (   3.52kB)
    Total ROM Size (Code + RO Data + RW Data)      29724 (  29.03kB)

==============================================================================

