Component: ARM Compiler 5.06 update 7 (build 960) Tool: armlink [4d3601]

==============================================================================

Section Cross References

    startup_stm32f407xx.o(STACK) refers (Special) to heapauxi.o(.text) for __use_two_region_memory
    startup_stm32f407xx.o(HEAP) refers (Special) to heapauxi.o(.text) for __use_two_region_memory
    startup_stm32f407xx.o(RESET) refers (Special) to heapauxi.o(.text) for __use_two_region_memory
    startup_stm32f407xx.o(RESET) refers to startup_stm32f407xx.o(STACK) for __initial_sp
    startup_stm32f407xx.o(RESET) refers to startup_stm32f407xx.o(.text) for Reset_Handler
    startup_stm32f407xx.o(RESET) refers to stm32f4xx_it.o(i.NMI_Handler) for NMI_Handler
    startup_stm32f407xx.o(RESET) refers to stm32f4xx_it.o(i.HardFault_Handler) for HardFault_Handler
    startup_stm32f407xx.o(RESET) refers to stm32f4xx_it.o(i.MemManage_Handler) for MemManage_Handler
    startup_stm32f407xx.o(RESET) refers to stm32f4xx_it.o(i.BusFault_Handler) for BusFault_Handler
    startup_stm32f407xx.o(RESET) refers to stm32f4xx_it.o(i.UsageFault_Handler) for UsageFault_Handler
    startup_stm32f407xx.o(RESET) refers to port.o(.emb_text) for SVC_Handler
    startup_stm32f407xx.o(RESET) refers to stm32f4xx_it.o(i.DebugMon_Handler) for DebugMon_Handler
    startup_stm32f407xx.o(RESET) refers to cmsis_os2.o(i.SysTick_Handler) for SysTick_Handler
    startup_stm32f407xx.o(RESET) refers to stm32f4xx_it.o(i.EXTI4_IRQHandler) for EXTI4_IRQHandler
    startup_stm32f407xx.o(RESET) refers to stm32f4xx_it.o(i.DMA1_Stream1_IRQHandler) for DMA1_Stream1_IRQHandler
    startup_stm32f407xx.o(RESET) refers to stm32f4xx_it.o(i.DMA1_Stream3_IRQHandler) for DMA1_Stream3_IRQHandler
    startup_stm32f407xx.o(RESET) refers to stm32f4xx_it.o(i.CAN1_TX_IRQHandler) for CAN1_TX_IRQHandler
    startup_stm32f407xx.o(RESET) refers to stm32f4xx_it.o(i.CAN1_RX0_IRQHandler) for CAN1_RX0_IRQHandler
    startup_stm32f407xx.o(RESET) refers to stm32f4xx_it.o(i.EXTI9_5_IRQHandler) for EXTI9_5_IRQHandler
    startup_stm32f407xx.o(RESET) refers to stm32f4xx_it.o(i.TIM1_UP_TIM10_IRQHandler) for TIM1_UP_TIM10_IRQHandler
    startup_stm32f407xx.o(RESET) refers to stm32f4xx_it.o(i.USART2_IRQHandler) for USART2_IRQHandler
    startup_stm32f407xx.o(RESET) refers to stm32f4xx_it.o(i.USART3_IRQHandler) for USART3_IRQHandler
    startup_stm32f407xx.o(RESET) refers to stm32f4xx_it.o(i.EXTI15_10_IRQHandler) for EXTI15_10_IRQHandler
    startup_stm32f407xx.o(RESET) refers to stm32f4xx_it.o(i.TIM7_IRQHandler) for TIM7_IRQHandler
    startup_stm32f407xx.o(RESET) refers to stm32f4xx_it.o(i.CAN2_TX_IRQHandler) for CAN2_TX_IRQHandler
    startup_stm32f407xx.o(RESET) refers to stm32f4xx_it.o(i.CAN2_RX0_IRQHandler) for CAN2_RX0_IRQHandler
    startup_stm32f407xx.o(.text) refers (Special) to heapauxi.o(.text) for __use_two_region_memory
    startup_stm32f407xx.o(.text) refers to system_stm32f4xx.o(i.SystemInit) for SystemInit
    startup_stm32f407xx.o(.text) refers to __main.o(!!!main) for __main
    startup_stm32f407xx.o(.text) refers to startup_stm32f407xx.o(HEAP) for Heap_Mem
    startup_stm32f407xx.o(.text) refers to startup_stm32f407xx.o(STACK) for Stack_Mem
    bsp_can.o(i.CAN1_cmd_chassis) refers to stm32f4xx_hal_can.o(i.HAL_CAN_AddTxMessage) for HAL_CAN_AddTxMessage
    bsp_can.o(i.CAN1_cmd_chassis) refers to bsp_can.o(.bss) for chassis_tx_message
    bsp_can.o(i.CAN1_cmd_chassis) refers to bsp_can.o(.data) for chassis_can_send_data
    bsp_can.o(i.CAN1_cmd_chassis) refers to can.o(.bss) for hcan1
    bsp_can.o(i.CAN2_cmd_chassis) refers to stm32f4xx_hal_can.o(i.HAL_CAN_AddTxMessage) for HAL_CAN_AddTxMessage
    bsp_can.o(i.CAN2_cmd_chassis) refers to bsp_can.o(.bss) for chassis_tx_message1
    bsp_can.o(i.CAN2_cmd_chassis) refers to bsp_can.o(.data) for chassis_can_send_data1
    bsp_can.o(i.CAN2_cmd_chassis) refers to can.o(.bss) for hcan2
    bsp_can.o(i.HAL_CAN_RxFifo0MsgPendingCallback) refers to stm32f4xx_hal_can.o(i.HAL_CAN_GetRxMessage) for HAL_CAN_GetRxMessage
    bsp_can.o(i.HAL_CAN_RxFifo0MsgPendingCallback) refers to bsp_can.o(i.circle_cc) for circle_cc
    bsp_can.o(i.HAL_CAN_RxFifo0MsgPendingCallback) refers to stm32f4xx_hal_can.o(i.HAL_CAN_ActivateNotification) for HAL_CAN_ActivateNotification
    bsp_can.o(i.HAL_CAN_RxFifo0MsgPendingCallback) refers to can.o(.bss) for hcan1
    bsp_can.o(i.HAL_CAN_RxFifo0MsgPendingCallback) refers to bsp_can.o(.data) for i
    bsp_can.o(i.HAL_CAN_RxFifo0MsgPendingCallback) refers to bsp_can.o(.bss) for motor_chassis
    bsp_can.o(i.can_filter_init) refers to stm32f4xx_hal_can.o(i.HAL_CAN_ConfigFilter) for HAL_CAN_ConfigFilter
    bsp_can.o(i.can_filter_init) refers to stm32f4xx_hal_can.o(i.HAL_CAN_Start) for HAL_CAN_Start
    bsp_can.o(i.can_filter_init) refers to stm32f4xx_hal_can.o(i.HAL_CAN_ActivateNotification) for HAL_CAN_ActivateNotification
    bsp_can.o(i.can_filter_init) refers to can.o(.bss) for hcan1
[...]
    Stack_Mem                                0x200059d0   Data        1024  startup_stm32f407xx.o(STACK)
    __initial_sp                             0x20005dd0   Data           0  startup_stm32f407xx.o(STACK)

    Global Symbols

    Symbol Name                              Value     Ov Type        Size  Object(Section)

    BuildAttributes$$THM_ISAv4$E$P$D$K$B$S$7EM$VFPi3$EXTD16$VFPS$VFMA$PE$A:L22UL41UL21$X:L11$S22US41US21$IEEE1$IW$USESV6$~STKCKD$USESV7$~SHL$OTIME$ROPI$IEEEJ$EBA8$UX$STANDARDLIB$REQ8$PRES8$EABIv2 0x00000000   Number         0  anon$$obj.o ABSOLUTE
    __ARM_use_no_argv                        0x00000000   Number         0  main.o ABSOLUTE
    __ARM_exceptions_init                     - Undefined Weak Reference
    __alloca_initialize                       - Undefined Weak Reference
    __arm_fini_                               - Undefined Weak Reference
    __arm_preinit_                            - Undefined Weak Reference
    __cpp_initialize__aeabi_                  - Undefined Weak Reference
    __cxa_finalize                            - Undefined Weak Reference
    __rt_locale                               - Undefined Weak Reference
    __sigvec_lookup                           - Undefined Weak Reference
    _atexit_init                              - Undefined Weak Reference
    _call_atexit_fns                          - Undefined Weak Reference
    _clock_init                               - Undefined Weak Reference
    _fp_trap_init                             - Undefined Weak Reference
    _fp_trap_shutdown                         - Undefined Weak Reference
    _get_lc_collate                           - Undefined Weak Reference
    _get_lc_ctype                             - Undefined Weak Reference
    _get_lc_monetary                          - Undefined Weak Reference
    _get_lc_numeric                           - Undefined Weak Reference
    _get_lc_time                              - Undefined Weak Reference
    _getenv_init                              - Undefined Weak Reference
    _handle_redirection                       - Undefined Weak Reference
    _init_alloc                               - Undefined Weak Reference
    _init_user_alloc                          - Undefined Weak Reference
    _initio                                   - Undefined Weak Reference
    _rand_init                                - Undefined Weak Reference
    _signal_finish                            - Undefined Weak Reference
    _signal_init                              - Undefined Weak Reference
    _terminate_alloc                          - Undefined Weak Reference
    _terminate_user_alloc                     - Undefined Weak Reference
    _terminateio                              - Undefined Weak Reference
    __Vectors_Size                           0x00000188   Number         0  startup_stm32f407xx.o ABSOLUTE
    __Vectors                                0x08000000   Data           4  startup_stm32f407xx.o(RESET)
    __Vectors_End                            0x08000188   Data           0  startup_stm32f407xx.o(RESET)
    __main                                   0x08000189   Thumb Code     8  __main.o(!!!main)
    __scatterload                            0x08000191   Thumb Code     0  __scatter.o(!!!scatter)
    __scatterload_rt2                        0x08000191   Thumb Code    44  __scatter.o(!!!scatter)
    __scatterload_rt2_thumb_only             0x08000191   Thumb Code     0  __scatter.o(!!!scatter)
    __scatterload_null                       0x0800019f   Thumb Code     0  __scatter.o(!!!scatter)
    __decompress                             0x080001c5   Thumb Code    90  __dczerorl2.o(!!dczerorl2)
    __decompress1                            0x080001c5   Thumb Code     0  __dczerorl2.o(!!dczerorl2)
    __scatterload_zeroinit                   0x08000221   Thumb Code    28  __scatter_zi.o(!!handler_zi)
    __rt_lib_init                            0x0800023d   Thumb Code     0  libinit.o(.ARM.Collect$$libinit$$00000000)
    __rt_lib_init_fp_1                       0x0800023f   Thumb Code     0  libinit2.o(.ARM.Collect$$libinit$$00000001)
    __rt_lib_init_alloca_1                   0x08000243   Thumb Code     0  libinit2.o(.ARM.Collect$$libinit$$0000002E)
    __rt_lib_init_argv_1                     0x08000243   Thumb Code     0  libinit2.o(.ARM.Collect$$libinit$$0000002C)
    __rt_lib_init_atexit_1                   0x08000243   Thumb Code     0  libinit2.o(.ARM.Collect$$libinit$$0000001B)
    __rt_lib_init_clock_1                    0x08000243   Thumb Code     0  libinit2.o(.ARM.Collect$$libinit$$00000021)
    __rt_lib_init_cpp_1                      0x08000243   Thumb Code     0  libinit2.o(.ARM.Collect$$libinit$$00000032)
    __rt_lib_init_exceptions_1               0x08000243   Thumb Code     0  libinit2.o(.ARM.Collect$$libinit$$00000030)
    __rt_lib_init_fp_trap_1                  0x08000243   Thumb Code     0  libinit2.o(.ARM.Collect$$libinit$$0000001F)
    __rt_lib_init_getenv_1                   0x08000243   Thumb Code     0  libinit2.o(.ARM.Collect$$libinit$$00000023)
    __rt_lib_init_heap_1                     0x08000243   Thumb Code     0  libinit2.o(.ARM.Collect$$libinit$$0000000A)
    __rt_lib_init_lc_collate_1               0x08000243   Thumb Code     0  libinit2.o(.ARM.Collect$$libinit$$00000011)
    __rt_lib_init_lc_ctype_1                 0x08000243   Thumb Code     0  libinit2.o(.ARM.Collect$$libinit$$00000013)
    __rt_lib_init_lc_monetary_1              0x08000243   Thumb Code     0  libinit2.o(.ARM.Collect$$libinit$$00000015)
    __rt_lib_init_lc_numeric_1               0x08000243   Thumb Code     0  libinit2.o(.ARM.Collect$$libinit$$00000017)
    __rt_lib_init_lc_time_1                  0x08000243   Thumb Code     0  libinit2.o(.ARM.Collect$$libinit$$00000019)
    __rt_lib_init_preinit_1                  0x08000243   Thumb Code     0  libinit2.o(.ARM.Collect$$libinit$$00000004)
    __rt_lib_init_rand_1                     0x08000243   Thumb Code     0  libinit2.o(.ARM.Collect$$libinit$$0000000E)
    __rt_lib_init_return                     0x08000243   Thumb Code     0  libinit2.o(.ARM.Collect$$libinit$$00000033)
    __rt_lib_init_signal_1                   0x08000243   Thumb Code     0  libinit2.o(.ARM.Collect$$libinit$$0000001D)
    __rt_lib_init_stdio_1                    0x08000243   Thumb Code     0  libinit2.o(.ARM.Collect$$libinit$$00000025)
    __rt_lib_init_user_alloc_1               0x08000243   Thumb Code     0  libinit2.o(.ARM.Collect$$libinit$$0000000C)
    __rt_lib_shutdown                        0x08000245   Thumb Code     0  libshutdown.o(.ARM.Collect$$libshutdown$$00000000)
    __rt_lib_shutdown_cpp_1                  0x08000247   Thumb Code     0  libshutdown2.o(.ARM.Collect$$libshutdown$$00000004)
    __rt_lib_shutdown_fini_1                 0x08000247   Thumb Code     0  libshutdown2.o(.ARM.Collect$$libshutdown$$00000002)
    __rt_lib_shutdown_fp_trap_1              0x08000247   Thumb Code     0  libshutdown2.o(.ARM.Collect$$libshutdown$$00000009)
    __rt_lib_shutdown_heap_1                 0x08000247   Thumb Code     0  libshutdown2.o(.ARM.Collect$$libshutdown$$00000011)
    __rt_lib_shutdown_return                 0x08000247   Thumb Code     0  libshutdown2.o(.ARM.Collect$$libshutdown$$00000012)
    __rt_lib_shutdown_signal_1               0x08000247   Thumb Code     0  libshutdown2.o(.ARM.Collect$$libshutdown$$0000000C)
    __rt_lib_shutdown_stdio_1                0x08000247   Thumb Code     0  libshutdown2.o(.ARM.Collect$$libshutdown$$00000006)
    __rt_lib_shutdown_user_alloc_1           0x08000247   Thumb Code     0  libshutdown2.o(.ARM.Collect$$libshutdown$$0000000E)
    __rt_entry                               0x08000249   Thumb Code     0  __rtentry.o(.ARM.Collect$$rtentry$$00000000)
    __rt_entry_presh_1                       0x08000249   Thumb Code     0  __rtentry2.o(.ARM.Collect$$rtentry$$00000002)
    __rt_entry_sh                            0x08000249   Thumb Code     0  __rtentry4.o(.ARM.Collect$$rtentry$$00000004)
    __rt_entry_li                            0x0800024f   Thumb Code     0  __rtentry2.o(.ARM.Collect$$rtentry$$0000000A)
    __rt_entry_postsh_1                      0x0800024f   Thumb Code     0  __rtentry2.o(.ARM.Collect$$rtentry$$00000009)
    __rt_entry_main                          0x08000253   Thumb Code     0  __rtentry2.o(.ARM.Collect$$rtentry$$0000000D)
    __rt_entry_postli_1                      0x08000253   Thumb Code     0  __rtentry2.o(.ARM.Collect$$rtentry$$0000000C)
    __rt_exit                                0x0800025b   Thumb Code     0  rtexit.o(.ARM.Collect$$rtexit$$00000000)
    __rt_exit_ls                             0x0800025d   Thumb Code     0  rtexit2.o(.ARM.Collect$$rtexit$$00000003)
    __rt_exit_prels_1                        0x0800025d   Thumb Code     0  rtexit2.o(.ARM.Collect$$rtexit$$00000002)
    __rt_exit_exit                           0x08000261   Thumb Code     0  rtexit2.o(.ARM.Collect$$rtexit$$00000004)
    SVC_Handler                              0x08000269   Thumb Code    28  port.o(.emb_text)
    __asm___6_port_c_39a90d8d__prvStartFirstTask 0x08000289   Thumb Code    36  port.o(.emb_text)
    __asm___6_port_c_39a90d8d__prvEnableVFP  0x080002b1   Thumb Code    16  port.o(.emb_text)
    PendSV_Handler                           0x080002c5   Thumb Code    88  port.o(.emb_text)
    vPortGetIPSR                             0x08000321   Thumb Code     6  port.o(.emb_text)
    Reset_Handler                            0x08000329   Thumb Code     8  startup_stm32f407xx.o(.text)
    ADC_IRQHandler                           0x08000343   Thumb Code     0  startup_stm32f407xx.o(.text)
    CAN1_RX1_IRQHandler                      0x08000343   Thumb Code     0  startup_stm32f407xx.o(.text)
    CAN1_SCE_IRQHandler                      0x08000343   Thumb Code     0  startup_stm32f407xx.o(.text)
    CAN2_RX1_IRQHandler                      0x08000343   Thumb Code     0  startup_stm32f407xx.o(.text)
    CAN2_SCE_IRQHandler                      0x08000343   Thumb Code     0  startup_stm32f407xx.o(.text)
    DCMI_IRQHandler                          0x08000343   Thumb Code     0  startup_stm32f407xx.o(.text)
    DMA1_Stream0_IRQHandler                  0x08000343   Thumb Code     0  startup_stm32f407xx.o(.text)
    DMA1_Stream2_IRQHandler                  0x08000343   Thumb Code     0  startup_stm32f407xx.o(.text)
    DMA1_Stream4_IRQHandler                  0x08000343   Thumb Code     0  startup_stm32f407xx.o(.text)
    DMA1_Stream5_IRQHandler                  0x08000343   Thumb Code     0  startup_stm32f407xx.o(.text)
    DMA1_Stream6_IRQHandler                  0x08000343   Thumb Code     0  startup_stm32f407xx.o(.text)
    DMA1_Stream7_IRQHandler                  0x08000343   Thumb Code     0  startup_stm32f407xx.o(.text)
    DMA2_Stream0_IRQHandler                  0x08000343   Thumb Code     0  startup_stm32f407xx.o(.text)
    DMA2_Stream1_IRQHandler                  0x08000343   Thumb Code     0  startup_stm32f407xx.o(.text)
    DMA2_Stream2_IRQHandler                  0x08000343   Thumb Code     0  startup_stm32f407xx.o(.text)
    DMA2_Stream3_IRQHandler                  0x08000343   Thumb Code     0  startup_stm32f407xx.o(.text)
    DMA2_Stream4_IRQHandler                  0x08000343   Thumb Code     0  startup_stm32f407xx.o(.text)
    DMA2_Stream5_IRQHandler                  0x08000343   Thumb Code     0  startup_stm32f407xx.o(.text)
    DMA2_Stream6_IRQHandler                  0x08000343   Thumb Code     0  startup_stm32f407xx.o(.text)
    DMA2_Stream7_IRQHandler                  0x08000343   Thumb Code     0  startup_stm32f407xx.o(.text)
    ETH_IRQHandler                           0x08000343   Thumb Code     0  startup_stm32f407xx.o(.text)
    ETH_WKUP_IRQHandler                      0x08000343   Thumb Code     0  startup_stm32f407xx.o(.text)
    EXTI0_IRQHandler                         0x08000343   Thumb Code     0  startup_stm32f407xx.o(.text)
    EXTI1_IRQHandler                         0x08000343   Thumb Code     0  startup_stm32f407xx.o(.text)
    EXTI2_IRQHandler                         0x08000343   Thumb Code     0  startup_stm32f407xx.o(.text)
    EXTI3_IRQHandler                         0x08000343   Thumb Code     0  startup_stm32f407xx.o(.text)
    FLASH_IRQHandler                         0x08000343   Thumb Code     0  startup_stm32f407xx.o(.text)
    FMC_IRQHandler                           0x08000343   Thumb Code     0  startup_stm32f407xx.o(.text)
    FPU_IRQHandler                           0x08000343   Thumb Code     0  startup_stm32f407xx.o(.text)
    HASH_RNG_IRQHandler                      0x08000343   Thumb Code     0  startup_stm32f407xx.o(.text)
    I2C1_ER_IRQHandler                       0x08000343   Thumb Code     0  startup_stm32f407xx.o(.text)
    I2C1_EV_IRQHandler                       0x08000343   Thumb Code     0  startup_stm32f407xx.o(.text)
    I2C2_ER_IRQHandler                       0x08000343   Thumb Code     0  startup_stm32f407xx.o(.text)
    I2C2_EV_IRQHandler                       0x08000343   Thumb Code     0  startup_stm32f407xx.o(.text)
    I2C3_ER_IRQHandler                       0x08000343   Thumb Code     0  startup_stm32f407xx.o(.text)
    I2C3_EV_IRQHandler                       0x08000343   Thumb Code     0  startup_stm32f407xx.o(.text)
    OTG_FS_IRQHandler                        0x08000343   Thumb Code     0  startup_stm32f407xx.o(.text)
    OTG_FS_WKUP_IRQHandler                   0x08000343   Thumb Code     0  startup_stm32f407xx.o(.text)
    OTG_HS_EP1_IN_IRQHandler                 0x08000343   Thumb Code     0  startup_stm32f407xx.o(.text)
    OTG_HS_EP1_OUT_IRQHandler                0x08000343   Thumb Code     0  startup_stm32f407xx.o(.text)
    OTG_HS_IRQHandler                        0x08000343   Thumb Code     0  startup_stm32f407xx.o(.text)
    OTG_HS_WKUP_IRQHandler                   0x08000343   Thumb Code     0  startup_stm32f407xx.o(.text)
    PVD_IRQHandler                           0x08000343   Thumb Code     0  startup_stm32f407xx.o(.text)
    RCC_IRQHandler                           0x08000343   Thumb Code     0  startup_stm32f407xx.o(.text)
    RTC_Alarm_IRQHandler                     0x08000343   Thumb Code     0  startup_stm32f407xx.o(.text)
    RTC_WKUP_IRQHandler                      0x08000343   Thumb Code     0  startup_stm32f407xx.o(.text)
    SDIO_IRQHandler                          0x08000343   Thumb Code     0  startup_stm32f407xx.o(.text)
    SPI1_IRQHandler                          0x08000343   Thumb Code     0  startup_stm32f407xx.o(.text)
    SPI2_IRQHandler                          0x08000343   Thumb Code     0  startup_stm32f407xx.o(.text)
    SPI3_IRQHandler                          0x08000343   Thumb Code     0  startup_stm32f407xx.o(.text)
    TAMP_STAMP_IRQHandler                    0x08000343   Thumb Code     0  startup_stm32f407xx.o(.text)
    TIM1_BRK_TIM9_IRQHandler                 0x08000343   Thumb Code     0  startup_stm32f407xx.o(.text)
    TIM1_CC_IRQHandler                       0x08000343   Thumb Code     0  startup_stm32f407xx.o(.text)
    TIM1_TRG_COM_TIM11_IRQHandler            0x08000343   Thumb Code     0  startup_stm32f407xx.o(.text)
    TIM2_IRQHandler                          0x08000343   Thumb Code     0  startup_stm32f407xx.o(.text)
    TIM3_IRQHandler                          0x08000343   Thumb Code     0  startup_stm32f407xx.o(.text)
    TIM4_IRQHandler                          0x08000343   Thumb Code     0  startup_stm32f407xx.o(.text)
    TIM5_IRQHandler                          0x08000343   Thumb Code     0  startup_stm32f407xx.o(.text)
    TIM6_DAC_IRQHandler                      0x08000343   Thumb Code     0  startup_stm32f407xx.o(.text)
    TIM8_BRK_TIM12_IRQHandler                0x08000343   Thumb Code     0  startup_stm32f407xx.o(.text)
    TIM8_CC_IRQHandler                       0x08000343   Thumb Code     0  startup_stm32f407xx.o(.text)
    TIM8_TRG_COM_TIM14_IRQHandler            0x08000343   Thumb Code     0  startup_stm32f407xx.o(.text)
    TIM8_UP_TIM13_IRQHandler                 0x08000343   Thumb Code     0  startup_stm32f407xx.o(.text)
    UART4_IRQHandler                         0x08000343   Thumb Code     0  startup_stm32f407xx.o(.text)
    UART5_IRQHandler                         0x08000343   Thumb Code     0  startup_stm32f407xx.o(.text)
    USART1_IRQHandler                        0x08000343   Thumb Code     0  startup_stm32f407xx.o(.text)
    USART6_IRQHandler                        0x08000343   Thumb Code     0  startup_stm32f407xx.o(.text)
    WWDG_IRQHandler                          0x08000343   Thumb Code     0  startup_stm32f407xx.o(.text)
    __user_initial_stackheap                 0x08000345   Thumb Code     0  startup_stm32f407xx.o(.text)
    __aeabi_uldivmod                         0x08000369   Thumb Code     0  lludivv7m.o(.text)
    _ll_udiv                                 0x08000369   Thumb Code   238  lludivv7m.o(.text)
    __aeabi_memcpy                           0x08000457   Thumb Code     0  rt_memcpy_v6.o(.text)
    __rt_memcpy                              0x08000457   Thumb Code   138  rt_memcpy_v6.o(.text)
    _memcpy_lastbytes                        0x080004bd   Thumb Code     0  rt_memcpy_v6.o(.text)
    __aeabi_memset                           0x080004e1   Thumb Code    16  aeabi_memset.o(.text)
    __aeabi_memclr4                          0x080004f1   Thumb Code     0  rt_memclr_w.o(.text)
    __aeabi_memclr8                          0x080004f1   Thumb Code     0  rt_memclr_w.o(.text)
    __rt_memclr_w                            0x080004f1   Thumb Code    78  rt_memclr_w.o(.text)
    _memset_w                                0x080004f5   Thumb Code     0  rt_memclr_w.o(.text)
    __use_two_region_memory                  0x0800053f   Thumb Code     2  heapauxi.o(.text)
    __rt_heap_escrow$2region                 0x08000541   Thumb Code     2  heapauxi.o(.text)
    __rt_heap_expand$2region                 0x08000543   Thumb Code     2  heapauxi.o(.text)
    __read_errno                             0x08000545   Thumb Code    10  _rserrno.o(.text)
    __set_errno                              0x0800054f   Thumb Code    12  _rserrno.o(.text)
    __aeabi_memcpy4                          0x0800055b   Thumb Code     0  rt_memcpy_w.o(.text)
    __aeabi_memcpy8                          0x0800055b   Thumb Code     0  rt_memcpy_w.o(.text)
    __rt_memcpy_w                            0x0800055b   Thumb Code   100  rt_memcpy_w.o(.text)
    _memcpy_lastbytes_aligned                0x080005a3   Thumb Code     0  rt_memcpy_w.o(.text)
    __aeabi_memclr                           0x080005bf   Thumb Code     0  rt_memclr.o(.text)
    __rt_memclr                              0x080005bf   Thumb Code    68  rt_memclr.o(.text)
    _memset                                  0x080005c3   Thumb Code     0  rt_memclr.o(.text)
    __aeabi_errno_addr                       0x08000605   Thumb Code     8  rt_errno_addr_intlibspace.o(.text)
    __errno$intlibspace                      0x08000605   Thumb Code     0  rt_errno_addr_intlibspace.o(.text)
    __rt_errno_addr$intlibspace              0x08000605   Thumb Code     0  rt_errno_addr_intlibspace.o(.text)
    __user_libspace                          0x0800060d   Thumb Code     8  libspace.o(.text)
    __user_perproc_libspace                  0x0800060d   Thumb Code     0  libspace.o(.text)
    __user_perthread_libspace                0x0800060d   Thumb Code     0  libspace.o(.text)
    __user_setup_stackheap                   0x08000615   Thumb Code    74  sys_stackheap_outer.o(.text)
    exit                                     0x0800065f   Thumb Code    18  exit.o(.text)
    _sys_exit                                0x08000671   Thumb Code     8  sys_exit.o(.text)
    __I$use$semihosting                      0x0800067d   Thumb Code     0  use_no_semi.o(.text)
    __use_no_semihosting_swi                 0x0800067d   Thumb Code     2  use_no_semi.o(.text)
    __semihosting_library_function           0x0800067f   Thumb Code     0  indicate_semi.o(.text)
    Apid2006                                 0x08000681   Thumb Code    16  motorctrl.o(i.Apid2006)
    BusFault_Handler                         0x08000695   Thumb Code     4  stm32f4xx_it.o(i.BusFault_Handler)
    CAL_MESSAGE                              0x08000699   Thumb Code   742  calculate.o(i.CAL_MESSAGE)
    CAN1_RX0_IRQHandler                      0x080009ad   Thumb Code    10  stm32f4xx_it.o(i.CAN1_RX0_IRQHandler)
    CAN1_TX_IRQHandler                       0x080009bd   Thumb Code    10  stm32f4xx_it.o(i.CAN1_TX_IRQHandler)
    CAN1_cmd_chassis                         0x080009cd   Thumb Code   152  bsp_can.o(i.CAN1_cmd_chassis)
    CAN2_RX0_IRQHandler                      0x08000a79   Thumb Code    10  stm32f4xx_it.o(i.CAN2_RX0_IRQHandler)
    CAN2_TX_IRQHandler                       0x08000a89   Thumb Code    10  stm32f4xx_it.o(i.CAN2_TX_IRQHandler)
    CAN2_cmd_chassis                         0x08000a99   Thumb Code   152  bsp_can.o(i.CAN2_cmd_chassis)
    CalculateParity                          0x08000b45   Thumb Code    24  calculate.o(i.CalculateParity)
    DMA1_Stream1_IRQHandler                  0x08000d51   Thumb Code    10  stm32f4xx_it.o(i.DMA1_Stream1_IRQHandler)
    DMA1_Stream3_IRQHandler                  0x08000d61   Thumb Code    10  stm32f4xx_it.o(i.DMA1_Stream3_IRQHandler)
    DebugMon_Handler                         0x08000e7b   Thumb Code     2  stm32f4xx_it.o(i.DebugMon_Handler)
    EXTI15_10_IRQHandler                     0x08000e7d   Thumb Code    12  stm32f4xx_it.o(i.EXTI15_10_IRQHandler)
    EXTI4_IRQHandler                         0x08000e89   Thumb Code    10  stm32f4xx_it.o(i.EXTI4_IRQHandler)
    EXTI9_5_IRQHandler                       0x08000e93   Thumb Code    18  stm32f4xx_it.o(i.EXTI9_5_IRQHandler)
    Error_Handler                            0x08000ea5   Thumb Code     6  main.o(i.Error_Handler)
    HAL_CAN_ActivateNotification             0x08000eab   Thumb Code    42  stm32f4xx_hal_can.o(i.HAL_CAN_ActivateNotification)
    HAL_CAN_AddTxMessage                     0x08000ed5   Thumb Code   342  stm32f4xx_hal_can.o(i.HAL_CAN_AddTxMessage)
    HAL_CAN_ConfigFilter                     0x0800102d   Thumb Code   286  stm32f4xx_hal_can.o(i.HAL_CAN_ConfigFilter)
    HAL_CAN_ErrorCallback                    0x08001151   Thumb Code     2  stm32f4xx_hal_can.o(i.HAL_CAN_ErrorCallback)
    HAL_CAN_GetRxMessage                     0x08001153   Thumb Code   378  stm32f4xx_hal_can.o(i.HAL_CAN_GetRxMessage)
    HAL_CAN_IRQHandler                       0x080012cd   Thumb Code   590  stm32f4xx_hal_can.o(i.HAL_CAN_IRQHandler)
    HAL_CAN_Init                             0x0800151b   Thumb Code   372  stm32f4xx_hal_can.o(i.HAL_CAN_Init)
    HAL_CAN_MspInit                          0x08001691   Thumb Code   360  can.o(i.HAL_CAN_MspInit)
    HAL_CAN_RxFifo0FullCallback              0x08001811   Thumb Code     2  stm32f4xx_hal_can.o(i.HAL_CAN_RxFifo0FullCallback)
    HAL_CAN_RxFifo0MsgPendingCallback        0x08001815   Thumb Code   426  bsp_can.o(i.HAL_CAN_RxFifo0MsgPendingCallback)
    HAL_CAN_RxFifo1FullCallback              0x080019d9   Thumb Code     2  stm32f4xx_hal_can.o(i.HAL_CAN_RxFifo1FullCallback)
    HAL_CAN_RxFifo1MsgPendingCallback        0x080019db   Thumb Code     2  stm32f4xx_hal_can.o(i.HAL_CAN_RxFifo1MsgPendingCallback)
    HAL_CAN_SleepCallback                    0x080019dd   Thumb Code     2  stm32f4xx_hal_can.o(i.HAL_CAN_SleepCallback)
    HAL_CAN_Start                            0x080019df   Thumb Code    94  stm32f4xx_hal_can.o(i.HAL_CAN_Start)
    HAL_CAN_TxMailbox0AbortCallback          0x08001a3d   Thumb Code     2  stm32f4xx_hal_can.o(i.HAL_CAN_TxMailbox0AbortCallback)
    HAL_CAN_TxMailbox0CompleteCallback       0x08001a3f   Thumb Code     2  stm32f4xx_hal_can.o(i.HAL_CAN_TxMailbox0CompleteCallback)
    HAL_CAN_TxMailbox1AbortCallback          0x08001a41   Thumb Code     2  stm32f4xx_hal_can.o(i.HAL_CAN_TxMailbox1AbortCallback)
    HAL_CAN_TxMailbox1CompleteCallback       0x08001a43   Thumb Code     2  stm32f4xx_hal_can.o(i.HAL_CAN_TxMailbox1CompleteCallback)
    HAL_CAN_TxMailbox2AbortCallback          0x08001a45   Thumb Code     2  stm32f4xx_hal_can.o(i.HAL_CAN_TxMailbox2AbortCallback)
    HAL_CAN_TxMailbox2CompleteCallback       0x08001a47   Thumb Code     2  stm32f4xx_hal_can.o(i.HAL_CAN_TxMailbox2CompleteCallback)
    HAL_CAN_WakeUpFromRxMsgCallback          0x08001a49   Thumb Code     2  stm32f4xx_hal_can.o(i.HAL_CAN_WakeUpFromRxMsgCallback)
    HAL_DMA_Abort                            0x08001a4b   Thumb Code   172  stm32f4xx_hal_dma.o(i.HAL_DMA_Abort)
    HAL_DMA_Abort_IT                         0x08001af7   Thumb Code    40  stm32f4xx_hal_dma.o(i.HAL_DMA_Abort_IT)
    HAL_DMA_IRQHandler                       0x08001b21   Thumb Code   570  stm32f4xx_hal_dma.o(i.HAL_DMA_IRQHandler)
    HAL_DMA_Init                             0x08001d61   Thumb Code   232  stm32f4xx_hal_dma.o(i.HAL_DMA_Init)
    HAL_DMA_Start_IT                         0x08001e4d   Thumb Code   146  stm32f4xx_hal_dma.o(i.HAL_DMA_Start_IT)
    HAL_GPIO_EXTI_Callback                   0x08001edf   Thumb Code     2  gpio.o(i.HAL_GPIO_EXTI_Callback)
    HAL_GPIO_EXTI_IRQHandler                 0x08001ee1   Thumb Code    24  stm32f4xx_hal_gpio.o(i.HAL_GPIO_EXTI_IRQHandler)
    HAL_GPIO_Init                            0x08001efd   Thumb Code   454  stm32f4xx_hal_gpio.o(i.HAL_GPIO_Init)
    HAL_GetTick                              0x080020f1   Thumb Code     6  stm32f4xx_hal.o(i.HAL_GetTick)
    HAL_IWDG_Init                            0x080020fd   Thumb Code    94  stm32f4xx_hal_iwdg.o(i.HAL_IWDG_Init)
    HAL_IWDG_Refresh                         0x0800215b   Thumb Code    14  stm32f4xx_hal_iwdg.o(i.HAL_IWDG_Refresh)
    HAL_IncTick                              0x08002169   Thumb Code    16  stm32f4xx_hal.o(i.HAL_IncTick)
    HAL_Init                                 0x08002181   Thumb Code    54  stm32f4xx_hal.o(i.HAL_Init)
    HAL_InitTick                             0x080021bd   Thumb Code   160  stm32f4xx_hal_timebase_tim.o(i.HAL_InitTick)
    HAL_MspInit                              0x08002271   Thumb Code    78  stm32f4xx_hal_msp.o(i.HAL_MspInit)
    HAL_NVIC_EnableIRQ                       0x080022c5   Thumb Code    32  stm32f4xx_hal_cortex.o(i.HAL_NVIC_EnableIRQ)
    HAL_NVIC_SetPriority                     0x080022e5   Thumb Code   124  stm32f4xx_hal_cortex.o(i.HAL_NVIC_SetPriority)
    HAL_NVIC_SetPriorityGrouping             0x08002361   Thumb Code    32  stm32f4xx_hal_cortex.o(i.HAL_NVIC_SetPriorityGrouping)
    HAL_RCC_ClockConfig                      0x08002389   Thumb Code   368  stm32f4xx_hal_rcc.o(i.HAL_RCC_ClockConfig)
    HAL_RCC_GetClockConfig                   0x0800250d   Thumb Code    58  stm32f4xx_hal_rcc.o(i.HAL_RCC_GetClockConfig)
    HAL_RCC_GetHCLKFreq                      0x08002551   Thumb Code     6  stm32f4xx_hal_rcc.o(i.HAL_RCC_GetHCLKFreq)
    HAL_RCC_GetPCLK1Freq                     0x0800255d   Thumb Code    22  stm32f4xx_hal_rcc.o(i.HAL_RCC_GetPCLK1Freq)
    HAL_RCC_GetPCLK2Freq                     0x0800257d   Thumb Code    22  stm32f4xx_hal_rcc.o(i.HAL_RCC_GetPCLK2Freq)
    HAL_RCC_GetSysClockFreq                  0x0800259d   Thumb Code   162  stm32f4xx_hal_rcc.o(i.HAL_RCC_GetSysClockFreq)
    HAL_RCC_OscConfig                        0x0800264d   Thumb Code  1172  stm32f4xx_hal_rcc.o(i.HAL_RCC_OscConfig)
    HAL_TIMEx_BreakCallback                  0x08002ae9   Thumb Code     2  stm32f4xx_hal_tim_ex.o(i.HAL_TIMEx_BreakCallback)
    HAL_TIMEx_CommutCallback                 0x08002aeb   Thumb Code     2  stm32f4xx_hal_tim_ex.o(i.HAL_TIMEx_CommutCallback)
    HAL_TIM_Base_Init                        0x08002aed   Thumb Code   102  stm32f4xx_hal_tim.o(i.HAL_TIM_Base_Init)
    HAL_TIM_Base_MspInit                     0x08002b55   Thumb Code    62  tim.o(i.HAL_TIM_Base_MspInit)
    HAL_TIM_Base_Start_IT                    0x08002b9d   Thumb Code   138  stm32f4xx_hal_tim.o(i.HAL_TIM_Base_Start_IT)
    HAL_TIM_IC_CaptureCallback               0x08002c45   Thumb Code     2  stm32f4xx_hal_tim.o(i.HAL_TIM_IC_CaptureCallback)
    HAL_TIM_IRQHandler                       0x08002c47   Thumb Code   406  stm32f4xx_hal_tim.o(i.HAL_TIM_IRQHandler)
    HAL_TIM_OC_DelayElapsedCallback          0x08002ddd   Thumb Code     2  stm32f4xx_hal_tim.o(i.HAL_TIM_OC_DelayElapsedCallback)
    HAL_TIM_PWM_PulseFinishedCallback        0x08002ddf   Thumb Code     2  stm32f4xx_hal_tim.o(i.HAL_TIM_PWM_PulseFinishedCallback)
    HAL_TIM_PeriodElapsedCallback            0x08002de1   Thumb Code    28  main.o(i.HAL_TIM_PeriodElapsedCallback)
    HAL_TIM_TriggerCallback                  0x08002e05   Thumb Code     2  stm32f4xx_hal_tim.o(i.HAL_TIM_TriggerCallback)
    HAL_UARTEx_RxEventCallback               0x08002e07   Thumb Code     2  stm32f4xx_hal_uart.o(i.HAL_UARTEx_RxEventCallback)
    HAL_UART_ErrorCallback                   0x08002e09   Thumb Code    30  main.o(i.HAL_UART_ErrorCallback)
    HAL_UART_IRQHandler                      0x08002e39   Thumb Code   732  stm32f4xx_hal_uart.o(i.HAL_UART_IRQHandler)
    HAL_UART_Init                            0x08003119   Thumb Code   114  stm32f4xx_hal_uart.o(i.HAL_UART_Init)
    HAL_UART_MspInit                         0x0800318d   Thumb Code   382  usart.o(i.HAL_UART_MspInit)
    HAL_UART_Receive_DMA                     0x0800332d   Thumb Code    66  stm32f4xx_hal_uart.o(i.HAL_UART_Receive_DMA)
    HAL_UART_RxCpltCallback                  0x08003371   Thumb Code   104  main.o(i.HAL_UART_RxCpltCallback)
    HAL_UART_RxHalfCpltCallback              0x080033ed   Thumb Code     2  stm32f4xx_hal_uart.o(i.HAL_UART_RxHalfCpltCallback)
    HAL_UART_TxCpltCallback                  0x080033ef   Thumb Code     2  stm32f4xx_hal_uart.o(i.HAL_UART_TxCpltCallback)
    HardFault_Handler                        0x080033f1   Thumb Code     4  stm32f4xx_it.o(i.HardFault_Handler)
    MX_CAN1_Init                             0x08004045   Thumb Code    58  can.o(i.MX_CAN1_Init)
    MX_CAN2_Init                             0x08004089   Thumb Code    58  can.o(i.MX_CAN2_Init)
    MX_DMA_Init                              0x080040cd   Thumb Code    68  dma.o(i.MX_DMA_Init)
    MX_FREERTOS_Init                         0x08004115   Thumb Code    18  freertos.o(i.MX_FREERTOS_Init)
    MX_GPIO_Init                             0x08004135   Thumb Code   264  gpio.o(i.MX_GPIO_Init)
    MX_IWDG_Init                             0x08004249   Thumb Code    32  iwdg.o(i.MX_IWDG_Init)
    MX_TIM10_Init                            0x08004271   Thumb Code    44  tim.o(i.MX_TIM10_Init)
    MX_USART2_UART_Init                      0x080042a5   Thumb Code    46  usart.o(i.MX_USART2_UART_Init)
    MX_USART3_UART_Init                      0x080042dd   Thumb Code    46  usart.o(i.MX_USART3_UART_Init)
    MemManage_Handler                        0x08004315   Thumb Code     4  stm32f4xx_it.o(i.MemManage_Handler)
    NMI_Handler                              0x08004319   Thumb Code     4  stm32f4xx_it.o(i.NMI_Handler)
    StartDefaultTask                         0x0800431d   Thumb Code   668  freertos.o(i.StartDefaultTask)
    SysTick_Handler                          0x080045f1   Thumb Code    22  cmsis_os2.o(i.SysTick_Handler)
    SystemClock_Config                       0x08004609   Thumb Code   176  main.o(i.SystemClock_Config)
    SystemInit                               0x080046c1   Thumb Code    14  system_stm32f4xx.o(i.SystemInit)
    TIM1_UP_TIM10_IRQHandler                 0x080046d5   Thumb Code    10  stm32f4xx_it.o(i.TIM1_UP_TIM10_IRQHandler)
    TIM7_IRQHandler                          0x080046e5   Thumb Code    10  stm32f4xx_it.o(i.TIM7_IRQHandler)
    TIM_Base_SetConfig                       0x080046f5   Thumb Code   170  stm32f4xx_hal_tim.o(i.TIM_Base_SetConfig)
    UART_Start_Receive_DMA                   0x08004cd9   Thumb Code   196  stm32f4xx_hal_uart.o(i.UART_Start_Receive_DMA)
    USART2_IRQHandler                        0x08004e09   Thumb Code    10  stm32f4xx_it.o(i.USART2_IRQHandler)
    USART3_IRQHandler                        0x08004e19   Thumb Code    10  stm32f4xx_it.o(i.USART3_IRQHandler)
    UsageFault_Handler                       0x08004e29   Thumb Code     4  stm32f4xx_it.o(i.UsageFault_Handler)
    __hardfp_fabs                            0x08004e6b   Thumb Code    20  fabs.o(i.__hardfp_fabs)
    __hardfp_sqrt                            0x08004e7f   Thumb Code   122  sqrt.o(i.__hardfp_sqrt)
    assign_output                            0x08004ef9   Thumb Code   638  motorctrl.o(i.assign_output)
    can_filter_init                          0x08005181   Thumb Code    78  bsp_can.o(i.can_filter_init)
    circle_cc                                0x080051d9   Thumb Code    46  bsp_can.o(i.circle_cc)
    ctrlmotor                                0x0800520d   Thumb Code  1510  motorctrl.o(i.ctrlmotor)
    get_chassis_motor_measure_point          0x08005805   Thumb Code    10  bsp_can.o(i.get_chassis_motor_measure_point)
    get_chassis_motor_measure_point1         0x08005815   Thumb Code    10  bsp_can.o(i.get_chassis_motor_measure_point1)
    get_msgn                                 0x08005825   Thumb Code  1192  motorctrl.o(i.get_msgn)
    main                                     0x08005cd5   Thumb Code   156  main.o(i.main)
    motor_state_update                       0x08005dad   Thumb Code    84  bsp_can.o(i.motor_state_update)
    motor_state_update1                      0x08005e05   Thumb Code    84  bsp_can.o(i.motor_state_update1)
    osDelay                                  0x08005e5d   Thumb Code    30  cmsis_os2.o(i.osDelay)
    osKernelInitialize                       0x08005e7d   Thumb Code    38  cmsis_os2.o(i.osKernelInitialize)
    osKernelStart                            0x08005ea9   Thumb Code    82  cmsis_os2.o(i.osKernelStart)
    osThreadNew                              0x08005f09   Thumb Code   184  cmsis_os2.o(i.osThreadNew)
    pid2006                                  0x08005fc1   Thumb Code    16  motorctrl.o(i.pid2006)
    pid3508                                  0x08005fd5   Thumb Code    16  motorctrl.o(i.pid3508)
    pidctl_initialize                        0x08005fe9   Thumb Code   124  pidctl.o(i.pidctl_initialize)
    pidctl_step                              0x08006075   Thumb Code  2492  pidctl.o(i.pidctl_step)
    pvPortMalloc                             0x08007465   Thumb Code   306  heap_4.o(i.pvPortMalloc)
    pxPortInitialiseStack                    0x080075b1   Thumb Code    38  port.o(i.pxPortInitialiseStack)
    set_mode                                 0x080075dd   Thumb Code   238  motorctrl.o(i.set_mode)
    uxListRemove                             0x080076d1   Thumb Code    40  list.o(i.uxListRemove)
    vApplicationGetIdleTaskMemory            0x080076f9   Thumb Code    14  cmsis_os2.o(i.vApplicationGetIdleTaskMemory)
    vApplicationGetTimerTaskMemory           0x08007711   Thumb Code    16  cmsis_os2.o(i.vApplicationGetTimerTaskMemory)
    vListInitialise                          0x08007729   Thumb Code    26  list.o(i.vListInitialise)
    vListInitialiseItem                      0x08007743   Thumb Code     6  list.o(i.vListInitialiseItem)
    vListInsert                              0x08007749   Thumb Code    52  list.o(i.vListInsert)
    vListInsertEnd                           0x0800777d   Thumb Code    24  list.o(i.vListInsertEnd)
    vPortEnterCritical                       0x08007795   Thumb Code    76  port.o(i.vPortEnterCritical)
    vPortExitCritical                        0x080077e9   Thumb Code    56  port.o(i.vPortExitCritical)
    vPortFree                                0x08007825   Thumb Code   150  heap_4.o(i.vPortFree)
    vPortSetupTimerInterrupt                 0x080078c9   Thumb Code    36  port.o(i.vPortSetupTimerInterrupt)
    vPortValidateInterruptPriority           0x080078f1   Thumb Code   106  port.o(i.vPortValidateInterruptPriority)
    vQueueAddToRegistry                      0x08007969   Thumb Code    38  queue.o(i.vQueueAddToRegistry)
    vQueueWaitForMessageRestricted           0x08007995   Thumb Code    74  queue.o(i.vQueueWaitForMessageRestricted)
    vTaskDelay                               0x080079e1   Thumb Code    82  tasks.o(i.vTaskDelay)
    vTaskInternalSetTimeOutState             0x08007a3d   Thumb Code    14  tasks.o(i.vTaskInternalSetTimeOutState)
    vTaskMissedYield                         0x08007a55   Thumb Code     8  tasks.o(i.vTaskMissedYield)
    vTaskPlaceOnEventList                    0x08007a61   Thumb Code    52  tasks.o(i.vTaskPlaceOnEventList)
    vTaskPlaceOnEventListRestricted          0x08007a99   Thumb Code    60  tasks.o(i.vTaskPlaceOnEventListRestricted)
    vTaskStartScheduler                      0x08007ad9   Thumb Code   156  tasks.o(i.vTaskStartScheduler)
    vTaskSuspendAll                          0x08007b91   Thumb Code    12  tasks.o(i.vTaskSuspendAll)
    vTaskSwitchContext                       0x08007ba1   Thumb Code   122  tasks.o(i.vTaskSwitchContext)
    xPortStartScheduler                      0x08007c31   Thumb Code   330  port.o(i.xPortStartScheduler)
    xPortSysTickHandler                      0x08007d99   Thumb Code    46  port.o(i.xPortSysTickHandler)
    xQueueGenericCreateStatic                0x08007dcd   Thumb Code   224  queue.o(i.xQueueGenericCreateStatic)
    xQueueGenericReset                       0x08007ead   Thumb Code   146  queue.o(i.xQueueGenericReset)
    xQueueGenericSend                        0x08007f45   Thumb Code   420  queue.o(i.xQueueGenericSend)
    xQueueGenericSendFromISR                 0x080080ed   Thumb Code   252  queue.o(i.xQueueGenericSendFromISR)
    xQueueReceive                            0x080081e9   Thumb Code   356  queue.o(i.xQueueReceive)
    xTaskCheckForTimeOut                     0x08008351   Thumb Code   132  tasks.o(i.xTaskCheckForTimeOut)
    xTaskCreate                              0x080083dd   Thumb Code   100  tasks.o(i.xTaskCreate)
    xTaskCreateStatic                        0x08008441   Thumb Code   186  tasks.o(i.xTaskCreateStatic)
    xTaskGetSchedulerState                   0x080084fd   Thumb Code    24  tasks.o(i.xTaskGetSchedulerState)
    xTaskGetTickCount                        0x0800851d   Thumb Code     6  tasks.o(i.xTaskGetTickCount)
    xTaskIncrementTick                       0x08008529   Thumb Code   280  tasks.o(i.xTaskIncrementTick)
    xTaskPriorityDisinherit                  0x0800866d   Thumb Code   152  tasks.o(i.xTaskPriorityDisinherit)
    xTaskRemoveFromEventList                 0x08008711   Thumb Code   126  tasks.o(i.xTaskRemoveFromEventList)
    xTaskResumeAll                           0x080087a9   Thumb Code   222  tasks.o(i.xTaskResumeAll)
    xTimerCreateTimerTask                    0x080088ad   Thumb Code   100  timers.o(i.xTimerCreateTimerTask)
    xTimerGenericCommand                     0x08008925   Thumb Code   128  timers.o(i.xTimerGenericCommand)
    __aeabi_dneg                             0x080089a9   Thumb Code     0  basic.o(x$fpl$basic)
    _dneg                                    0x080089a9   Thumb Code     6  basic.o(x$fpl$basic)
    __aeabi_fneg                             0x080089af   Thumb Code     0  basic.o(x$fpl$basic)
    _fneg                                    0x080089af   Thumb Code     6  basic.o(x$fpl$basic)
    _dabs                                    0x080089b5   Thumb Code     6  basic.o(x$fpl$basic)
    _fabs                                    0x080089bb   Thumb Code     6  basic.o(x$fpl$basic)
    __aeabi_dadd                             0x080089c1   Thumb Code     0  daddsub_clz.o(x$fpl$dadd)
    _dadd                                    0x080089c1   Thumb Code   332  daddsub_clz.o(x$fpl$dadd)
    __fpl_dcmp_Inf                           0x08008b11   Thumb Code    24  dcmpi.o(x$fpl$dcmpinf)
    __aeabi_ddiv                             0x08008b29   Thumb Code     0  ddiv.o(x$fpl$ddiv)
    _ddiv                                    0x08008b29   Thumb Code   552  ddiv.o(x$fpl$ddiv)
    __aeabi_d2iz                             0x08008dd9   Thumb Code     0  dfix.o(x$fpl$dfix)
    _dfix                                    0x08008dd9   Thumb Code    94  dfix.o(x$fpl$dfix)
    __aeabi_i2d                              0x08008e37   Thumb Code     0  dflt_clz.o(x$fpl$dflt)
    _dflt                                    0x08008e37   Thumb Code    46  dflt_clz.o(x$fpl$dflt)
    __aeabi_ui2d                             0x08008e65   Thumb Code     0  dflt_clz.o(x$fpl$dfltu)
    _dfltu                                   0x08008e65   Thumb Code    38  dflt_clz.o(x$fpl$dfltu)
    __aeabi_cdcmple                          0x08008e8d   Thumb Code     0  dleqf.o(x$fpl$dleqf)
    _dcmple                                  0x08008e8d   Thumb Code   120  dleqf.o(x$fpl$dleqf)
    __fpl_dcmple_InfNaN                      0x08008eef   Thumb Code     0  dleqf.o(x$fpl$dleqf)
    __aeabi_dmul                             0x08008f05   Thumb Code     0  dmul.o(x$fpl$dmul)
    _dmul                                    0x08008f05   Thumb Code   332  dmul.o(x$fpl$dmul)
    __fpl_dnaninf                            0x08009059   Thumb Code   156  dnaninf.o(x$fpl$dnaninf)
    __fpl_dretinf                            0x080090f5   Thumb Code    12  dretinf.o(x$fpl$dretinf)
    __aeabi_cdrcmple                         0x08009101   Thumb Code     0  drleqf.o(x$fpl$drleqf)
    _drcmple                                 0x08009101   Thumb Code   108  drleqf.o(x$fpl$drleqf)
    __aeabi_drsub                            0x0800916d   Thumb Code     0  daddsub_clz.o(x$fpl$drsb)
    _drsb                                    0x0800916d   Thumb Code    22  daddsub_clz.o(x$fpl$drsb)
    _dsqrt                                   0x08009185   Thumb Code   404  dsqrt_umaal.o(x$fpl$dsqrt)
    __aeabi_dsub                             0x0800931d   Thumb Code     0  daddsub_clz.o(x$fpl$dsub)
    _dsub                                    0x0800931d   Thumb Code   464  daddsub_clz.o(x$fpl$dsub)
    _fp_init                                 0x080094f1   Thumb Code    10  fpinit.o(x$fpl$fpinit)
    __fplib_config_fpu_vfp                   0x080094f9   Thumb Code     0  fpinit.o(x$fpl$fpinit)
    __fplib_config_pureend_doubles           0x080094f9   Thumb Code     0  fpinit.o(x$fpl$fpinit)
    __I$use$fp                               0x080094fa   Number         0  usenofp.o(x$fpl$usenofp)
    defaultTask_attributes                   0x080094fc   Data          36  freertos.o(.constdata)
    AHBPrescTable                            0x08009528   Data          16  system_stm32f4xx.o(.constdata)
    APBPrescTable                            0x08009538   Data           8  system_stm32f4xx.o(.constdata)
    Region$$Table$$Base                      0x0800954c   Number         0  anon$$obj.o(Region$$Table)
    Region$$Table$$Limit                     0x0800956c   Number         0  anon$$obj.o(Region$$Table)
    receivefactor                            0x20000024   Data           4  main.o(.data)
    factor                                   0x20000028   Data           4  main.o(.data)
    factor1                                  0x2000002c   Data           4  main.o(.data)
    lx                                       0x20000030   Data           2  main.o(.data)
    ly                                       0x20000032   Data           2  main.o(.data)
    rx                                       0x20000034   Data           2  main.o(.data)
    ry                                       0x20000036   Data           2  main.o(.data)
    lp                                       0x20000038   Data           2  main.o(.data)
    rp                                       0x2000003a   Data           2  main.o(.data)
    B1                                       0x2000003c   Data           1  main.o(.data)
    B2                                       0x2000003d   Data           1  main.o(.data)
    Cal_Parity                               0x2000003e   Data           1  main.o(.data)
    USART_FLAG                               0x2000003f   Data           1  main.o(.data)
    Controller_Deadband                      0x20000040   Data           8  freertos.o(.data)
    Vx                                       0x20000048   Data           8  freertos.o(.data)
    Vy                                       0x20000050   Data           8  freertos.o(.data)
    omega                                    0x20000058   Data           8  freertos.o(.data)
    temp_Vx                                  0x20000060   Data           8  freertos.o(.data)
    temp_Vy                                  0x20000068   Data           8  freertos.o(.data)
    temp_omega                               0x20000070   Data           8  freertos.o(.data)
    defaultTaskHandle                        0x20000078   Data           4  freertos.o(.data)
    uwTick                                   0x20000080   Data           4  stm32f4xx_hal.o(.data)
    uwTickPrio                               0x20000084   Data           4  stm32f4xx_hal.o(.data)
    uwTickFreq                               0x20000088   Data           1  stm32f4xx_hal.o(.data)
    SystemCoreClock                          0x2000008c   Data           4  system_stm32f4xx.o(.data)
    mult                                     0x20000090   Data           8  motorctrl.o(.data)
    Deadband                                 0x20000098   Data           8  motorctrl.o(.data)
    rtP                                      0x200000a0   Data         112  pidctl_data.o(.data)
    pxCurrentTCB                             0x20000110   Data           4  tasks.o(.data)
    motor_data                               0x20000290   Data          32  bsp_can.o(.bss)
    motor_data1                              0x200002b0   Data          32  bsp_can.o(.bss)
    theta                                    0x20000330   Data          32  main.o(.bss)
    DataRe                                   0x20000350   Data          18  main.o(.bss)
    hcan1                                    0x20000364   Data          40  can.o(.bss)
    hcan2                                    0x2000038c   Data          40  can.o(.bss)
    hiwdg                                    0x200003b4   Data          12  iwdg.o(.bss)
    htim10                                   0x200003c0   Data          72  tim.o(.bss)
    huart2                                   0x20000408   Data          68  usart.o(.bss)
    huart3                                   0x2000044c   Data          68  usart.o(.bss)
    hdma_usart3_rx                           0x20000490   Data          96  usart.o(.bss)
    hdma_usart3_tx                           0x200004f0   Data          96  usart.o(.bss)
    htim7                                    0x20000550   Data          72  stm32f4xx_hal_timebase_tim.o(.bss)
    output                                   0x20000598   Data         128  motorctrl.o(.bss)
    rtDW                                     0x20000618   Data        1024  pidctl.o(.bss)
    rtU                                      0x20000a18   Data         768  pidctl.o(.bss)
    rtY                                      0x20000d18   Data         384  pidctl.o(.bss)
    xQueueRegistry                           0x20000e98   Data          64  queue.o(.bss)
    __libspace_start                         0x2000576c   Data          96  libspace.o(.bss)
    __temporary_stack_top$libspace           0x200057cc   Data           0  libspace.o(.bss)



==============================================================================

Memory Map of the image

  Image Entry point : 0x08000189

  Load Region LR_IROM1 (Base: 0x08000000, Size: 0x000096fc, Max: 0x00100000, ABSOLUTE, COMPRESSED[0x00009588])

    Execution Region ER_IROM1 (Exec base: 0x08000000, Load base: 0x08000000, Size: 0x0000956c, Max: 0x00100000, ABSOLUTE)

    Exec Addr    Load Addr    Size         Type   Attr      Idx    E Section Name        Object

    0x08000000   0x08000000   0x00000188   Data   RO            3    RESET               startup_stm32f407xx.o
    0x08000188   0x08000188   0x00000008   Code   RO         5689  * !!!main             c_w.l(__main.o)
    0x08000190   0x08000190   0x00000034   Code   RO         5926    !!!scatter          c_w.l(__scatter.o)
    0x080001c4   0x080001c4   0x0000005a   Code   RO         5924    !!dczerorl2         c_w.l(__dczerorl2.o)
    0x0800021e   0x0800021e   0x00000002   PAD
    0x08000220   0x08000220   0x0000001c   Code   RO         5928    !!handler_zi        c_w.l(__scatter_zi.o)
    0x0800023c   0x0800023c   0x00000002   Code   RO         5795    .ARM.Collect$$libinit$$00000000  c_w.l(libinit.o)
    0x0800023e   0x0800023e   0x00000004   Code   RO         5804    .ARM.Collect$$libinit$$00000001  c_w.l(libinit2.o)
    0x08000242   0x08000242   0x00000000   Code   RO         5807    .ARM.Collect$$libinit$$00000004  c_w.l(libinit2.o)
    0x08000242   0x08000242   0x00000000   Code   RO         5810    .ARM.Collect$$libinit$$0000000A  c_w.l(libinit2.o)
    0x08000242   0x08000242   0x00000000   Code   RO         5812    .ARM.Collect$$libinit$$0000000C  c_w.l(libinit2.o)
    0x08000242   0x08000242   0x00000000   Code   RO         5814    .ARM.Collect$$libinit$$0000000E  c_w.l(libinit2.o)
    0x08000242   0x08000242   0x00000000   Code   RO         5817    .ARM.Collect$$libinit$$00000011  c_w.l(libinit2.o)
    0x08000242   0x08000242   0x00000000   Code   RO         5819    .ARM.Collect$$libinit$$00000013  c_w.l(libinit2.o)
    0x08000242   0x08000242   0x00000000   Code   RO         5821    .ARM.Collect$$libinit$$00000015  c_w.l(libinit2.o)
    0x08000242   0x08000242   0x00000000   Code   RO         5823    .ARM.Collect$$libinit$$00000017  c_w.l(libinit2.o)
    0x08000242   0x08000242   0x00000000   Code   RO         5825    .ARM.Collect$$libinit$$00000019  c_w.l(libinit2.o)
    0x08000242   0x08000242   0x00000000   Code   RO         5827    .ARM.Collect$$libinit$$0000001B  c_w.l(libinit2.o)
    0x08000242   0x08000242   0x00000000   Code   RO         5829    .ARM.Collect$$libinit$$0000001D  c_w.l(libinit2.o)
    0x08000242   0x08000242   0x00000000   Code   RO         5831    .ARM.Collect$$libinit$$0000001F  c_w.l(libinit2.o)
    0x08000242   0x08000242   0x00000000   Code   RO         5833    .ARM.Collect$$libinit$$00000021  c_w.l(libinit2.o)
    0x08000242   0x08000242   0x00000000   Code   RO         5835    .ARM.Collect$$libinit$$00000023  c_w.l(libinit2.o)
    0x08000242   0x08000242   0x00000000   Code   RO         5837    .ARM.Collect$$libinit$$00000025  c_w.l(libinit2.o)
    0x08000242   0x08000242   0x00000000   Code   RO         5841    .ARM.Collect$$libinit$$0000002C  c_w.l(libinit2.o)
    0x08000242   0x08000242   0x00000000   Code   RO         5843    .ARM.Collect$$libinit$$0000002E  c_w.l(libinit2.o)
    0x08000242   0x08000242   0x00000000   Code   RO         5845    .ARM.Collect$$libinit$$00000030  c_w.l(libinit2.o)
    0x08000242   0x08000242   0x00000000   Code   RO         5847    .ARM.Collect$$libinit$$00000032  c_w.l(libinit2.o)
    0x08000242   0x08000242   0x00000002   Code   RO         5848    .ARM.Collect$$libinit$$00000033  c_w.l(libinit2.o)
    0x08000244   0x08000244   0x00000002   Code   RO         5879    .ARM.Collect$$libshutdown$$00000000  c_w.l(libshutdown.o)
    0x08000246   0x08000246   0x00000000   Code   RO         5905    .ARM.Collect$$libshutdown$$00000002  c_w.l(libshutdown2.o)
    0x08000246   0x08000246   0x00000000   Code   RO         5907    .ARM.Collect$$libshutdown$$00000004  c_w.l(libshutdown2.o)
    0x08000246   0x08000246   0x00000000   Code   RO         5909    .ARM.Collect$$libshutdown$$00000006  c_w.l(libshutdown2.o)
    0x08000246   0x08000246   0x00000000   Code   RO         5912    .ARM.Collect$$libshutdown$$00000009  c_w.l(libshutdown2.o)
    0x08000246   0x08000246   0x00000000   Code   RO         5915    .ARM.Collect$$libshutdown$$0000000C  c_w.l(libshutdown2.o)
    0x08000246   0x08000246   0x00000000   Code   RO         5917    .ARM.Collect$$libshutdown$$0000000E  c_w.l(libshutdown2.o)
    0x08000246   0x08000246   0x00000000   Code   RO         5920    .ARM.Collect$$libshutdown$$00000011  c_w.l(libshutdown2.o)
    0x08000246   0x08000246   0x00000002   Code   RO         5921    .ARM.Collect$$libshutdown$$00000012  c_w.l(libshutdown2.o)
    0x08000248   0x08000248   0x00000000   Code   RO         5737    .ARM.Collect$$rtentry$$00000000  c_w.l(__rtentry.o)
    0x08000248   0x08000248   0x00000000   Code   RO         5758    .ARM.Collect$$rtentry$$00000002  c_w.l(__rtentry2.o)
    0x08000248   0x08000248   0x00000006   Code   RO         5770    .ARM.Collect$$rtentry$$00000004  c_w.l(__rtentry4.o)
    0x0800024e   0x0800024e   0x00000000   Code   RO         5760    .ARM.Collect$$rtentry$$00000009  c_w.l(__rtentry2.o)
    0x0800024e   0x0800024e   0x00000004   Code   RO         5761    .ARM.Collect$$rtentry$$0000000A  c_w.l(__rtentry2.o)
    0x08000252   0x08000252   0x00000000   Code   RO         5763    .ARM.Collect$$rtentry$$0000000C  c_w.l(__rtentry2.o)
    0x08000252   0x08000252   0x00000008   Code   RO         5764    .ARM.Collect$$rtentry$$0000000D  c_w.l(__rtentry2.o)
    0x0800025a   0x0800025a   0x00000002   Code   RO         5796    .ARM.Collect$$rtexit$$00000000  c_w.l(rtexit.o)
    0x0800025c   0x0800025c   0x00000000   Code   RO         5852    .ARM.Collect$$rtexit$$00000002  c_w.l(rtexit2.o)
    0x0800025c   0x0800025c   0x00000004   Code   RO         5853    .ARM.Collect$$rtexit$$00000003  c_w.l(rtexit2.o)
    0x08000260   0x08000260   0x00000006   Code   RO         5854    .ARM.Collect$$rtexit$$00000004  c_w.l(rtexit2.o)
    0x08000266   0x08000266   0x00000002   PAD
    0x08000268   0x08000268   0x000000be   Code   RO         5598    .emb_text           port.o
    0x08000326   0x08000326   0x00000002   PAD
    0x08000328   0x08000328   0x00000040   Code   RO            4    .text               startup_stm32f407xx.o
    0x08000368   0x08000368   0x000000ee   Code   RO         5677    .text               c_w.l(lludivv7m.o)
    0x08000456   0x08000456   0x0000008a   Code   RO         5679    .text               c_w.l(rt_memcpy_v6.o)
    0x080004e0   0x080004e0   0x00000010   Code   RO         5683    .text               c_w.l(aeabi_memset.o)
    0x080004f0   0x080004f0   0x0000004e   Code   RO         5685    .text               c_w.l(rt_memclr_w.o)
    0x0800053e   0x0800053e   0x00000006   Code   RO         5687    .text               c_w.l(heapauxi.o)
    0x08000544   0x08000544   0x00000016   Code   RO         5742    .text               c_w.l(_rserrno.o)
    0x0800055a   0x0800055a   0x00000064   Code   RO         5744    .text               c_w.l(rt_memcpy_w.o)
    0x080005be   0x080005be   0x00000044   Code   RO         5746    .text               c_w.l(rt_memclr.o)
    0x08000602   0x08000602   0x00000002   PAD
    0x08000604   0x08000604   0x00000008   Code   RO         5777    .text               c_w.l(rt_errno_addr_intlibspace.o)
    0x0800060c   0x0800060c   0x00000008   Code   RO         5779    .text               c_w.l(libspace.o)
    0x08000614   0x08000614   0x0000004a   Code   RO         5782    .text               c_w.l(sys_stackheap_outer.o)
    0x0800065e   0x0800065e   0x00000012   Code   RO         5784    .text               c_w.l(exit.o)
    0x08000670   0x08000670   0x0000000c   Code   RO         5849    .text               c_w.l(sys_exit.o)
    0x0800067c   0x0800067c   0x00000002   Code   RO         5868    .text               c_w.l(use_no_semi.o)
    0x0800067e   0x0800067e   0x00000000   Code   RO         5870    .text               c_w.l(indicate_semi.o)
    0x0800067e   0x0800067e   0x00000002   PAD
    0x08000680   0x08000680   0x00000014   Code   RO         3643    i.Apid2006          motorctrl.o
    0x08000694   0x08000694   0x00000004   Code   RO          610    i.BusFault_Handler  stm32f4xx_it.o
    0x08000698   0x08000698   0x00000314   Code   RO         3815    i.CAL_MESSAGE       calculate.o
    0x080009ac   0x080009ac   0x00000010   Code   RO          611    i.CAN1_RX0_IRQHandler  stm32f4xx_it.o
    0x080009bc   0x080009bc   0x00000010   Code   RO          612    i.CAN1_TX_IRQHandler  stm32f4xx_it.o
    0x080009cc   0x080009cc   0x000000ac   Code   RO           13    i.CAN1_cmd_chassis  bsp_can.o
    0x08000a78   0x08000a78   0x00000010   Code   RO          613    i.CAN2_RX0_IRQHandler  stm32f4xx_it.o
    0x08000a88   0x08000a88   0x00000010   Code   RO          614    i.CAN2_TX_IRQHandler  stm32f4xx_it.o
    0x08000a98   0x08000a98   0x000000ac   Code   RO           14    i.CAN2_cmd_chassis  bsp_can.o
    0x08000b44   0x08000b44   0x00000018   Code   RO         3816    i.CalculateParity   calculate.o
    0x08000b5c   0x08000b5c   0x0000013c   Code   RO         3722    i.Chart1            pidctl.o
    0x08000c98   0x08000c98   0x00000014   Code   RO         3723    i.Chart1_Init       pidctl.o
    0x08000cac   0x08000cac   0x00000090   Code   RO         3724    i.Chart2            pidctl.o
    0x08000d3c   0x08000d3c   0x00000014   Code   RO         3725    i.Chart2_Init       pidctl.o
    0x08000d50   0x08000d50   0x00000010   Code   RO          615    i.DMA1_Stream1_IRQHandler  stm32f4xx_it.o
    0x08000d60   0x08000d60   0x00000010   Code   RO          616    i.DMA1_Stream3_IRQHandler  stm32f4xx_it.o
    0x08000d70   0x08000d70   0x00000034   Code   RO         1547    i.DMA_CalcBaseAndBitshift  stm32f4xx_hal_dma.o
    0x08000da4   0x08000da4   0x000000aa   Code   RO         1548    i.DMA_CheckFifoParam  stm32f4xx_hal_dma.o
    0x08000e4e   0x08000e4e   0x0000002c   Code   RO         1549    i.DMA_SetConfig     stm32f4xx_hal_dma.o
    0x08000e7a   0x08000e7a   0x00000002   Code   RO          617    i.DebugMon_Handler  stm32f4xx_it.o
    0x08000e7c   0x08000e7c   0x0000000c   Code   RO          618    i.EXTI15_10_IRQHandler  stm32f4xx_it.o
    0x08000e88   0x08000e88   0x0000000a   Code   RO          619    i.EXTI4_IRQHandler  stm32f4xx_it.o
    0x08000e92   0x08000e92   0x00000012   Code   RO          620    i.EXTI9_5_IRQHandler  stm32f4xx_it.o
    0x08000ea4   0x08000ea4   0x00000006   Code   RO          196    i.Error_Handler     main.o
    0x08000eaa   0x08000eaa   0x0000002a   Code   RO          810    i.HAL_CAN_ActivateNotification  stm32f4xx_hal_can.o
    0x08000ed4   0x08000ed4   0x00000156   Code   RO          811    i.HAL_CAN_AddTxMessage  stm32f4xx_hal_can.o
    0x0800102a   0x0800102a   0x00000002   PAD
    0x0800102c   0x0800102c   0x00000124   Code   RO          812    i.HAL_CAN_ConfigFilter  stm32f4xx_hal_can.o
    0x08001150   0x08001150   0x00000002   Code   RO          815    i.HAL_CAN_ErrorCallback  stm32f4xx_hal_can.o
    0x08001152   0x08001152   0x0000017a   Code   RO          818    i.HAL_CAN_GetRxMessage  stm32f4xx_hal_can.o
    0x080012cc   0x080012cc   0x0000024e   Code   RO          822    i.HAL_CAN_IRQHandler  stm32f4xx_hal_can.o
    0x0800151a   0x0800151a   0x00000174   Code   RO          823    i.HAL_CAN_Init      stm32f4xx_hal_can.o
    0x0800168e   0x0800168e   0x00000002   PAD
    0x08001690   0x08001690   0x00000180   Code   RO          418    i.HAL_CAN_MspInit   can.o
    0x08001810   0x08001810   0x00000002   Code   RO          830    i.HAL_CAN_RxFifo0FullCallback  stm32f4xx_hal_can.o
    0x08001812   0x08001812   0x00000002   PAD
    0x08001814   0x08001814   0x000001c4   Code   RO           15    i.HAL_CAN_RxFifo0MsgPendingCallback  bsp_can.o
    0x080019d8   0x080019d8   0x00000002   Code   RO          832    i.HAL_CAN_RxFifo1FullCallback  stm32f4xx_hal_can.o
    0x080019da   0x080019da   0x00000002   Code   RO          833    i.HAL_CAN_RxFifo1MsgPendingCallback  stm32f4xx_hal_can.o
    0x080019dc   0x080019dc   0x00000002   Code   RO          834    i.HAL_CAN_SleepCallback  stm32f4xx_hal_can.o
    0x080019de   0x080019de   0x0000005e   Code   RO          835    i.HAL_CAN_Start     stm32f4xx_hal_can.o
    0x08001a3c   0x08001a3c   0x00000002   Code   RO          837    i.HAL_CAN_TxMailbox0AbortCallback  stm32f4xx_hal_can.o
    0x08001a3e   0x08001a3e   0x00000002   Code   RO          838    i.HAL_CAN_TxMailbox0CompleteCallback  stm32f4xx_hal_can.o
    0x08001a40   0x08001a40   0x00000002   Code   RO          839    i.HAL_CAN_TxMailbox1AbortCallback  stm32f4xx_hal_can.o
    0x08001a42   0x08001a42   0x00000002   Code   RO          840    i.HAL_CAN_TxMailbox1CompleteCallback  stm32f4xx_hal_can.o
    0x08001a44   0x08001a44   0x00000002   Code   RO          841    i.HAL_CAN_TxMailbox2AbortCallback  stm32f4xx_hal_can.o
    0x08001a46   0x08001a46   0x00000002   Code   RO          842    i.HAL_CAN_TxMailbox2CompleteCallback  stm32f4xx_hal_can.o
    0x08001a48   0x08001a48   0x00000002   Code   RO          844    i.HAL_CAN_WakeUpFromRxMsgCallback  stm32f4xx_hal_can.o
    0x08001a4a   0x08001a4a   0x000000ac   Code   RO         1550    i.HAL_DMA_Abort     stm32f4xx_hal_dma.o
    0x08001af6   0x08001af6   0x00000028   Code   RO         1551    i.HAL_DMA_Abort_IT  stm32f4xx_hal_dma.o
    0x08001b1e   0x08001b1e   0x00000002   PAD
    0x08001b20   0x08001b20   0x00000240   Code   RO         1555    i.HAL_DMA_IRQHandler  stm32f4xx_hal_dma.o
    0x08001d60   0x08001d60   0x000000ec   Code   RO         1556    i.HAL_DMA_Init      stm32f4xx_hal_dma.o
    0x08001e4c   0x08001e4c   0x00000092   Code   RO         1560    i.HAL_DMA_Start_IT  stm32f4xx_hal_dma.o
    0x08001ede   0x08001ede   0x00000002   Code   RO          339    i.HAL_GPIO_EXTI_Callback  gpio.o
    0x08001ee0   0x08001ee0   0x0000001c   Code   RO         1442    i.HAL_GPIO_EXTI_IRQHandler  stm32f4xx_hal_gpio.o
    0x08001efc   0x08001efc   0x000001f4   Code   RO         1443    i.HAL_GPIO_Init     stm32f4xx_hal_gpio.o
    0x080020f0   0x080020f0   0x0000000c   Code   RO         1980    i.HAL_GetTick       stm32f4xx_hal.o
    0x080020fc   0x080020fc   0x0000005e   Code   RO         2225    i.HAL_IWDG_Init     stm32f4xx_hal_iwdg.o
    0x0800215a   0x0800215a   0x0000000e   Code   RO         2226    i.HAL_IWDG_Refresh  stm32f4xx_hal_iwdg.o
    0x08002168   0x08002168   0x00000018   Code   RO         1986    i.HAL_IncTick       stm32f4xx_hal.o
    0x08002180   0x08002180   0x0000003c   Code   RO         1987    i.HAL_Init          stm32f4xx_hal.o
    0x080021bc   0x080021bc   0x000000b4   Code   RO          770    i.HAL_InitTick      stm32f4xx_hal_timebase_tim.o
    0x08002270   0x08002270   0x00000054   Code   RO          746    i.HAL_MspInit       stm32f4xx_hal_msp.o
    0x080022c4   0x080022c4   0x00000020   Code   RO         1832    i.HAL_NVIC_EnableIRQ  stm32f4xx_hal_cortex.o
    0x080022e4   0x080022e4   0x0000007c   Code   RO         1838    i.HAL_NVIC_SetPriority  stm32f4xx_hal_cortex.o
    0x08002360   0x08002360   0x00000028   Code   RO         1839    i.HAL_NVIC_SetPriorityGrouping  stm32f4xx_hal_cortex.o
    0x08002388   0x08002388   0x00000184   Code   RO         1044    i.HAL_RCC_ClockConfig  stm32f4xx_hal_rcc.o
    0x0800250c   0x0800250c   0x00000044   Code   RO         1048    i.HAL_RCC_GetClockConfig  stm32f4xx_hal_rcc.o
    0x08002550   0x08002550   0x0000000c   Code   RO         1049    i.HAL_RCC_GetHCLKFreq  stm32f4xx_hal_rcc.o
    0x0800255c   0x0800255c   0x00000020   Code   RO         1051    i.HAL_RCC_GetPCLK1Freq  stm32f4xx_hal_rcc.o
    0x0800257c   0x0800257c   0x00000020   Code   RO         1052    i.HAL_RCC_GetPCLK2Freq  stm32f4xx_hal_rcc.o
    0x0800259c   0x0800259c   0x000000b0   Code   RO         1053    i.HAL_RCC_GetSysClockFreq  stm32f4xx_hal_rcc.o
    0x0800264c   0x0800264c   0x0000049c   Code   RO         1056    i.HAL_RCC_OscConfig  stm32f4xx_hal_rcc.o
    0x08002ae8   0x08002ae8   0x00000002   Code   RO         2972    i.HAL_TIMEx_BreakCallback  stm32f4xx_hal_tim_ex.o
    0x08002aea   0x08002aea   0x00000002   Code   RO         2973    i.HAL_TIMEx_CommutCallback  stm32f4xx_hal_tim_ex.o
    0x08002aec   0x08002aec   0x00000066   Code   RO         2257    i.HAL_TIM_Base_Init  stm32f4xx_hal_tim.o
    0x08002b52   0x08002b52   0x00000002   PAD
    0x08002b54   0x08002b54   0x00000048   Code   RO          521    i.HAL_TIM_Base_MspInit  tim.o
    0x08002b9c   0x08002b9c   0x000000a8   Code   RO         2262    i.HAL_TIM_Base_Start_IT  stm32f4xx_hal_tim.o
    0x08002c44   0x08002c44   0x00000002   Code   RO         2291    i.HAL_TIM_IC_CaptureCallback  stm32f4xx_hal_tim.o
    0x08002c46   0x08002c46   0x00000196   Code   RO         2305    i.HAL_TIM_IRQHandler  stm32f4xx_hal_tim.o
    0x08002ddc   0x08002ddc   0x00000002   Code   RO         2308    i.HAL_TIM_OC_DelayElapsedCallback  stm32f4xx_hal_tim.o
    0x08002dde   0x08002dde   0x00000002   Code   RO         2335    i.HAL_TIM_PWM_PulseFinishedCallback  stm32f4xx_hal_tim.o
    0x08002de0   0x08002de0   0x00000024   Code   RO          197    i.HAL_TIM_PeriodElapsedCallback  main.o
    0x08002e04   0x08002e04   0x00000002   Code   RO         2348    i.HAL_TIM_TriggerCallback  stm32f4xx_hal_tim.o
    0x08002e06   0x08002e06   0x00000002   Code   RO         3250    i.HAL_UARTEx_RxEventCallback  stm32f4xx_hal_uart.o
    0x08002e08   0x08002e08   0x00000030   Code   RO          198    i.HAL_UART_ErrorCallback  main.o
    0x08002e38   0x08002e38   0x000002e0   Code   RO         3267    i.HAL_UART_IRQHandler  stm32f4xx_hal_uart.o
    0x08003118   0x08003118   0x00000072   Code   RO         3268    i.HAL_UART_Init     stm32f4xx_hal_uart.o
    0x0800318a   0x0800318a   0x00000002   PAD
    0x0800318c   0x0800318c   0x000001a0   Code   RO          563    i.HAL_UART_MspInit  usart.o
    0x0800332c   0x0800332c   0x00000042   Code   RO         3272    i.HAL_UART_Receive_DMA  stm32f4xx_hal_uart.o
    0x0800336e   0x0800336e   0x00000002   PAD
    0x08003370   0x08003370   0x0000007c   Code   RO          199    i.HAL_UART_RxCpltCallback  main.o
    0x080033ec   0x080033ec   0x00000002   Code   RO         3275    i.HAL_UART_RxHalfCpltCallback  stm32f4xx_hal_uart.o
    0x080033ee   0x080033ee   0x00000002   Code   RO         3279    i.HAL_UART_TxCpltCallback  stm32f4xx_hal_uart.o
    0x080033f0   0x080033f0   0x00000004   Code   RO          621    i.HardFault_Handler  stm32f4xx_it.o
    0x080033f4   0x080033f4   0x0000018c   Code   RO         3726    i.IfAction_speedSubsystem  pidctl.o
    0x08003580   0x08003580   0x00000488   Code   RO         3727    i.IfAction_speedSubsystem1  pidctl.o
    0x08003a08   0x08003a08   0x00000014   Code   RO         3728    i.IfAction_speedSubsystem1_Init  pidctl.o
    0x08003a1c   0x08003a1c   0x00000488   Code   RO         3729    i.IfAction_speedSubsystem1_c  pidctl.o
    0x08003ea4   0x08003ea4   0x00000014   Code   RO         3730    i.IfAction_speedSubsystem1_m_Init  pidctl.o
    0x08003eb8   0x08003eb8   0x0000018c   Code   RO         3731    i.IfAction_speedSubsystem_l  pidctl.o
    0x08004044   0x08004044   0x00000044   Code   RO          419    i.MX_CAN1_Init      can.o
    0x08004088   0x08004088   0x00000044   Code   RO          420    i.MX_CAN2_Init      can.o
    0x080040cc   0x080040cc   0x00000048   Code   RO          466    i.MX_DMA_Init       dma.o
    0x08004114   0x08004114   0x00000020   Code   RO          373    i.MX_FREERTOS_Init  freertos.o
    0x08004134   0x08004134   0x00000114   Code   RO          340    i.MX_GPIO_Init      gpio.o
    0x08004248   0x08004248   0x00000028   Code   RO          490    i.MX_IWDG_Init      iwdg.o
    0x08004270   0x08004270   0x00000034   Code   RO          522    i.MX_TIM10_Init     tim.o
    0x080042a4   0x080042a4   0x00000038   Code   RO          564    i.MX_USART2_UART_Init  usart.o
    0x080042dc   0x080042dc   0x00000038   Code   RO          565    i.MX_USART3_UART_Init  usart.o
    0x08004314   0x08004314   0x00000004   Code   RO          622    i.MemManage_Handler  stm32f4xx_it.o
    0x08004318   0x08004318   0x00000004   Code   RO          623    i.NMI_Handler       stm32f4xx_it.o
    0x0800431c   0x0800431c   0x000002d4   Code   RO          374    i.StartDefaultTask  freertos.o
    0x080045f0   0x080045f0   0x00000016   Code   RO         5013    i.SysTick_Handler   cmsis_os2.o
    0x08004606   0x08004606   0x00000002   PAD
    0x08004608   0x08004608   0x000000b8   Code   RO          200    i.SystemClock_Config  main.o
    0x080046c0   0x080046c0   0x00000014   Code   RO         3607    i.SystemInit        system_stm32f4xx.o
    0x080046d4   0x080046d4   0x00000010   Code   RO          624    i.TIM1_UP_TIM10_IRQHandler  stm32f4xx_it.o
    0x080046e4   0x080046e4   0x00000010   Code   RO          625    i.TIM7_IRQHandler   stm32f4xx_it.o
    0x080046f4   0x080046f4   0x000000d8   Code   RO         2350    i.TIM_Base_SetConfig  stm32f4xx_hal_tim.o
    0x080047cc   0x080047cc   0x00000014   Code   RO         3281    i.UART_DMAAbortOnError  stm32f4xx_hal_uart.o
    0x080047e0   0x080047e0   0x00000050   Code   RO         3282    i.UART_DMAError     stm32f4xx_hal_uart.o
    0x08004830   0x08004830   0x000000b0   Code   RO         3283    i.UART_DMAReceiveCplt  stm32f4xx_hal_uart.o
    0x080048e0   0x080048e0   0x00000020   Code   RO         3285    i.UART_DMARxHalfCplt  stm32f4xx_hal_uart.o
    0x08004900   0x08004900   0x0000006c   Code   RO         3291    i.UART_EndRxTransfer  stm32f4xx_hal_uart.o
    0x0800496c   0x0800496c   0x00000020   Code   RO         3292    i.UART_EndTransmit_IT  stm32f4xx_hal_uart.o
    0x0800498c   0x0800498c   0x00000026   Code   RO         3293    i.UART_EndTxTransfer  stm32f4xx_hal_uart.o
    0x080049b2   0x080049b2   0x000000f8   Code   RO         3294    i.UART_Receive_IT   stm32f4xx_hal_uart.o
    0x08004aaa   0x08004aaa   0x00000002   PAD
    0x08004aac   0x08004aac   0x0000022c   Code   RO         3295    i.UART_SetConfig    stm32f4xx_hal_uart.o
    0x08004cd8   0x08004cd8   0x000000d0   Code   RO         3296    i.UART_Start_Receive_DMA  stm32f4xx_hal_uart.o
    0x08004da8   0x08004da8   0x00000060   Code   RO         3298    i.UART_Transmit_IT  stm32f4xx_hal_uart.o
    0x08004e08   0x08004e08   0x00000010   Code   RO          626    i.USART2_IRQHandler  stm32f4xx_it.o
    0x08004e18   0x08004e18   0x00000010   Code   RO          627    i.USART3_IRQHandler  stm32f4xx_it.o
    0x08004e28   0x08004e28   0x00000004   Code   RO          628    i.UsageFault_Handler  stm32f4xx_it.o
    0x08004e2c   0x08004e2c   0x00000010   Code   RO         1845    i.__NVIC_GetPriorityGrouping  stm32f4xx_hal_cortex.o
    0x08004e3c   0x08004e3c   0x00000028   Code   RO         1846    i.__NVIC_SetPriority  stm32f4xx_hal_cortex.o
    0x08004e64   0x08004e64   0x00000006   Code   RO         5015    i.__get_IPSR        cmsis_os2.o
    0x08004e6a   0x08004e6a   0x00000014   Code   RO         5719    i.__hardfp_fabs     m_wm.l(fabs.o)
    0x08004e7e   0x08004e7e   0x0000007a   Code   RO         5725    i.__hardfp_sqrt     m_wm.l(sqrt.o)
    0x08004ef8   0x08004ef8   0x00000288   Code   RO         3644    i.assign_output     motorctrl.o
    0x08005180   0x08005180   0x00000058   Code   RO           16    i.can_filter_init   bsp_can.o
    0x080051d8   0x080051d8   0x00000034   Code   RO           17    i.circle_cc         bsp_can.o
    0x0800520c   0x0800520c   0x000005f8   Code   RO         3645    i.ctrlmotor         motorctrl.o
    0x08005804   0x08005804   0x00000010   Code   RO           18    i.get_chassis_motor_measure_point  bsp_can.o
    0x08005814   0x08005814   0x00000010   Code   RO           19    i.get_chassis_motor_measure_point1  bsp_can.o
    0x08005824   0x08005824   0x000004b0   Code   RO         3646    i.get_msgn          motorctrl.o
    0x08005cd4   0x08005cd4   0x000000d8   Code   RO          201    i.main              main.o
    0x08005dac   0x08005dac   0x00000058   Code   RO           20    i.motor_state_update  bsp_can.o
    0x08005e04   0x08005e04   0x00000058   Code   RO           21    i.motor_state_update1  bsp_can.o
    0x08005e5c   0x08005e5c   0x0000001e   Code   RO         5016    i.osDelay           cmsis_os2.o
    0x08005e7a   0x08005e7a   0x00000002   PAD
    0x08005e7c   0x08005e7c   0x0000002c   Code   RO         5030    i.osKernelInitialize  cmsis_os2.o
    0x08005ea8   0x08005ea8   0x00000060   Code   RO         5033    i.osKernelStart     cmsis_os2.o
    0x08005f08   0x08005f08   0x000000b8   Code   RO         5075    i.osThreadNew       cmsis_os2.o
    0x08005fc0   0x08005fc0   0x00000014   Code   RO         3647    i.pid2006           motorctrl.o
    0x08005fd4   0x08005fd4   0x00000014   Code   RO         3648    i.pid3508           motorctrl.o
    0x08005fe8   0x08005fe8   0x0000008c   Code   RO         3732    i.pidctl_initialize  pidctl.o
    0x08006074   0x08006074   0x000009cc   Code   RO         3733    i.pidctl_step       pidctl.o
    0x08006a40   0x08006a40   0x0000007c   Code   RO         4450    i.prvAddCurrentTaskToDelayedList  tasks.o
    0x08006abc   0x08006abc   0x000000b8   Code   RO         4451    i.prvAddNewTaskToReadyList  tasks.o
    0x08006b74   0x08006b74   0x00000074   Code   RO         4826    i.prvCheckForValidListAndQueue  timers.o
    0x08006be8   0x08006be8   0x00000048   Code   RO         4452    i.prvCheckTasksWaitingTermination  tasks.o
    0x08006c30   0x08006c30   0x0000002a   Code   RO         4037    i.prvCopyDataFromQueue  queue.o
    0x08006c5a   0x08006c5a   0x0000007e   Code   RO         4038    i.prvCopyDataToQueue  queue.o
    0x08006cd8   0x08006cd8   0x00000050   Code   RO         4453    i.prvDeleteTCB      tasks.o
    0x08006d28   0x08006d28   0x00000028   Code   RO         4827    i.prvGetNextExpireTime  timers.o
    0x08006d50   0x08006d50   0x0000007c   Code   RO         5543    i.prvHeapInit       heap_4.o
    0x08006dcc   0x08006dcc   0x00000028   Code   RO         4454    i.prvIdleTask       tasks.o
    0x08006df4   0x08006df4   0x0000002a   Code   RO         4041    i.prvInitialiseNewQueue  queue.o
    0x08006e1e   0x08006e1e   0x000000be   Code   RO         4455    i.prvInitialiseNewTask  tasks.o
    0x08006edc   0x08006edc   0x00000068   Code   RO         4456    i.prvInitialiseTaskLists  tasks.o
    0x08006f44   0x08006f44   0x00000068   Code   RO         5544    i.prvInsertBlockIntoFreeList  heap_4.o
    0x08006fac   0x08006fac   0x00000058   Code   RO         4829    i.prvInsertTimerInActiveList  timers.o
    0x08007004   0x08007004   0x0000001a   Code   RO         4042    i.prvIsQueueEmpty   queue.o
    0x0800701e   0x0800701e   0x0000001e   Code   RO         4043    i.prvIsQueueFull    queue.o
    0x0800703c   0x0800703c   0x00000074   Code   RO         4830    i.prvProcessExpiredTimer  timers.o
    0x080070b0   0x080070b0   0x00000164   Code   RO         4831    i.prvProcessReceivedCommands  timers.o
    0x08007214   0x08007214   0x00000074   Code   RO         4832    i.prvProcessTimerOrBlockTask  timers.o
    0x08007288   0x08007288   0x00000034   Code   RO         4458    i.prvResetNextTaskUnblockTime  tasks.o
    0x080072bc   0x080072bc   0x0000002c   Code   RO         4833    i.prvSampleTimeNow  timers.o
    0x080072e8   0x080072e8   0x000000a4   Code   RO         4834    i.prvSwitchTimerLists  timers.o
    0x0800738c   0x0800738c   0x00000040   Code   RO         5599    i.prvTaskExitError  port.o
    0x080073cc   0x080073cc   0x0000001a   Code   RO         4835    i.prvTimerTask      timers.o
    0x080073e6   0x080073e6   0x0000007e   Code   RO         4044    i.prvUnlockQueue    queue.o
    0x08007464   0x08007464   0x0000014c   Code   RO         5545    i.pvPortMalloc      heap_4.o
    0x080075b0   0x080075b0   0x0000002c   Code   RO         5600    i.pxPortInitialiseStack  port.o
    0x080075dc   0x080075dc   0x000000f4   Code   RO         3649    i.set_mode          motorctrl.o
    0x080076d0   0x080076d0   0x00000028   Code   RO         3997    i.uxListRemove      list.o
    0x080076f8   0x080076f8   0x00000018   Code   RO         5087    i.vApplicationGetIdleTaskMemory  cmsis_os2.o
    0x08007710   0x08007710   0x00000018   Code   RO         5088    i.vApplicationGetTimerTaskMemory  cmsis_os2.o
    0x08007728   0x08007728   0x0000001a   Code   RO         3998    i.vListInitialise   list.o
    0x08007742   0x08007742   0x00000006   Code   RO         3999    i.vListInitialiseItem  list.o
    0x08007748   0x08007748   0x00000034   Code   RO         4000    i.vListInsert       list.o
    0x0800777c   0x0800777c   0x00000018   Code   RO         4001    i.vListInsertEnd    list.o
    0x08007794   0x08007794   0x00000054   Code   RO         5602    i.vPortEnterCritical  port.o
    0x080077e8   0x080077e8   0x0000003c   Code   RO         5603    i.vPortExitCritical  port.o
    0x08007824   0x08007824   0x000000a4   Code   RO         5546    i.vPortFree         heap_4.o
    0x080078c8   0x080078c8   0x00000028   Code   RO         5604    i.vPortSetupTimerInterrupt  port.o
    0x080078f0   0x080078f0   0x00000078   Code   RO         5605    i.vPortValidateInterruptPriority  port.o
    0x08007968   0x08007968   0x0000002c   Code   RO         4050    i.vQueueAddToRegistry  queue.o
    0x08007994   0x08007994   0x0000004a   Code   RO         4054    i.vQueueWaitForMessageRestricted  queue.o
    0x080079de   0x080079de   0x00000002   PAD
    0x080079e0   0x080079e0   0x0000005c   Code   RO         4471    i.vTaskDelay        tasks.o
    0x08007a3c   0x08007a3c   0x00000018   Code   RO         4476    i.vTaskInternalSetTimeOutState  tasks.o
    0x08007a54   0x08007a54   0x0000000c   Code   RO         4477    i.vTaskMissedYield  tasks.o
    0x08007a60   0x08007a60   0x00000038   Code   RO         4479    i.vTaskPlaceOnEventList  tasks.o
    0x08007a98   0x08007a98   0x00000040   Code   RO         4480    i.vTaskPlaceOnEventListRestricted  tasks.o
    0x08007ad8   0x08007ad8   0x000000b8   Code   RO         4488    i.vTaskStartScheduler  tasks.o
    0x08007b90   0x08007b90   0x00000010   Code   RO         4490    i.vTaskSuspendAll   tasks.o
    0x08007ba0   0x08007ba0   0x00000090   Code   RO         4491    i.vTaskSwitchContext  tasks.o
    0x08007c30   0x08007c30   0x00000168   Code   RO         5606    i.xPortStartScheduler  port.o
    0x08007d98   0x08007d98   0x00000034   Code   RO         5607    i.xPortSysTickHandler  port.o
    0x08007dcc   0x08007dcc   0x000000e0   Code   RO         4060    i.xQueueGenericCreateStatic  queue.o
    0x08007eac   0x08007eac   0x00000098   Code   RO         4061    i.xQueueGenericReset  queue.o
    0x08007f44   0x08007f44   0x000001a8   Code   RO         4062    i.xQueueGenericSend  queue.o
    0x080080ec   0x080080ec   0x000000fc   Code   RO         4063    i.xQueueGenericSendFromISR  queue.o
    0x080081e8   0x080081e8   0x00000168   Code   RO         4072    i.xQueueReceive     queue.o
    0x08008350   0x08008350   0x0000008c   Code   RO         4493    i.xTaskCheckForTimeOut  tasks.o
    0x080083dc   0x080083dc   0x00000064   Code   RO         4494    i.xTaskCreate       tasks.o
    0x08008440   0x08008440   0x000000ba   Code   RO         4495    i.xTaskCreateStatic  tasks.o
    0x080084fa   0x080084fa   0x00000002   PAD
    0x080084fc   0x080084fc   0x00000020   Code   RO         4499    i.xTaskGetSchedulerState  tasks.o
    0x0800851c   0x0800851c   0x0000000c   Code   RO         4500    i.xTaskGetTickCount  tasks.o
    0x08008528   0x08008528   0x00000144   Code   RO         4502    i.xTaskIncrementTick  tasks.o
    0x0800866c   0x0800866c   0x000000a4   Code   RO         4505    i.xTaskPriorityDisinherit  tasks.o
    0x08008710   0x08008710   0x00000098   Code   RO         4507    i.xTaskRemoveFromEventList  tasks.o
    0x080087a8   0x080087a8   0x00000104   Code   RO         4508    i.xTaskResumeAll    tasks.o
    0x080088ac   0x080088ac   0x00000078   Code   RO         4844    i.xTimerCreateTimerTask  timers.o
    0x08008924   0x08008924   0x00000084   Code   RO         4845    i.xTimerGenericCommand  timers.o
    0x080089a8   0x080089a8   0x00000018   Code   RO         5691    x$fpl$basic         fz_wm.l(basic.o)
    0x080089c0   0x080089c0   0x00000150   Code   RO         5693    x$fpl$dadd          fz_wm.l(daddsub_clz.o)
    0x08008b10   0x08008b10   0x00000018   Code   RO         5748    x$fpl$dcmpinf       fz_wm.l(dcmpi.o)
    0x08008b28   0x08008b28   0x000002b0   Code   RO         5700    x$fpl$ddiv          fz_wm.l(ddiv.o)
    0x08008dd8   0x08008dd8   0x0000005e   Code   RO         5703    x$fpl$dfix          fz_wm.l(dfix.o)
    0x08008e36   0x08008e36   0x0000002e   Code   RO         5708    x$fpl$dflt          fz_wm.l(dflt_clz.o)
    0x08008e64   0x08008e64   0x00000026   Code   RO         5707    x$fpl$dfltu         fz_wm.l(dflt_clz.o)
    0x08008e8a   0x08008e8a   0x00000002   PAD
    0x08008e8c   0x08008e8c   0x00000078   Code   RO         5713    x$fpl$dleqf         fz_wm.l(dleqf.o)
    0x08008f04   0x08008f04   0x00000154   Code   RO         5715    x$fpl$dmul          fz_wm.l(dmul.o)
    0x08009058   0x08009058   0x0000009c   Code   RO         5750    x$fpl$dnaninf       fz_wm.l(dnaninf.o)
    0x080090f4   0x080090f4   0x0000000c   Code   RO         5752    x$fpl$dretinf       fz_wm.l(dretinf.o)
    0x08009100   0x08009100   0x0000006c   Code   RO         5717    x$fpl$drleqf        fz_wm.l(drleqf.o)
    0x0800916c   0x0800916c   0x00000016   Code   RO         5694    x$fpl$drsb          fz_wm.l(daddsub_clz.o)
    0x08009182   0x08009182   0x00000002   PAD
    0x08009184   0x08009184   0x00000198   Code   RO         5754    x$fpl$dsqrt         fz_wm.l(dsqrt_umaal.o)
    0x0800931c   0x0800931c   0x000001d4   Code   RO         5695    x$fpl$dsub          fz_wm.l(daddsub_clz.o)
    0x080094f0   0x080094f0   0x0000000a   Code   RO         5864    x$fpl$fpinit        fz_wm.l(fpinit.o)
    0x080094fa   0x080094fa   0x00000000   Code   RO         5756    x$fpl$usenofp       fz_wm.l(usenofp.o)
    0x080094fa   0x080094fa   0x00000002   PAD
    0x080094fc   0x080094fc   0x00000024   Data   RO          375    .constdata          freertos.o
    0x08009520   0x08009520   0x00000008   Data   RO         1562    .constdata          stm32f4xx_hal_dma.o
    0x08009528   0x08009528   0x00000018   Data   RO         3608    .constdata          system_stm32f4xx.o
    0x08009540   0x08009540   0x0000000c   Data   RO          376    .conststring        freertos.o
    0x0800954c   0x0800954c   0x00000020   Data   RO         5922    Region$$Table       anon$$obj.o


    Execution Region RW_IRAM1 (Exec base: 0x20000000, Load base: 0x0800956c, Size: 0x00005dd0, Max: 0x0001c000, ABSOLUTE, COMPRESSED[0x0000001c])

    Exec Addr    Load Addr    Size         Type   Attr      Idx    E Section Name        Object

    0x20000000   COMPRESSED   0x00000022   Data   RW           23    .data               bsp_can.o
    0x20000022   COMPRESSED   0x00000002   PAD
    0x20000024   COMPRESSED   0x0000001c   Data   RW          203    .data               main.o
    0x20000040   COMPRESSED   0x0000003c   Data   RW          377    .data               freertos.o
    0x2000007c   COMPRESSED   0x00000004   Data   RW          422    .data               can.o
    0x20000080   COMPRESSED   0x00000009   Data   RW         1994    .data               stm32f4xx_hal.o
    0x20000089   COMPRESSED   0x00000003   PAD
    0x2000008c   COMPRESSED   0x00000004   Data   RW         3609    .data               system_stm32f4xx.o
    0x20000090   COMPRESSED   0x00000010   Data   RW         3651    .data               motorctrl.o
    0x200000a0   COMPRESSED   0x00000070   Data   RW         3799    .data               pidctl_data.o
    0x20000110   COMPRESSED   0x0000003c   Data   RW         4511    .data               tasks.o
    0x2000014c   COMPRESSED   0x00000014   Data   RW         4853    .data               timers.o
    0x20000160   COMPRESSED   0x00000004   Data   RW         5090    .data               cmsis_os2.o
    0x20000164   COMPRESSED   0x00000020   Data   RW         5552    .data               heap_4.o
    0x20000184   COMPRESSED   0x0000000c   Data   RW         5608    .data               port.o
    0x20000190        -       0x000001a0   Zero   RW           22    .bss                bsp_can.o
    0x20000330        -       0x00000032   Zero   RW          202    .bss                main.o
    0x20000362   COMPRESSED   0x00000002   PAD
    0x20000364        -       0x00000050   Zero   RW          421    .bss                can.o
    0x200003b4        -       0x0000000c   Zero   RW          491    .bss                iwdg.o
    0x200003c0        -       0x00000048   Zero   RW          523    .bss                tim.o
    0x20000408        -       0x00000148   Zero   RW          566    .bss                usart.o
    0x20000550        -       0x00000048   Zero   RW          773    .bss                stm32f4xx_hal_timebase_tim.o
    0x20000598        -       0x00000080   Zero   RW         3650    .bss                motorctrl.o
    0x20000618        -       0x00000880   Zero   RW         3734    .bss                pidctl.o
    0x20000e98        -       0x00000040   Zero   RW         4076    .bss                queue.o
    0x20000ed8        -       0x000004c4   Zero   RW         4510    .bss                tasks.o
    0x2000139c        -       0x00000118   Zero   RW         4852    .bss                timers.o
    0x200014b4        -       0x000006b8   Zero   RW         5089    .bss                cmsis_os2.o
    0x20001b6c        -       0x00003c00   Zero   RW         5551    .bss                heap_4.o
    0x2000576c        -       0x00000060   Zero   RW         5780    .bss                c_w.l(libspace.o)
    0x200057cc   COMPRESSED   0x00000004   PAD
    0x200057d0        -       0x00000200   Zero   RW            2    HEAP                startup_stm32f407xx.o
    0x200059d0        -       0x00000400   Zero   RW            1    STACK               startup_stm32f407xx.o


    Execution Region RW_IRAM2 (Exec base: 0x2001c000, Load base: 0x08009588, Size: 0x00000000, Max: 0x00004000, ABSOLUTE)

    **** No section assigned to this execution region ****


==============================================================================

Image component sizes


      Code (inc. data)   RO Data    RW Data    ZI Data      Debug   Object Name

      1144        118          0         34        416     710847   bsp_can.o
       812         46          0          0          0       1880   calculate.o
       520         44          0          4         80       2550   can.o
       430         38          0          4       1720      65275   cmsis_os2.o
        72          4          0          0          0        810   dma.o
         0          0          0          0          0      19544   event_groups.o
       756         70         48         60          0       2722   freertos.o
       278         12          0          0          0       1636   gpio.o
       724         74          0         32      15360       4979   heap_4.o
        40          8          0          0         12        727   iwdg.o
       148          0          0          0          0       3678   list.o
       614        114          0         28         50      17509   main.o
      3680        102          0         16        128       6977   motorctrl.o
      6300        330          0          0       2176      16275   pidctl.o
         0          0          0        112          0       6249   pidctl_data.o
      1014         92          0         12          0      11921   port.o
      1922         20          0          0         64      17692   queue.o
        64         26        392          0       1536        864   startup_stm32f407xx.o
        96         20          0          9          0       8190   stm32f4xx_hal.o
      2134          6          0          0          0      14683   stm32f4xx_hal_can.o
       252         22          0          0          0      33786   stm32f4xx_hal_cortex.o
      1436         16          8          0          0       7190   stm32f4xx_hal_dma.o
       528         50          0          0          0       2147   stm32f4xx_hal_gpio.o
       108          0          0          0          0       1931   stm32f4xx_hal_iwdg.o
        84          6          0          0          0        898   stm32f4xx_hal_msp.o
      1888         94          0          0          0       6417   stm32f4xx_hal_rcc.o
       900         76          0          0          0       6059   stm32f4xx_hal_tim.o
         4          0          0          0          0       1621   stm32f4xx_hal_tim_ex.o
       180         20          0          0         72       1523   stm32f4xx_hal_timebase_tim.o
      2516         26          0          0          0      13819   stm32f4xx_hal_uart.o
       222         60          0          0          0       9659   stm32f4xx_it.o
         0          0          0          0          0        392   stream_buffer.o
        20          6         24          4          0       1187   system_stm32f4xx.o
      2808        346          0         60       1220      27934   tasks.o
       124         18          0          0         72       1640   tim.o
      1318        124          0         20        280      33203   timers.o
       528         54          0          0        328       2645   usart.o

    ----------------------------------------------------------------------
     33690       2042        504        400      23516    1067059   Object Totals
         0          0         32          0          0          0   (incl. Generated)
        26          0          0          5          2          0   (incl. Padding)

    ----------------------------------------------------------------------

      Code (inc. data)   RO Data    RW Data    ZI Data      Debug   Library Member Name

        90          0          0          0          0          0   __dczerorl2.o
         8          0          0          0          0         68   __main.o
         0          0          0          0          0          0   __rtentry.o
        12          0          0          0          0          0   __rtentry2.o
         6          0          0          0          0          0   __rtentry4.o
        52          8          0          0          0          0   __scatter.o
        28          0          0          0          0          0   __scatter_zi.o
        22          0          0          0          0        100   _rserrno.o
        16          0          0          0          0         68   aeabi_memset.o
        18          0          0          0          0         80   exit.o
         6          0          0          0          0        152   heapauxi.o
         0          0          0          0          0          0   indicate_semi.o
         2          0          0          0          0          0   libinit.o
         6          0          0          0          0          0   libinit2.o
         2          0          0          0          0          0   libshutdown.o
         2          0          0          0          0          0   libshutdown2.o
         8          4          0          0         96         68   libspace.o
       238          0          0          0          0        100   lludivv7m.o
         8          4          0          0          0         68   rt_errno_addr_intlibspace.o
        68          0          0          0          0         68   rt_memclr.o
        78          0          0          0          0         80   rt_memclr_w.o
       138          0          0          0          0         68   rt_memcpy_v6.o
       100          0          0          0          0         80   rt_memcpy_w.o
         2          0          0          0          0          0   rtexit.o
        10          0          0          0          0          0   rtexit2.o
        12          4          0          0          0         68   sys_exit.o
        74          0          0          0          0         80   sys_stackheap_outer.o
         2          0          0          0          0         68   use_no_semi.o
        24          0          0          0          0        164   basic.o
       826         16          0          0          0        492   daddsub_clz.o
        24          0          0          0          0        116   dcmpi.o
       688        140          0          0          0        256   ddiv.o
        94          4          0          0          0        140   dfix.o
        84          0          0          0          0        232   dflt_clz.o
       120          4          0          0          0        140   dleqf.o
       340         12          0          0          0        152   dmul.o
       156          4          0          0          0        140   dnaninf.o
        12          0          0          0          0        116   dretinf.o
       108          0          0          0          0        128   drleqf.o
       408         56          0          0          0        168   dsqrt_umaal.o
        10          0          0          0          0        116   fpinit.o
         0          0          0          0          0          0   usenofp.o
        20          0          0          0          0        124   fabs.o
       122          0          0          0          0        148   sqrt.o

    ----------------------------------------------------------------------
      4058        256          0          0        100       3848   Library Totals
        14          0          0          0          4          0   (incl. Padding)

    ----------------------------------------------------------------------

      Code (inc. data)   RO Data    RW Data    ZI Data      Debug   Library Name

      1008         20          0          0         96       1216   c_w.l
      2894        236          0          0          0       2360   fz_wm.l
       142          0          0          0          0        272   m_wm.l

    ----------------------------------------------------------------------
      4058        256          0          0        100       3848   Library Totals

    ----------------------------------------------------------------------

==============================================================================


      Code (inc. data)   RO Data    RW Data    ZI Data      Debug   

     37748       2298        504        400      23616    1047335   Grand Totals
     37748       2298        504         28      23616    1047335   ELF Image Totals (compressed)
     37748       2298        504         28          0          0   ROM Totals

==============================================================================

    Total RO  Size (Code + RO Data)                38252 (  37.36kB)
    Total RW  Size (RW Data + ZI Data)             24016 (  23.45kB)
    Total ROM Size (Code + RO Data + RW Data)      38280 (  37.38kB)

==============================================================================

